Archive member included to satisfy reference by file (symbol)

/usr/local/gcc-arm-none-eabi-5_4-2016q3/bin/../lib/gcc/arm-none-eabi/5.4.1/../../../../arm-none-eabi/lib/armv7-m/libc_nano.a(lib_a-errno.o)
                              ./system/src/newlib/_sbrk.o (__errno)
/usr/local/gcc-arm-none-eabi-5_4-2016q3/bin/../lib/gcc/arm-none-eabi/5.4.1/../../../../arm-none-eabi/lib/armv7-m/libc_nano.a(lib_a-impure.o)
                              /usr/local/gcc-arm-none-eabi-5_4-2016q3/bin/../lib/gcc/arm-none-eabi/5.4.1/../../../../arm-none-eabi/lib/armv7-m/libc_nano.a(lib_a-errno.o) (_impure_ptr)
/usr/local/gcc-arm-none-eabi-5_4-2016q3/bin/../lib/gcc/arm-none-eabi/5.4.1/../../../../arm-none-eabi/lib/armv7-m/libc_nano.a(lib_a-nano-vfprintf_float.o)
                              (_printf_float)
/usr/local/gcc-arm-none-eabi-5_4-2016q3/bin/../lib/gcc/arm-none-eabi/5.4.1/../../../../arm-none-eabi/lib/armv7-m/libc_nano.a(lib_a-nano-vfprintf_i.o)
                              /usr/local/gcc-arm-none-eabi-5_4-2016q3/bin/../lib/gcc/arm-none-eabi/5.4.1/../../../../arm-none-eabi/lib/armv7-m/libc_nano.a(lib_a-nano-vfprintf_float.o) (_printf_common)
/usr/local/gcc-arm-none-eabi-5_4-2016q3/bin/../lib/gcc/arm-none-eabi/5.4.1/../../../../arm-none-eabi/lib/armv7-m/libc_nano.a(lib_a-strlen.o)
                              /usr/local/gcc-arm-none-eabi-5_4-2016q3/bin/../lib/gcc/arm-none-eabi/5.4.1/../../../../arm-none-eabi/lib/armv7-m/libc_nano.a(lib_a-nano-vfprintf_float.o) (strlen)
/usr/local/gcc-arm-none-eabi-5_4-2016q3/bin/../lib/gcc/arm-none-eabi/5.4.1/../../../../arm-none-eabi/lib/armv7-m/libc_nano.a(lib_a-dtoa.o)
                              /usr/local/gcc-arm-none-eabi-5_4-2016q3/bin/../lib/gcc/arm-none-eabi/5.4.1/../../../../arm-none-eabi/lib/armv7-m/libc_nano.a(lib_a-nano-vfprintf_float.o) (_dtoa_r)
/usr/local/gcc-arm-none-eabi-5_4-2016q3/bin/../lib/gcc/arm-none-eabi/5.4.1/../../../../arm-none-eabi/lib/armv7-m/libc_nano.a(lib_a-localeconv.o)
                              /usr/local/gcc-arm-none-eabi-5_4-2016q3/bin/../lib/gcc/arm-none-eabi/5.4.1/../../../../arm-none-eabi/lib/armv7-m/libc_nano.a(lib_a-nano-vfprintf_float.o) (_localeconv_r)
/usr/local/gcc-arm-none-eabi-5_4-2016q3/bin/../lib/gcc/arm-none-eabi/5.4.1/../../../../arm-none-eabi/lib/armv7-m/libc_nano.a(lib_a-malloc.o)
                              /usr/local/gcc-arm-none-eabi-5_4-2016q3/bin/../lib/gcc/arm-none-eabi/5.4.1/../../../../arm-none-eabi/lib/armv7-m/libc_nano.a(lib_a-dtoa.o) (malloc)
/usr/local/gcc-arm-none-eabi-5_4-2016q3/bin/../lib/gcc/arm-none-eabi/5.4.1/../../../../arm-none-eabi/lib/armv7-m/libc_nano.a(lib_a-memchr-stub.o)
                              /usr/local/gcc-arm-none-eabi-5_4-2016q3/bin/../lib/gcc/arm-none-eabi/5.4.1/../../../../arm-none-eabi/lib/armv7-m/libc_nano.a(lib_a-nano-vfprintf_i.o) (memchr)
/usr/local/gcc-arm-none-eabi-5_4-2016q3/bin/../lib/gcc/arm-none-eabi/5.4.1/../../../../arm-none-eabi/lib/armv7-m/libc_nano.a(lib_a-memcpy-stub.o)
                              /usr/local/gcc-arm-none-eabi-5_4-2016q3/bin/../lib/gcc/arm-none-eabi/5.4.1/../../../../arm-none-eabi/lib/armv7-m/libc_nano.a(lib_a-dtoa.o) (memcpy)
/usr/local/gcc-arm-none-eabi-5_4-2016q3/bin/../lib/gcc/arm-none-eabi/5.4.1/../../../../arm-none-eabi/lib/armv7-m/libc_nano.a(lib_a-mprec.o)
                              /usr/local/gcc-arm-none-eabi-5_4-2016q3/bin/../lib/gcc/arm-none-eabi/5.4.1/../../../../arm-none-eabi/lib/armv7-m/libc_nano.a(lib_a-dtoa.o) (_Balloc)
/usr/local/gcc-arm-none-eabi-5_4-2016q3/bin/../lib/gcc/arm-none-eabi/5.4.1/../../../../arm-none-eabi/lib/armv7-m/libc_nano.a(lib_a-nano-callocr.o)
                              /usr/local/gcc-arm-none-eabi-5_4-2016q3/bin/../lib/gcc/arm-none-eabi/5.4.1/../../../../arm-none-eabi/lib/armv7-m/libc_nano.a(lib_a-mprec.o) (_calloc_r)
/usr/local/gcc-arm-none-eabi-5_4-2016q3/bin/../lib/gcc/arm-none-eabi/5.4.1/../../../../arm-none-eabi/lib/armv7-m/libc_nano.a(lib_a-nano-freer.o)
                              /usr/local/gcc-arm-none-eabi-5_4-2016q3/bin/../lib/gcc/arm-none-eabi/5.4.1/../../../../arm-none-eabi/lib/armv7-m/libc_nano.a(lib_a-malloc.o) (_free_r)
/usr/local/gcc-arm-none-eabi-5_4-2016q3/bin/../lib/gcc/arm-none-eabi/5.4.1/../../../../arm-none-eabi/lib/armv7-m/libc_nano.a(lib_a-nano-mallocr.o)
                              /usr/local/gcc-arm-none-eabi-5_4-2016q3/bin/../lib/gcc/arm-none-eabi/5.4.1/../../../../arm-none-eabi/lib/armv7-m/libc_nano.a(lib_a-malloc.o) (_malloc_r)
/usr/local/gcc-arm-none-eabi-5_4-2016q3/bin/../lib/gcc/arm-none-eabi/5.4.1/../../../../arm-none-eabi/lib/armv7-m/libc_nano.a(lib_a-sbrkr.o)
                              /usr/local/gcc-arm-none-eabi-5_4-2016q3/bin/../lib/gcc/arm-none-eabi/5.4.1/../../../../arm-none-eabi/lib/armv7-m/libc_nano.a(lib_a-nano-mallocr.o) (_sbrk_r)
/usr/local/gcc-arm-none-eabi-5_4-2016q3/bin/../lib/gcc/arm-none-eabi/5.4.1/../../../../arm-none-eabi/lib/armv7-m/libc_nano.a(lib_a-locale.o)
[...]
Memory Configuration

Name             Origin             Length             Attributes
RAM              0x0000000020000000 0x0000000000005000 xrw
CCMRAM           0x0000000000000000 0x0000000000000000 xrw
FLASH            0x0000000008000000 0x0000000000020000 xr
FLASHB1          0x0000000000000000 0x0000000000000000 xr
EXTMEMB0         0x0000000000000000 0x0000000000000000 xr
EXTMEMB1         0x0000000000000000 0x0000000000000000 xr
EXTMEMB2         0x0000000000000000 0x0000000000000000 xr
EXTMEMB3         0x0000000000000000 0x0000000000000000 xr
MEMORY_ARRAY     0x0000000000000000 0x0000000000000000 xrw
*default*        0x0000000000000000 0xffffffffffffffff

Linker script and memory map

LOAD /usr/local/gcc-arm-none-eabi-5_4-2016q3/bin/../lib/gcc/arm-none-eabi/5.4.1/../../../../arm-none-eabi/lib/armv7-m/librdimon_nano.a
LOAD ./system/src/stm32f1-stdperiph/misc.o
LOAD ./system/src/stm32f1-stdperiph/stm32f10x_gpio.o
LOAD ./system/src/stm32f1-stdperiph/stm32f10x_rcc.o
LOAD ./system/src/newlib/_cxx.o
LOAD ./system/src/newlib/_exit.o
LOAD ./system/src/newlib/_sbrk.o
LOAD ./system/src/newlib/_startup.o
LOAD ./system/src/newlib/_syscalls.o
LOAD ./system/src/newlib/assert.o
LOAD ./system/src/diag/Trace.o
LOAD ./system/src/diag/trace_impl.o
LOAD ./system/src/cortexm/_initialize_hardware.o
LOAD ./system/src/cortexm/_reset_hardware.o
LOAD ./system/src/cortexm/exception_handlers.o
LOAD ./system/src/cmsis/system_stm32f10x.o
LOAD ./system/src/cmsis/vectors_stm32f10x.o
LOAD ./src_lib/delay.o
LOAD ./src/descriptor.o
LOAD ./src/disp.o
LOAD ./src/hw_init.o
LOAD ./src/main.o
LOAD ./src/usb.o
LOAD ./src/usbcore.o
LOAD /usr/local/gcc-arm-none-eabi-5_4-2016q3/bin/../lib/gcc/arm-none-eabi/5.4.1/../../../../arm-none-eabi/lib/armv7-m/libstdc++_nano.a
LOAD /usr/local/gcc-arm-none-eabi-5_4-2016q3/bin/../lib/gcc/arm-none-eabi/5.4.1/../../../../arm-none-eabi/lib/armv7-m/libm.a
LOAD /usr/local/gcc-arm-none-eabi-5_4-2016q3/bin/../lib/gcc/arm-none-eabi/5.4.1/../../../../arm-none-eabi/lib/armv7-m/libc_nano.a
START GROUP
LOAD /usr/local/gcc-arm-none-eabi-5_4-2016q3/bin/../lib/gcc/arm-none-eabi/5.4.1/armv7-m/libgcc.a
LOAD /usr/local/gcc-arm-none-eabi-5_4-2016q3/bin/../lib/gcc/arm-none-eabi/5.4.1/../../../../arm-none-eabi/lib/armv7-m/libg_nano.a
LOAD /usr/local/gcc-arm-none-eabi-5_4-2016q3/bin/../lib/gcc/arm-none-eabi/5.4.1/../../../../arm-none-eabi/lib/armv7-m/libc_nano.a
END GROUP
START GROUP
LOAD /usr/local/gcc-arm-none-eabi-5_4-2016q3/bin/../lib/gcc/arm-none-eabi/5.4.1/armv7-m/libgcc.a
LOAD /usr/local/gcc-arm-none-eabi-5_4-2016q3/bin/../lib/gcc/arm-none-eabi/5.4.1/../../../../arm-none-eabi/lib/armv7-m/libc_nano.a
LOAD /usr/local/gcc-arm-none-eabi-5_4-2016q3/bin/../lib/gcc/arm-none-eabi/5.4.1/../../../../arm-none-eabi/lib/armv7-m/librdimon_nano.a
LOAD /usr/local/gcc-arm-none-eabi-5_4-2016q3/bin/../lib/gcc/arm-none-eabi/5.4.1/../../../../arm-none-eabi/lib/armv7-m/libnosys.a
END GROUP
START GROUP
LOAD /usr/local/gcc-arm-none-eabi-5_4-2016q3/bin/../lib/gcc/arm-none-eabi/5.4.1/armv7-m/libgcc.a
LOAD /usr/local/gcc-arm-none-eabi-5_4-2016q3/bin/../lib/gcc/arm-none-eabi/5.4.1/../../../../arm-none-eabi/lib/armv7-m/libc_nano.a
LOAD /usr/local/gcc-arm-none-eabi-5_4-2016q3/bin/../lib/gcc/arm-none-eabi/5.4.1/../../../../arm-none-eabi/lib/armv7-m/libnosys.a
END GROUP
START GROUP
LOAD /usr/local/gcc-arm-none-eabi-5_4-2016q3/bin/../lib/gcc/arm-none-eabi/5.4.1/armv7-m/libgcc.a
LOAD /usr/local/gcc-arm-none-eabi-5_4-2016q3/bin/../lib/gcc/arm-none-eabi/5.4.1/../../../../arm-none-eabi/lib/armv7-m/libc_nano.a
LOAD /usr/local/gcc-arm-none-eabi-5_4-2016q3/bin/../lib/gcc/arm-none-eabi/5.4.1/../../../../arm-none-eabi/lib/armv7-m/librdimon_nano.a
END GROUP
                0x0000000020005000                __stack = (ORIGIN (RAM) + LENGTH (RAM))
                0x0000000020005000                _estack = __stack
                0x0000000000000400                __Main_Stack_Size = 0x400
                [!provide]                        PROVIDE (_Main_Stack_Size, __Main_Stack_Size)
                0x0000000020004c00                __Main_Stack_Limit = (__stack - __Main_Stack_Size)
                [!provide]                        PROVIDE (_Main_Stack_Limit, __Main_Stack_Limit)
                0x0000000000000100                _Minimum_Stack_Size = 0x100
                0x0000000020000324                PROVIDE (_Heap_Begin, _end_noinit)
                0x0000000020004c00                PROVIDE (_Heap_Limit, (__stack - __Main_Stack_Size))

.isr_vector     0x0000000008000000      0x298
 FILL mask 0xff
                0x0000000008000000                __vectors_start = ABSOLUTE (.)
                0x0000000008000000                __vectors_start__ = ABSOLUTE (.)
 *(.isr_vector)
 .isr_vector    0x0000000008000000      0x10c ./system/src/cmsis/vectors_stm32f10x.o
                0x0000000008000000                __isr_vectors
 *(.cfmconfig)
 *(.after_vectors .after_vectors.*)
 .after_vectors
                0x000000000800010c      0x114 ./system/src/newlib/_startup.o
                0x000000000800010c                _start
 .after_vectors
                0x0000000008000220       0x74 ./system/src/cortexm/exception_handlers.o
                0x0000000008000220                Reset_Handler
                0x0000000008000228                NMI_Handler
                0x000000000800022c                HardFault_Handler
                0x0000000008000240                HardFault_Handler_C
                0x0000000008000244                MemManage_Handler
                0x0000000008000248                BusFault_Handler
                0x000000000800025c                BusFault_Handler_C
                0x0000000008000260                UsageFault_Handler
                0x0000000008000274                UsageFault_Handler_C
                0x0000000008000278                SVC_Handler
                0x000000000800027c                DebugMon_Handler
                0x0000000008000280                PendSV_Handler
 .after_vectors
                0x0000000008000294        0x4 ./system/src/cmsis/vectors_stm32f10x.o
                0x0000000008000294                TIM1_BRK_TIM15_IRQHandler
                0x0000000008000294                TIM8_TRG_COM_IRQHandler
                0x0000000008000294                TIM8_CC_IRQHandler
                0x0000000008000294                TIM1_CC_IRQHandler
                0x0000000008000294                TIM6_IRQHandler
                0x0000000008000294                PVD_IRQHandler
                0x0000000008000294                SDIO_IRQHandler
                0x0000000008000294                CAN2_RX1_IRQHandler
                0x0000000008000294                EXTI3_IRQHandler
                0x0000000008000294                TIM8_TRG_COM_TIM14_IRQHandler
                0x0000000008000294                TIM1_UP_TIM10_IRQHandler
                0x0000000008000294                TIM8_UP_TIM13_IRQHandler
                0x0000000008000294                I2C2_EV_IRQHandler
                0x0000000008000294                CAN1_RX0_IRQHandler
                0x0000000008000294                TIM1_UP_TIM16_IRQHandler
                0x0000000008000294                CAN2_SCE_IRQHandler
                0x0000000008000294                ADC1_2_IRQHandler
                0x0000000008000294                SPI1_IRQHandler
                0x0000000008000294                TAMPER_IRQHandler
                0x0000000008000294                TIM6_DAC_IRQHandler
                0x0000000008000294                TIM1_BRK_TIM9_IRQHandler
                0x0000000008000294                CAN2_RX0_IRQHandler
                0x0000000008000294                TIM8_UP_IRQHandler
                0x0000000008000294                DMA2_Channel2_IRQHandler
                0x0000000008000294                DMA1_Channel4_IRQHandler
                0x0000000008000294                USART3_IRQHandler
                0x0000000008000294                RTC_IRQHandler
                0x0000000008000294                DMA1_Channel7_IRQHandler
                0x0000000008000294                CAN1_RX1_IRQHandler
                0x0000000008000294                UART5_IRQHandler
                0x0000000008000294                ADC3_IRQHandler
                0x0000000008000294                DMA2_Channel1_IRQHandler
                0x0000000008000294                I2C1_EV_IRQHandler
                0x0000000008000294                DMA1_Channel6_IRQHandler
                0x0000000008000294                UART4_IRQHandler
                0x0000000008000294                DMA2_Channel4_IRQHandler
                0x0000000008000294                TIM3_IRQHandler
                0x0000000008000294                RCC_IRQHandler
                0x0000000008000294                TIM8_BRK_TIM12_IRQHandler
                0x0000000008000294                TIM1_TRG_COM_IRQHandler
                0x0000000008000294                DMA1_Channel1_IRQHandler
                0x0000000008000294                Default_Handler
                0x0000000008000294                CEC_IRQHandler
                0x0000000008000294                TIM14_IRQHandler
                0x0000000008000294                TIM13_IRQHandler
                0x0000000008000294                TIM12_IRQHandler
                0x0000000008000294                TIM7_IRQHandler
                0x0000000008000294                CAN2_TX_IRQHandler
                0x0000000008000294                TIM5_IRQHandler
                0x0000000008000294                EXTI9_5_IRQHandler
                0x0000000008000294                ETH_WKUP_IRQHandler
                0x0000000008000294                SPI2_IRQHandler
                0x0000000008000294                CAN1_TX_IRQHandler
                0x0000000008000294                DMA2_Channel5_IRQHandler
                0x0000000008000294                DMA1_Channel5_IRQHandler
                0x0000000008000294                EXTI4_IRQHandler
                0x0000000008000294                TIM1_TRG_COM_TIM17_IRQHandler
                0x0000000008000294                DMA1_Channel3_IRQHandler
                0x0000000008000294                FSMC_IRQHandler
                0x0000000008000294                ETH_IRQHandler
                0x0000000008000294                TIM1_UP_IRQHandler
                0x0000000008000294                WWDG_IRQHandler
                0x0000000008000294                TIM2_IRQHandler
                0x0000000008000294                OTG_FS_WKUP_IRQHandler
                0x0000000008000294                TIM1_TRG_COM_TIM11_IRQHandler
                0x0000000008000294                TIM1_BRK_IRQHandler
                0x0000000008000294                RTCAlarm_IRQHandler
                0x0000000008000294                DMA2_Channel4_5_IRQHandler
                0x0000000008000294                USART2_IRQHandler
                0x0000000008000294                I2C2_ER_IRQHandler
                0x0000000008000294                DMA1_Channel2_IRQHandler
                0x0000000008000294                TIM8_BRK_IRQHandler
                0x0000000008000294                CAN1_SCE_IRQHandler
                0x0000000008000294                FLASH_IRQHandler
                0x0000000008000294                USART1_IRQHandler
                0x0000000008000294                OTG_FS_IRQHandler
                0x0000000008000294                SPI3_IRQHandler
                0x0000000008000294                I2C1_ER_IRQHandler
                0x0000000008000294                USBWakeUp_IRQHandler
                0x0000000008000294                DMA2_Channel3_IRQHandler
                0x0000000008000294                EXTI2_IRQHandler

.inits          0x0000000008000298       0x28
                0x0000000008000298                __data_regions_array_start = .
                0x0000000008000298        0x4 LONG 0x8003bc8 LOADADDR (.data)
                0x000000000800029c        0x4 LONG 0x20000000 ADDR (.data)
                0x00000000080002a0        0x4 LONG 0x2000020c (ADDR (.data) + SIZEOF (.data))
                0x00000000080002a4        0x4 LONG 0x8003bc8 LOADADDR (.data_CCMRAM)
                0x00000000080002a8        0x4 LONG 0x0 ADDR (.data_CCMRAM)
                0x00000000080002ac        0x4 LONG 0x0 (ADDR (.data_CCMRAM) + SIZEOF (.data_CCMRAM))
                0x00000000080002b0                __data_regions_array_end = .
                0x00000000080002b0                __bss_regions_array_start = .
                0x00000000080002b0        0x4 LONG 0x2000020c ADDR (.bss)
                0x00000000080002b4        0x4 LONG 0x20000324 (ADDR (.bss) + SIZEOF (.bss))
                0x00000000080002b8        0x4 LONG 0x0 ADDR (.bss_CCMRAM)
                0x00000000080002bc        0x4 LONG 0x0 (ADDR (.bss_CCMRAM) + SIZEOF (.bss_CCMRAM))
                0x00000000080002c0                __bss_regions_array_end = .
 *(.init)
 *(.fini)
                0x00000000080002c0                . = ALIGN (0x4)
                0x00000000080002c0                PROVIDE (__preinit_array_start, .)
 *(.preinit_array_sysinit .preinit_array_sysinit.*)
 *(.preinit_array_platform .preinit_array_platform.*)
 *(.preinit_array .preinit_array.*)
                0x00000000080002c0                PROVIDE (__preinit_array_end, .)
                0x00000000080002c0                . = ALIGN (0x4)
                0x00000000080002c0                PROVIDE (__init_array_start, .)
 *(SORT(.init_array.*))
 *(.init_array)
                0x00000000080002c0                PROVIDE (__init_array_end, .)
                0x00000000080002c0                . = ALIGN (0x4)
                0x00000000080002c0                PROVIDE (__fini_array_start, .)
 *(SORT(.fini_array.*))
 *(.fini_array)
                0x00000000080002c0                PROVIDE (__fini_array_end, .)

.flashtext
 *(.flashtext .flashtext.*)

.text           0x00000000080002c0     0x3907
 *(.text .text.*)
 .text.NVIC_PriorityGroupConfig
                0x00000000080002c0       0x40 ./system/src/stm32f1-stdperiph/misc.o
                0x00000000080002c0                NVIC_PriorityGroupConfig
 .text.GPIO_Init
                0x0000000008000300      0x128 ./system/src/stm32f1-stdperiph/stm32f10x_gpio.o
                0x0000000008000300                GPIO_Init
 .text.RCC_USBCLKConfig
                0x0000000008000428       0x20 ./system/src/stm32f1-stdperiph/stm32f10x_rcc.o
                0x0000000008000428                RCC_USBCLKConfig
 .text.RCC_APB2PeriphClockCmd
                0x0000000008000448       0x4c ./system/src/stm32f1-stdperiph/stm32f10x_rcc.o
                0x0000000008000448                RCC_APB2PeriphClockCmd
 .text.RCC_APB1PeriphClockCmd
                0x0000000008000494       0x4c ./system/src/stm32f1-stdperiph/stm32f10x_rcc.o
                0x0000000008000494                RCC_APB1PeriphClockCmd
 .text._exit    0x00000000080004e0        0x4 ./system/src/newlib/_exit.o
                0x00000000080004e0                _exit
 .text.abort    0x00000000080004e4        0x8 ./system/src/newlib/_exit.o
                0x00000000080004e4                abort
 .text._sbrk    0x00000000080004ec       0x44 ./system/src/newlib/_sbrk.o
                0x00000000080004ec                _sbrk
 .text.__initialize_args
                0x0000000008000530       0x10 ./system/src/newlib/_syscalls.o
                0x0000000008000530                __initialize_args
 .text.assert_failed
                0x0000000008000540        0x8 ./system/src/newlib/assert.o
                0x0000000008000540                assert_failed
 .text.__initialize_hardware_early
                0x0000000008000548       0x18 ./system/src/cortexm/_initialize_hardware.o
                0x0000000008000548                __initialize_hardware_early
 .text.__initialize_hardware
                0x0000000008000560        0x8 ./system/src/cortexm/_initialize_hardware.o
                0x0000000008000560                __initialize_hardware
 .text.SetSysClockTo72
                0x0000000008000568       0xc4 ./system/src/cmsis/system_stm32f10x.o
 .text.SetSysClock
                0x000000000800062c        0x8 ./system/src/cmsis/system_stm32f10x.o
 .text.SystemInit
                0x0000000008000634       0x50 ./system/src/cmsis/system_stm32f10x.o
                0x0000000008000634                SystemInit
 .text.SystemCoreClockUpdate
                0x0000000008000684       0x94 ./system/src/cmsis/system_stm32f10x.o
                0x0000000008000684                SystemCoreClockUpdate
 .text.myDelay_init
                0x0000000008000718       0x54 ./src_lib/delay.o
                0x0000000008000718                myDelay_init
 .text.myDelay  0x000000000800076c       0x14 ./src_lib/delay.o
                0x000000000800076c                myDelay
 .text.defaultUpTime
                0x0000000008000780        0x4 ./src_lib/delay.o
                0x0000000008000780                defaultUpTime
                0x0000000008000780                timeUp
 .text.SysTick_Handler
                0x0000000008000784       0x48 ./src_lib/delay.o
                0x0000000008000784                SysTick_Handler
 .text.set_oc_mode
                0x00000000080007cc       0x64 ./src/disp.o
                0x00000000080007cc                set_oc_mode
 .text.pwm      0x0000000008000830       0x4c ./src/disp.o
 .text.inc_inx  0x000000000800087c       0x38 ./src/disp.o
                0x000000000800087c                inc_inx
 .text.send_byte
                0x00000000080008b4       0x60 ./src/disp.o
 .text.lcd_char
                0x0000000008000914       0x30 ./src/disp.o
                0x0000000008000914                lcd_char
 .text.lcd_str  0x0000000008000944       0x18 ./src/disp.o
                0x0000000008000944                lcd_str
 .text.lcd_cmd  0x000000000800095c       0x40 ./src/disp.o
                0x000000000800095c                lcd_cmd
 .text.lcd_init
                0x000000000800099c       0x9c ./src/disp.o
                0x000000000800099c                lcd_init
 .text.TIM4_IRQHandler
                0x0000000008000a38       0x40 ./src/disp.o
                0x0000000008000a38                TIM4_IRQHandler
 .text.hw_init  0x0000000008000a78       0xc4 ./src/hw_init.o
                0x0000000008000a78                hw_init
 .text.getkey   0x0000000008000b3c       0x10 ./src/hw_init.o
                0x0000000008000b3c                getkey
 .text.EXTI1_IRQHandler
                0x0000000008000b4c       0x2c ./src/hw_init.o
                0x0000000008000b4c                EXTI1_IRQHandler
 .text.EXTI0_IRQHandler
                0x0000000008000b78       0x2c ./src/hw_init.o
                0x0000000008000b78                EXTI0_IRQHandler
 .text.main     0x0000000008000ba4       0x44 ./src/main.o
                0x0000000008000ba4                main
 .text.EXTI15_10_IRQHandler
                0x0000000008000be8       0x3c ./src/main.o
                0x0000000008000be8                EXTI15_10_IRQHandler
 .text.usb_init
                0x0000000008000c24       0x3c ./src/usb.o
                0x0000000008000c24                usb_init
 .text.setTableTx
                0x0000000008000c60       0x18 ./src/usb.o
                0x0000000008000c60                setTableTx
 .text.setTxCount
                0x0000000008000c78       0x10 ./src/usb.o
                0x0000000008000c78                setTxCount
 .text.getTableTxAddr
                0x0000000008000c88       0x10 ./src/usb.o
                0x0000000008000c88                getTableTxAddr
 .text.setTableRx
                0x0000000008000c98       0x14 ./src/usb.o
                0x0000000008000c98                setTableRx
 .text.getTableRxAddr
                0x0000000008000cac       0x10 ./src/usb.o
                0x0000000008000cac                getTableRxAddr
 .text.getTableRxCount
                0x0000000008000cbc       0x14 ./src/usb.o
                0x0000000008000cbc                getTableRxCount
 .text.setEPType
                0x0000000008000cd0       0x24 ./src/usb.o
                0x0000000008000cd0                setEPType
 .text.toggleTx
                0x0000000008000cf4       0x20 ./src/usb.o
                0x0000000008000cf4                toggleTx
 .text.setStatTx
                0x0000000008000d14       0x28 ./src/usb.o
                0x0000000008000d14                setStatTx
 .text.setStatRx
                0x0000000008000d3c       0x28 ./src/usb.o
                0x0000000008000d3c                setStatRx
 .text.clrCTR_rx
                0x0000000008000d64       0x18 ./src/usb.o
                0x0000000008000d64                clrCTR_rx
 .text.clrCTR_tx
                0x0000000008000d7c       0x1c ./src/usb.o
                0x0000000008000d7c                clrCTR_tx
 .text.usr2pma  0x0000000008000d98       0x4c ./src/usb.o
                0x0000000008000d98                usr2pma
 .text.pma2usr  0x0000000008000de4       0x40 ./src/usb.o
                0x0000000008000de4                pma2usr
 .text.tableInit
                0x0000000008000e24       0x3c ./src/usb.o
                0x0000000008000e24                tableInit
 .text.ep_init  0x0000000008000e60       0x54 ./src/usb.o
                0x0000000008000e60                ep_init
 .text.USB_LP_CAN1_RX0_IRQHandler
                0x0000000008000eb4       0x7c ./src/usb.o
                0x0000000008000eb4                USB_LP_CAN1_RX0_IRQHandler
 .text.USB_HP_CAN1_TX_IRQHandler
                0x0000000008000f30       0x24 ./src/usb.o
                0x0000000008000f30                USB_HP_CAN1_TX_IRQHandler
 .text.sendCommBuff
                0x0000000008000f54       0x2c ./src/usbcore.o
                0x0000000008000f54                sendCommBuff
 .text.usb_pma_int
                0x0000000008000f80        0x4 ./src/usbcore.o
                0x0000000008000f80                usb_pma_int
 .text.usb_err_int
                0x0000000008000f84        0x4 ./src/usbcore.o
                0x0000000008000f84                usb_err_int
 .text.usb_reset_int
                0x0000000008000f88       0x34 ./src/usbcore.o
                0x0000000008000f88                usb_reset_int
 .text.usb_sof_int
                0x0000000008000fbc        0x4 ./src/usbcore.o
                0x0000000008000fbc                usb_sof_int
 .text.usb_esof_int
                0x0000000008000fc0        0x4 ./src/usbcore.o
                0x0000000008000fc0                usb_esof_int
 .text.post0tx  0x0000000008000fc4       0x34 ./src/usbcore.o
                0x0000000008000fc4                post0tx
 .text.getDescriptor
                0x0000000008000ff8       0x48 ./src/usbcore.o
                0x0000000008000ff8                getDescriptor
 .text.getdsc   0x0000000008001040       0x20 ./src/usbcore.o
                0x0000000008001040                getdsc
 .text.getDesc  0x0000000008001060       0x48 ./src/usbcore.o
                0x0000000008001060                getDesc
 .text.getConfig
                0x00000000080010a8       0x3c ./src/usbcore.o
                0x00000000080010a8                getConfig
 .text.getStatus
                0x00000000080010e4       0x3c ./src/usbcore.o
                0x00000000080010e4                getStatus
 .text.setConfig
                0x0000000008001120       0x20 ./src/usbcore.o
                0x0000000008001120                setConfig
 .text.setup_process
                0x0000000008001140      0x1a4 ./src/usbcore.o
                0x0000000008001140                setup_process
 .text.EP0Interrupt
                0x00000000080012e4      0x110 ./src/usbcore.o
                0x00000000080012e4                EP0Interrupt
 .text.usb_ctr_int
                0x00000000080013f4       0x9c ./src/usbcore.o
                0x00000000080013f4                usb_ctr_int
 .text.__errno  0x0000000008001490        0xc /usr/local/gcc-arm-none-eabi-5_4-2016q3/bin/../lib/gcc/arm-none-eabi/5.4.1/../../../../arm-none-eabi/lib/armv7-m/libc_nano.a(lib_a-errno.o)
                0x0000000008001490                __errno
 .text.__cvt    0x000000000800149c       0xc0 /usr/local/gcc-arm-none-eabi-5_4-2016q3/bin/../lib/gcc/arm-none-eabi/5.4.1/../../../../arm-none-eabi/lib/armv7-m/libc_nano.a(lib_a-nano-vfprintf_float.o)
                0x000000000800149c                __cvt
 .text.__exponent
                0x000000000800155c       0x62 /usr/local/gcc-arm-none-eabi-5_4-2016q3/bin/../lib/gcc/arm-none-eabi/5.4.1/../../../../arm-none-eabi/lib/armv7-m/libc_nano.a(lib_a-nano-vfprintf_float.o)
                0x000000000800155c                __exponent
 *fill*         0x00000000080015be        0x2 
 .text._printf_float
                0x00000000080015c0      0x488 /usr/local/gcc-arm-none-eabi-5_4-2016q3/bin/../lib/gcc/arm-none-eabi/5.4.1/../../../../arm-none-eabi/lib/armv7-m/libc_nano.a(lib_a-nano-vfprintf_float.o)
                0x00000000080015c0                _printf_float
 .text._printf_common
                0x0000000008001a48       0xec /usr/local/gcc-arm-none-eabi-5_4-2016q3/bin/../lib/gcc/arm-none-eabi/5.4.1/../../../../arm-none-eabi/lib/armv7-m/libc_nano.a(lib_a-nano-vfprintf_i.o)
                0x0000000008001a48                _printf_common
 .text          0x0000000008001b34       0x10 /usr/local/gcc-arm-none-eabi-5_4-2016q3/bin/../lib/gcc/arm-none-eabi/5.4.1/../../../../arm-none-eabi/lib/armv7-m/libc_nano.a(lib_a-strlen.o)
                0x0000000008001b34                strlen
 .text.quorem   0x0000000008001b44      0x116 /usr/local/gcc-arm-none-eabi-5_4-2016q3/bin/../lib/gcc/arm-none-eabi/5.4.1/../../../../arm-none-eabi/lib/armv7-m/libc_nano.a(lib_a-dtoa.o)
 *fill*         0x0000000008001c5a        0x6 
 .text._dtoa_r  0x0000000008001c60      0xb30 /usr/local/gcc-arm-none-eabi-5_4-2016q3/bin/../lib/gcc/arm-none-eabi/5.4.1/../../../../arm-none-eabi/lib/armv7-m/libc_nano.a(lib_a-dtoa.o)
                0x0000000008001c60                _dtoa_r
 .text._localeconv_r
                0x0000000008002790       0x1c /usr/local/gcc-arm-none-eabi-5_4-2016q3/bin/../lib/gcc/arm-none-eabi/5.4.1/../../../../arm-none-eabi/lib/armv7-m/libc_nano.a(lib_a-localeconv.o)
                0x0000000008002790                _localeconv_r
 .text.malloc   0x00000000080027ac       0x10 /usr/local/gcc-arm-none-eabi-5_4-2016q3/bin/../lib/gcc/arm-none-eabi/5.4.1/../../../../arm-none-eabi/lib/armv7-m/libc_nano.a(lib_a-malloc.o)
                0x00000000080027ac                malloc
 .text.memcpy   0x00000000080027bc       0x16 /usr/local/gcc-arm-none-eabi-5_4-2016q3/bin/../lib/gcc/arm-none-eabi/5.4.1/../../../../arm-none-eabi/lib/armv7-m/libc_nano.a(lib_a-memcpy-stub.o)
                0x00000000080027bc                memcpy
 .text._Balloc  0x00000000080027d2       0x6a /usr/local/gcc-arm-none-eabi-5_4-2016q3/bin/../lib/gcc/arm-none-eabi/5.4.1/../../../../arm-none-eabi/lib/armv7-m/libc_nano.a(lib_a-mprec.o)
                0x00000000080027d2                _Balloc
 .text._Bfree   0x000000000800283c       0x2e /usr/local/gcc-arm-none-eabi-5_4-2016q3/bin/../lib/gcc/arm-none-eabi/5.4.1/../../../../arm-none-eabi/lib/armv7-m/libc_nano.a(lib_a-mprec.o)
                0x000000000800283c                _Bfree
 .text.__multadd
                0x000000000800286a       0x76 /usr/local/gcc-arm-none-eabi-5_4-2016q3/bin/../lib/gcc/arm-none-eabi/5.4.1/../../../../arm-none-eabi/lib/armv7-m/libc_nano.a(lib_a-mprec.o)
                0x000000000800286a                __multadd
 .text.__hi0bits
                0x00000000080028e0       0x40 /usr/local/gcc-arm-none-eabi-5_4-2016q3/bin/../lib/gcc/arm-none-eabi/5.4.1/../../../../arm-none-eabi/lib/armv7-m/libc_nano.a(lib_a-mprec.o)
                0x00000000080028e0                __hi0bits
 .text.__lo0bits
                0x0000000008002920       0x5a /usr/local/gcc-arm-none-eabi-5_4-2016q3/bin/../lib/gcc/arm-none-eabi/5.4.1/../../../../arm-none-eabi/lib/armv7-m/libc_nano.a(lib_a-mprec.o)
                0x0000000008002920                __lo0bits
 .text.__i2b    0x000000000800297a       0x12 /usr/local/gcc-arm-none-eabi-5_4-2016q3/bin/../lib/gcc/arm-none-eabi/5.4.1/../../../../arm-none-eabi/lib/armv7-m/libc_nano.a(lib_a-mprec.o)
                0x000000000800297a                __i2b
 .text.__multiply
                0x000000000800298c      0x120 /usr/local/gcc-arm-none-eabi-5_4-2016q3/bin/../lib/gcc/arm-none-eabi/5.4.1/../../../../arm-none-eabi/lib/armv7-m/libc_nano.a(lib_a-mprec.o)
                0x000000000800298c                __multiply
 .text.__pow5mult
                0x0000000008002aac       0x9c /usr/local/gcc-arm-none-eabi-5_4-2016q3/bin/../lib/gcc/arm-none-eabi/5.4.1/../../../../arm-none-eabi/lib/armv7-m/libc_nano.a(lib_a-mprec.o)
                0x0000000008002aac                __pow5mult
 .text.__lshift
                0x0000000008002b48       0xa2 /usr/local/gcc-arm-none-eabi-5_4-2016q3/bin/../lib/gcc/arm-none-eabi/5.4.1/../../../../arm-none-eabi/lib/armv7-m/libc_nano.a(lib_a-mprec.o)
                0x0000000008002b48                __lshift
 .text.__mcmp   0x0000000008002bea       0x38 /usr/local/gcc-arm-none-eabi-5_4-2016q3/bin/../lib/gcc/arm-none-eabi/5.4.1/../../../../arm-none-eabi/lib/armv7-m/libc_nano.a(lib_a-mprec.o)
                0x0000000008002bea                __mcmp
 .text.__mdiff  0x0000000008002c22       0xbe /usr/local/gcc-arm-none-eabi-5_4-2016q3/bin/../lib/gcc/arm-none-eabi/5.4.1/../../../../arm-none-eabi/lib/armv7-m/libc_nano.a(lib_a-mprec.o)
                0x0000000008002c22                __mdiff
 .text.__d2b    0x0000000008002ce0       0x9c /usr/local/gcc-arm-none-eabi-5_4-2016q3/bin/../lib/gcc/arm-none-eabi/5.4.1/../../../../arm-none-eabi/lib/armv7-m/libc_nano.a(lib_a-mprec.o)
                0x0000000008002ce0                __d2b
 .text._calloc_r
                0x0000000008002d7c       0x1c /usr/local/gcc-arm-none-eabi-5_4-2016q3/bin/../lib/gcc/arm-none-eabi/5.4.1/../../../../arm-none-eabi/lib/armv7-m/libc_nano.a(lib_a-nano-callocr.o)
                0x0000000008002d7c                _calloc_r
 .text._malloc_r
                0x0000000008002d98       0xbc /usr/local/gcc-arm-none-eabi-5_4-2016q3/bin/../lib/gcc/arm-none-eabi/5.4.1/../../../../arm-none-eabi/lib/armv7-m/libc_nano.a(lib_a-nano-mallocr.o)
                0x0000000008002d98                _malloc_r
 .text._sbrk_r  0x0000000008002e54       0x20 /usr/local/gcc-arm-none-eabi-5_4-2016q3/bin/../lib/gcc/arm-none-eabi/5.4.1/../../../../arm-none-eabi/lib/armv7-m/libc_nano.a(lib_a-sbrkr.o)
                0x0000000008002e54                _sbrk_r
 .text.__ascii_mbtowc
                0x0000000008002e74       0x24 /usr/local/gcc-arm-none-eabi-5_4-2016q3/bin/../lib/gcc/arm-none-eabi/5.4.1/../../../../arm-none-eabi/lib/armv7-m/libc_nano.a(lib_a-mbtowc_r.o)
                0x0000000008002e74                __ascii_mbtowc
 .text.memset   0x0000000008002e98       0x10 /usr/local/gcc-arm-none-eabi-5_4-2016q3/bin/../lib/gcc/arm-none-eabi/5.4.1/../../../../arm-none-eabi/lib/armv7-m/libc_nano.a(lib_a-memset.o)
                0x0000000008002e98                memset
 .text.__malloc_lock
                0x0000000008002ea8        0x2 /usr/local/gcc-arm-none-eabi-5_4-2016q3/bin/../lib/gcc/arm-none-eabi/5.4.1/../../../../arm-none-eabi/lib/armv7-m/libc_nano.a(lib_a-mlock.o)
                0x0000000008002ea8                __malloc_lock
 .text.__malloc_unlock
                0x0000000008002eaa        0x2 /usr/local/gcc-arm-none-eabi-5_4-2016q3/bin/../lib/gcc/arm-none-eabi/5.4.1/../../../../arm-none-eabi/lib/armv7-m/libc_nano.a(lib_a-mlock.o)
                0x0000000008002eaa                __malloc_unlock
 .text.__ascii_wctomb
                0x0000000008002eac       0x1a /usr/local/gcc-arm-none-eabi-5_4-2016q3/bin/../lib/gcc/arm-none-eabi/5.4.1/../../../../arm-none-eabi/lib/armv7-m/libc_nano.a(lib_a-wctomb_r.o)
                0x0000000008002eac                __ascii_wctomb
 *fill*         0x0000000008002ec6        0x2 
 .text          0x0000000008002ec8      0x370 /usr/local/gcc-arm-none-eabi-5_4-2016q3/bin/../lib/gcc/arm-none-eabi/5.4.1/armv7-m/libgcc.a(_arm_addsubdf3.o)
                0x0000000008002ec8                __aeabi_drsub
                0x0000000008002ed0                __subdf3
                0x0000000008002ed0                __aeabi_dsub
                0x0000000008002ed4                __aeabi_dadd
                0x0000000008002ed4                __adddf3
                0x000000000800314c                __aeabi_ui2d
                0x000000000800314c                __floatunsidf
                0x000000000800316c                __floatsidf
                0x000000000800316c                __aeabi_i2d
                0x0000000008003190                __extendsfdf2
                0x0000000008003190                __aeabi_f2d
                0x00000000080031cc                __aeabi_ul2d
                0x00000000080031cc                __floatundidf
                0x00000000080031dc                __aeabi_l2d
                0x00000000080031dc                __floatdidf
 .text          0x0000000008003238      0x424 /usr/local/gcc-arm-none-eabi-5_4-2016q3/bin/../lib/gcc/arm-none-eabi/5.4.1/armv7-m/libgcc.a(_arm_muldivdf3.o)
                0x0000000008003238                __aeabi_dmul
                0x0000000008003238                __muldf3
                0x000000000800348c                __aeabi_ddiv
                0x000000000800348c                __divdf3
 .text          0x000000000800365c      0x110 /usr/local/gcc-arm-none-eabi-5_4-2016q3/bin/../lib/gcc/arm-none-eabi/5.4.1/armv7-m/libgcc.a(_arm_cmpdf2.o)
                0x000000000800365c                __gtdf2
                0x000000000800365c                __gedf2
                0x0000000008003664                __ltdf2
                0x0000000008003664                __ledf2
                0x000000000800366c                __eqdf2
                0x000000000800366c                __nedf2
                0x000000000800366c                __cmpdf2
                0x00000000080036e8                __aeabi_cdrcmple
                0x00000000080036f8                __aeabi_cdcmple
                0x00000000080036f8                __aeabi_cdcmpeq
                0x0000000008003708                __aeabi_dcmpeq
                0x000000000800371c                __aeabi_dcmplt
                0x0000000008003730                __aeabi_dcmple
                0x0000000008003744                __aeabi_dcmpge
                0x0000000008003758                __aeabi_dcmpgt
 .text          0x000000000800376c       0x2c /usr/local/gcc-arm-none-eabi-5_4-2016q3/bin/../lib/gcc/arm-none-eabi/5.4.1/armv7-m/libgcc.a(_arm_unorddf2.o)
                0x000000000800376c                __aeabi_dcmpun
                0x000000000800376c                __unorddf2
 .text          0x0000000008003798       0x50 /usr/local/gcc-arm-none-eabi-5_4-2016q3/bin/../lib/gcc/arm-none-eabi/5.4.1/armv7-m/libgcc.a(_arm_fixdfsi.o)
                0x0000000008003798                __fixdfsi
                0x0000000008003798                __aeabi_d2iz
 *(.rodata .rodata.* .constdata .constdata.*)
 .rodata.str1.4
                0x00000000080037e8       0x27 ./system/src/stm32f1-stdperiph/misc.o
 *fill*         0x000000000800380f        0x1 
 .rodata.str1.4
                0x0000000008003810       0x31 ./system/src/stm32f1-stdperiph/stm32f10x_gpio.o
 *fill*         0x0000000008003841        0x3 
 .rodata.str1.4
                0x0000000008003844       0x30 ./system/src/stm32f1-stdperiph/stm32f10x_rcc.o
 .rodata.StringProduct
                0x0000000008003874       0x34 ./src/descriptor.o
                0x0000000008003874                StringProduct
 .rodata.StringSerial
                0x00000000080038a8       0x1a ./src/descriptor.o
                0x00000000080038a8                StringSerial
 *fill*         0x00000000080038c2        0x2 
 .rodata.StringLangID
                0x00000000080038c4        0x4 ./src/descriptor.o
                0x00000000080038c4                StringLangID
 .rodata.ConfigDescriptor
                0x00000000080038c8       0x43 ./src/descriptor.o
                0x00000000080038c8                ConfigDescriptor
 *fill*         0x000000000800390b        0x1 
 .rodata.StringVendor
                0x000000000800390c       0x18 ./src/descriptor.o
                0x000000000800390c                StringVendor
 .rodata.DeviceDescriptor
                0x0000000008003924       0x12 ./src/descriptor.o
                0x0000000008003924                DeviceDescriptor
 *fill*         0x0000000008003936        0x2 
 .rodata.initbytes
                0x0000000008003938       0x10 ./src/disp.o
 .rodata.pwidth
                0x0000000008003948        0x6 ./src/disp.o
 *fill*         0x000000000800394e        0x2 
 .rodata.str1.4
                0x0000000008003950       0x50 ./src/main.o
 .rodata.str1.1
                0x00000000080039a0       0x12 /usr/local/gcc-arm-none-eabi-5_4-2016q3/bin/../lib/gcc/arm-none-eabi/5.4.1/../../../../arm-none-eabi/lib/armv7-m/libc_nano.a(lib_a-nano-vfprintf_float.o)
 .rodata.str1.1
                0x00000000080039b2        0xd /usr/local/gcc-arm-none-eabi-5_4-2016q3/bin/../lib/gcc/arm-none-eabi/5.4.1/../../../../arm-none-eabi/lib/armv7-m/libc_nano.a(lib_a-dtoa.o)
                                          0xf (size before relaxing)
 *fill*         0x00000000080039bf        0x1 
 .rodata.__mprec_tens
                0x00000000080039c0       0xc8 /usr/local/gcc-arm-none-eabi-5_4-2016q3/bin/../lib/gcc/arm-none-eabi/5.4.1/../../../../arm-none-eabi/lib/armv7-m/libc_nano.a(lib_a-mprec.o)
                0x00000000080039c0                __mprec_tens
 .rodata.__mprec_bigtens
                0x0000000008003a88       0x28 /usr/local/gcc-arm-none-eabi-5_4-2016q3/bin/../lib/gcc/arm-none-eabi/5.4.1/../../../../arm-none-eabi/lib/armv7-m/libc_nano.a(lib_a-mprec.o)
                0x0000000008003a88                __mprec_bigtens
 .rodata.p05.6097
                0x0000000008003ab0        0xc /usr/local/gcc-arm-none-eabi-5_4-2016q3/bin/../lib/gcc/arm-none-eabi/5.4.1/../../../../arm-none-eabi/lib/armv7-m/libc_nano.a(lib_a-mprec.o)
 .rodata.str1.1
                0x0000000008003abc        0xa /usr/local/gcc-arm-none-eabi-5_4-2016q3/bin/../lib/gcc/arm-none-eabi/5.4.1/../../../../arm-none-eabi/lib/armv7-m/libc_nano.a(lib_a-locale.o)
                                          0xb (size before relaxing)
 .rodata._ctype_
                0x0000000008003ac6      0x101 /usr/local/gcc-arm-none-eabi-5_4-2016q3/bin/../lib/gcc/arm-none-eabi/5.4.1/../../../../arm-none-eabi/lib/armv7-m/libc_nano.a(lib_a-ctype_.o)
                0x0000000008003ac6                _ctype_
 *(vtable)
 *(.eh_frame*)
 *(.glue_7)
 .glue_7        0x0000000008003bc7        0x0 linker stubs
 *(.glue_7t)
 .glue_7t       0x0000000008003bc7        0x0 linker stubs

.vfp11_veneer   0x0000000008003bc8        0x0
 .vfp11_veneer  0x0000000008003bc8        0x0 linker stubs

.v4_bx          0x0000000008003bc8        0x0
 .v4_bx         0x0000000008003bc8        0x0 linker stubs

.iplt           0x0000000008003bc8        0x0
 .iplt          0x0000000008003bc8        0x0 ./system/src/stm32f1-stdperiph/misc.o

.rel.dyn        0x0000000008003bc8        0x0
 .rel.iplt      0x0000000008003bc8        0x0 ./system/src/stm32f1-stdperiph/misc.o

.ARM.extab
 *(.ARM.extab* .gnu.linkonce.armextab.*)
                0x0000000008003bc8                . = ALIGN (0x4)
                0x0000000008003bc8                __exidx_start = .

.ARM.exidx
 *(.ARM.exidx* .gnu.linkonce.armexidx.*)
                0x0000000008003bc8                __exidx_end = .
                0x0000000008003bc8                . = ALIGN (0x4)
                0x0000000008003bc8                _etext = .
                0x0000000008003bc8                __etext = .

.data_CCMRAM    0x0000000000000000        0x0 load address 0x0000000008003bc8
 FILL mask 0xff
 *(.data.CCMRAM .data.CCMRAM.*)
                0x0000000000000000                . = ALIGN (0x4)
                0x0000000008003bc8                _sidata = LOADADDR (.data)

.data           0x0000000020000000      0x20c load address 0x0000000008003bc8
 FILL mask 0xff
                0x0000000020000000                _sdata = .
                0x0000000020000000                __data_start__ = .
 *(.data_begin .data_begin.*)
 .data_begin    0x0000000020000000        0x4 ./system/src/newlib/_startup.o
 *(.data .data.*)
 .data.argv.4290
                0x0000000020000004        0x8 ./system/src/newlib/_syscalls.o
 .data.AHBPrescTable
                0x000000002000000c       0x10 ./system/src/cmsis/system_stm32f10x.o
                0x000000002000000c                AHBPrescTable
 .data.SystemCoreClock
                0x000000002000001c        0x4 ./system/src/cmsis/system_stm32f10x.o
                0x000000002000001c                SystemCoreClock
 .data.table    0x0000000020000020        0x4 ./src/usb.o
                0x0000000020000020                table
 .data.PBuffer  0x0000000020000024        0x4 ./src/usb.o
                0x0000000020000024                PBuffer
 .data.strdesc  0x0000000020000028       0x10 ./src/usbcore.o
                0x0000000020000028                strdesc
 .data.impure_data
                0x0000000020000038       0x60 /usr/local/gcc-arm-none-eabi-5_4-2016q3/bin/../lib/gcc/arm-none-eabi/5.4.1/../../../../arm-none-eabi/lib/armv7-m/libc_nano.a(lib_a-impure.o)
 .data._impure_ptr
                0x0000000020000098        0x4 /usr/local/gcc-arm-none-eabi-5_4-2016q3/bin/../lib/gcc/arm-none-eabi/5.4.1/../../../../arm-none-eabi/lib/armv7-m/libc_nano.a(lib_a-impure.o)
                0x0000000020000098                _impure_ptr
 .data.__global_locale
                0x000000002000009c      0x16c /usr/local/gcc-arm-none-eabi-5_4-2016q3/bin/../lib/gcc/arm-none-eabi/5.4.1/../../../../arm-none-eabi/lib/armv7-m/libc_nano.a(lib_a-locale.o)
                0x000000002000009c                __global_locale
 *(.data_end .data_end.*)
 .data_end      0x0000000020000208        0x4 ./system/src/newlib/_startup.o
                0x000000002000020c                . = ALIGN (0x4)
                0x000000002000020c                _edata = .
                0x000000002000020c                __data_end__ = .

.igot.plt       0x000000002000020c        0x0 load address 0x0000000008003dd4
 .igot.plt      0x000000002000020c        0x0 ./system/src/stm32f1-stdperiph/misc.o

.bss_CCMRAM     0x0000000000000000        0x0
 *(.bss.CCMRAM .bss.CCMRAM.*)

.bss            0x000000002000020c      0x118
                0x000000002000020c                __bss_start__ = .
                0x000000002000020c                _sbss = .
 *(.bss_begin .bss_begin.*)
 .bss_begin     0x000000002000020c        0x4 ./system/src/newlib/_startup.o
 *(.bss .bss.*)
 .bss.current_heap_end.3974
                0x0000000020000210        0x4 ./system/src/newlib/_sbrk.o
 .bss.name.4289
                0x0000000020000214        0x1 ./system/src/newlib/_syscalls.o
 *fill*         0x0000000020000215        0x3 
 .bss.sysTimeUp
                0x0000000020000218        0x4 ./src_lib/delay.o
 .bss.myDelayTicks
                0x000000002000021c        0x4 ./src_lib/delay.o
 .bss.hinx      0x0000000020000220        0x1 ./src/disp.o
 *fill*         0x0000000020000221        0x3 
 .bss.charbuf   0x0000000020000224       0xa0 ./src/disp.o
 .bss.tinx      0x00000000200002c4        0x1 ./src/disp.o
 .bss.fl        0x00000000200002c5        0x1 ./src/disp.o
 *fill*         0x00000000200002c6        0x2 
 .bss.readData  0x00000000200002c8        0xc ./src/usbcore.o
 .bss.writeData
                0x00000000200002d4        0xc ./src/usbcore.o
 .bss.readBuf   0x00000000200002e0       0x10 ./src/usbcore.o
 .bss.DeviceAddress
                0x00000000200002f0        0x2 ./src/usbcore.o
 .bss.bmap      0x00000000200002f2        0x2 ./src/usbcore.o
 .bss.saveRXst  0x00000000200002f4        0x2 ./src/usbcore.o
 .bss.saveTXst  0x00000000200002f6        0x2 ./src/usbcore.o
 .bss.readcount
                0x00000000200002f8        0x1 ./src/usbcore.o
 *fill*         0x00000000200002f9        0x3 
 .bss.__malloc_sbrk_start
                0x00000000200002fc        0x4 /usr/local/gcc-arm-none-eabi-5_4-2016q3/bin/../lib/gcc/arm-none-eabi/5.4.1/../../../../arm-none-eabi/lib/armv7-m/libc_nano.a(lib_a-nano-mallocr.o)
                0x00000000200002fc                __malloc_sbrk_start
 .bss.__malloc_free_list
                0x0000000020000300        0x4 /usr/local/gcc-arm-none-eabi-5_4-2016q3/bin/../lib/gcc/arm-none-eabi/5.4.1/../../../../arm-none-eabi/lib/armv7-m/libc_nano.a(lib_a-nano-mallocr.o)
                0x0000000020000300                __malloc_free_list
 *(COMMON)
 COMMON         0x0000000020000304        0x4 ./system/src/newlib/_syscalls.o
                0x0000000020000304                errno
 COMMON         0x0000000020000308        0x1 ./src_lib/delay.o
                0x0000000020000308                denois
 COMMON         0x0000000020000309        0x2 ./src/hw_init.o
                0x0000000020000309                key
                0x000000002000030a                usbconn
 *fill*         0x000000002000030b        0x1 
 COMMON         0x000000002000030c        0x2 ./src/usb.o
                0x000000002000030c                intStat
 *fill*         0x000000002000030e        0x2 
 COMMON         0x0000000020000310       0x10 ./src/usbcore.o
                0x0000000020000310                linecoding
                0x0000000020000318                reqBuf
 *(.bss_end .bss_end.*)
 .bss_end       0x0000000020000320        0x4 ./system/src/newlib/_startup.o
                0x0000000020000324                . = ALIGN (0x4)
                0x0000000020000324                __bss_end__ = .
                0x0000000020000324                _ebss = .

.noinit_CCMRAM
 *(.noinit.CCMRAM .noinit.CCMRAM.*)

.noinit         0x0000000020000324        0x0
                0x0000000020000324                _noinit = .
 *(.noinit .noinit.*)
                0x0000000020000324                . = ALIGN (0x4)
                0x0000000020000324                _end_noinit = .
                [!provide]                        PROVIDE (end, _end_noinit)
                [!provide]                        PROVIDE (_end, _end_noinit)
                [!provide]                        PROVIDE (__end, _end_noinit)
                [!provide]                        PROVIDE (__end__, _end_noinit)

._check_stack   0x0000000020000324      0x100
                0x0000000020000424                . = (. + _Minimum_Stack_Size)
 *fill*         0x0000000020000324      0x100 

.b1text
 *(.b1text)
 *(.b1rodata)
 *(.b1rodata.*)

.eb0text
 *(.eb0text)
 *(.eb0rodata)
 *(.eb0rodata.*)

.eb1text
 *(.eb1text)
 *(.eb1rodata)
 *(.eb1rodata.*)

.eb2text
 *(.eb2text)
 *(.eb2rodata)
 *(.eb2rodata.*)

.eb3text
 *(.eb3text)
 *(.eb3rodata)
 *(.eb3rodata.*)

.stab
 *(.stab)

.stabstr
 *(.stabstr)

.stab.excl
 *(.stab.excl)

.stab.exclstr
 *(.stab.exclstr)

.stab.index
 *(.stab.index)

.stab.indexstr
 *(.stab.indexstr)

.comment        0x0000000000000000       0x6e
 *(.comment)
 .comment       0x0000000000000000       0x6e ./system/src/stm32f1-stdperiph/misc.o
                                         0x6f (size before relaxing)
 .comment       0x000000000000006e       0x6f ./system/src/stm32f1-stdperiph/stm32f10x_gpio.o
 .comment       0x000000000000006e       0x6f ./system/src/stm32f1-stdperiph/stm32f10x_rcc.o
 .comment       0x000000000000006e       0x6f ./system/src/newlib/_exit.o
 .comment       0x000000000000006e       0x6f ./system/src/newlib/_sbrk.o
 .comment       0x000000000000006e       0x6f ./system/src/newlib/_startup.o
 .comment       0x000000000000006e       0x6f ./system/src/newlib/_syscalls.o
 .comment       0x000000000000006e       0x6f ./system/src/newlib/assert.o
 .comment       0x000000000000006e       0x6f ./system/src/cortexm/_initialize_hardware.o
 .comment       0x000000000000006e       0x6f ./system/src/cortexm/exception_handlers.o
 .comment       0x000000000000006e       0x6f ./system/src/cmsis/system_stm32f10x.o
 .comment       0x000000000000006e       0x6f ./system/src/cmsis/vectors_stm32f10x.o
 .comment       0x000000000000006e       0x6f ./src_lib/delay.o
 .comment       0x000000000000006e       0x6f ./src/descriptor.o
 .comment       0x000000000000006e       0x6f ./src/disp.o
 .comment       0x000000000000006e       0x6f ./src/hw_init.o
 .comment       0x000000000000006e       0x6f ./src/main.o
 .comment       0x000000000000006e       0x6f ./src/usb.o
 .comment       0x000000000000006e       0x6f ./src/usbcore.o

.ARM.attributes
                0x0000000000000000       0x31
 .ARM.attributes
                0x0000000000000000       0x33 ./system/src/stm32f1-stdperiph/misc.o
 .ARM.attributes
                0x0000000000000033       0x33 ./system/src/stm32f1-stdperiph/stm32f10x_gpio.o
 .ARM.attributes
                0x0000000000000066       0x33 ./system/src/stm32f1-stdperiph/stm32f10x_rcc.o
 .ARM.attributes
                0x0000000000000099       0x33 ./system/src/newlib/_exit.o
 .ARM.attributes
                0x00000000000000cc       0x33 ./system/src/newlib/_sbrk.o
 .ARM.attributes
                0x00000000000000ff       0x33 ./system/src/newlib/_startup.o
 .ARM.attributes
                0x0000000000000132       0x33 ./system/src/newlib/_syscalls.o
 .ARM.attributes
                0x0000000000000165       0x33 ./system/src/newlib/assert.o
 .ARM.attributes
                0x0000000000000198       0x33 ./system/src/cortexm/_initialize_hardware.o
 .ARM.attributes
                0x00000000000001cb       0x33 ./system/src/cortexm/exception_handlers.o
 .ARM.attributes
                0x00000000000001fe       0x33 ./system/src/cmsis/system_stm32f10x.o
 .ARM.attributes
                0x0000000000000231       0x33 ./system/src/cmsis/vectors_stm32f10x.o
 .ARM.attributes
                0x0000000000000264       0x33 ./src_lib/delay.o
 .ARM.attributes
                0x0000000000000297       0x33 ./src/descriptor.o
 .ARM.attributes
                0x00000000000002ca       0x33 ./src/disp.o
 .ARM.attributes
                0x00000000000002fd       0x33 ./src/hw_init.o
 .ARM.attributes
                0x0000000000000330       0x33 ./src/main.o
 .ARM.attributes
                0x0000000000000363       0x33 ./src/usb.o
 .ARM.attributes
                0x0000000000000396       0x33 ./src/usbcore.o
 .ARM.attributes
                0x00000000000003c9       0x2d /usr/local/gcc-arm-none-eabi-5_4-2016q3/bin/../lib/gcc/arm-none-eabi/5.4.1/../../../../arm-none-eabi/lib/armv7-m/libc_nano.a(lib_a-errno.o)
 .ARM.attributes
                0x00000000000003f6       0x2d /usr/local/gcc-arm-none-eabi-5_4-2016q3/bin/../lib/gcc/arm-none-eabi/5.4.1/../../../../arm-none-eabi/lib/armv7-m/libc_nano.a(lib_a-impure.o)
 .ARM.attributes
                0x0000000000000423       0x2d /usr/local/gcc-arm-none-eabi-5_4-2016q3/bin/../lib/gcc/arm-none-eabi/5.4.1/../../../../arm-none-eabi/lib/armv7-m/libc_nano.a(lib_a-nano-vfprintf_float.o)
 .ARM.attributes
                0x0000000000000450       0x2d /usr/local/gcc-arm-none-eabi-5_4-2016q3/bin/../lib/gcc/arm-none-eabi/5.4.1/../../../../arm-none-eabi/lib/armv7-m/libc_nano.a(lib_a-nano-vfprintf_i.o)
 .ARM.attributes
                0x000000000000047d       0x17 /usr/local/gcc-arm-none-eabi-5_4-2016q3/bin/../lib/gcc/arm-none-eabi/5.4.1/../../../../arm-none-eabi/lib/armv7-m/libc_nano.a(lib_a-strlen.o)
 .ARM.attributes
                0x0000000000000494       0x2d /usr/local/gcc-arm-none-eabi-5_4-2016q3/bin/../lib/gcc/arm-none-eabi/5.4.1/../../../../arm-none-eabi/lib/armv7-m/libc_nano.a(lib_a-dtoa.o)
 .ARM.attributes
                0x00000000000004c1       0x2d /usr/local/gcc-arm-none-eabi-5_4-2016q3/bin/../lib/gcc/arm-none-eabi/5.4.1/../../../../arm-none-eabi/lib/armv7-m/libc_nano.a(lib_a-localeconv.o)
 .ARM.attributes
                0x00000000000004ee       0x2d /usr/local/gcc-arm-none-eabi-5_4-2016q3/bin/../lib/gcc/arm-none-eabi/5.4.1/../../../../arm-none-eabi/lib/armv7-m/libc_nano.a(lib_a-malloc.o)
 .ARM.attributes
                0x000000000000051b       0x2d /usr/local/gcc-arm-none-eabi-5_4-2016q3/bin/../lib/gcc/arm-none-eabi/5.4.1/../../../../arm-none-eabi/lib/armv7-m/libc_nano.a(lib_a-memcpy-stub.o)
 .ARM.attributes
                0x0000000000000548       0x2d /usr/local/gcc-arm-none-eabi-5_4-2016q3/bin/../lib/gcc/arm-none-eabi/5.4.1/../../../../arm-none-eabi/lib/armv7-m/libc_nano.a(lib_a-mprec.o)
 .ARM.attributes
                0x0000000000000575       0x2d /usr/local/gcc-arm-none-eabi-5_4-2016q3/bin/../lib/gcc/arm-none-eabi/5.4.1/../../../../arm-none-eabi/lib/armv7-m/libc_nano.a(lib_a-nano-callocr.o)
 .ARM.attributes
                0x00000000000005a2       0x2d /usr/local/gcc-arm-none-eabi-5_4-2016q3/bin/../lib/gcc/arm-none-eabi/5.4.1/../../../../arm-none-eabi/lib/armv7-m/libc_nano.a(lib_a-nano-mallocr.o)
 .ARM.attributes
                0x00000000000005cf       0x2d /usr/local/gcc-arm-none-eabi-5_4-2016q3/bin/../lib/gcc/arm-none-eabi/5.4.1/../../../../arm-none-eabi/lib/armv7-m/libc_nano.a(lib_a-sbrkr.o)
 .ARM.attributes
                0x00000000000005fc       0x2d /usr/local/gcc-arm-none-eabi-5_4-2016q3/bin/../lib/gcc/arm-none-eabi/5.4.1/../../../../arm-none-eabi/lib/armv7-m/libc_nano.a(lib_a-locale.o)
 .ARM.attributes
                0x0000000000000629       0x2d /usr/local/gcc-arm-none-eabi-5_4-2016q3/bin/../lib/gcc/arm-none-eabi/5.4.1/../../../../arm-none-eabi/lib/armv7-m/libc_nano.a(lib_a-mbtowc_r.o)
 .ARM.attributes
                0x0000000000000656       0x2d /usr/local/gcc-arm-none-eabi-5_4-2016q3/bin/../lib/gcc/arm-none-eabi/5.4.1/../../../../arm-none-eabi/lib/armv7-m/libc_nano.a(lib_a-memset.o)
 .ARM.attributes
                0x0000000000000683       0x2d /usr/local/gcc-arm-none-eabi-5_4-2016q3/bin/../lib/gcc/arm-none-eabi/5.4.1/../../../../arm-none-eabi/lib/armv7-m/libc_nano.a(lib_a-mlock.o)
 .ARM.attributes
                0x00000000000006b0       0x2d /usr/local/gcc-arm-none-eabi-5_4-2016q3/bin/../lib/gcc/arm-none-eabi/5.4.1/../../../../arm-none-eabi/lib/armv7-m/libc_nano.a(lib_a-wctomb_r.o)
 .ARM.attributes
                0x00000000000006dd       0x2d /usr/local/gcc-arm-none-eabi-5_4-2016q3/bin/../lib/gcc/arm-none-eabi/5.4.1/../../../../arm-none-eabi/lib/armv7-m/libc_nano.a(lib_a-ctype_.o)
 .ARM.attributes
                0x000000000000070a       0x1d /usr/local/gcc-arm-none-eabi-5_4-2016q3/bin/../lib/gcc/arm-none-eabi/5.4.1/armv7-m/libgcc.a(_arm_addsubdf3.o)
 .ARM.attributes
                0x0000000000000727       0x1d /usr/local/gcc-arm-none-eabi-5_4-2016q3/bin/../lib/gcc/arm-none-eabi/5.4.1/armv7-m/libgcc.a(_arm_muldivdf3.o)
 .ARM.attributes
                0x0000000000000744       0x1d /usr/local/gcc-arm-none-eabi-5_4-2016q3/bin/../lib/gcc/arm-none-eabi/5.4.1/armv7-m/libgcc.a(_arm_cmpdf2.o)
 .ARM.attributes
                0x0000000000000761       0x1d /usr/local/gcc-arm-none-eabi-5_4-2016q3/bin/../lib/gcc/arm-none-eabi/5.4.1/armv7-m/libgcc.a(_arm_unorddf2.o)
 .ARM.attributes
                0x000000000000077e       0x1d /usr/local/gcc-arm-none-eabi-5_4-2016q3/bin/../lib/gcc/arm-none-eabi/5.4.1/armv7-m/libgcc.a(_arm_fixdfsi.o)

.debug
 *(.debug)

.line
 *(.line)

.debug_srcinfo
 *(.debug_srcinfo)

.debug_sfnames
 *(.debug_sfnames)

.debug_aranges  0x0000000000000000      0x680
 *(.debug_aranges)
 .debug_aranges
                0x0000000000000000       0x40 ./system/src/stm32f1-stdperiph/misc.o
 .debug_aranges
                0x0000000000000040       0xa8 ./system/src/stm32f1-stdperiph/stm32f10x_gpio.o
 .debug_aranges
                0x00000000000000e8      0x118 ./system/src/stm32f1-stdperiph/stm32f10x_rcc.o
 .debug_aranges
                0x0000000000000200       0x28 ./system/src/newlib/_exit.o
 .debug_aranges
                0x0000000000000228       0x20 ./system/src/newlib/_sbrk.o
 .debug_aranges
                0x0000000000000248       0x40 ./system/src/newlib/_startup.o
 .debug_aranges
                0x0000000000000288       0x30 ./system/src/newlib/_syscalls.o
 .debug_aranges
                0x00000000000002b8       0x28 ./system/src/newlib/assert.o
 .debug_aranges
                0x00000000000002e0       0x28 ./system/src/cortexm/_initialize_hardware.o
 .debug_aranges
                0x0000000000000308       0x80 ./system/src/cortexm/exception_handlers.o
 .debug_aranges
                0x0000000000000388       0x38 ./system/src/cmsis/system_stm32f10x.o
 .debug_aranges
                0x00000000000003c0       0x20 ./system/src/cmsis/vectors_stm32f10x.o
 .debug_aranges
                0x00000000000003e0       0x40 ./src_lib/delay.o
 .debug_aranges
                0x0000000000000420       0x18 ./src/descriptor.o
 .debug_aranges
                0x0000000000000438       0x60 ./src/disp.o
 .debug_aranges
                0x0000000000000498       0x40 ./src/hw_init.o
 .debug_aranges
                0x00000000000004d8       0x28 ./src/main.o
 .debug_aranges
                0x0000000000000500       0xd8 ./src/usb.o
 .debug_aranges
                0x00000000000005d8       0xa8 ./src/usbcore.o

.debug_pubnames
 *(.debug_pubnames)

.debug_info     0x0000000000000000     0x68c0
 *(.debug_info .gnu.linkonce.wi.*)
 .debug_info    0x0000000000000000      0x643 ./system/src/stm32f1-stdperiph/misc.o
 .debug_info    0x0000000000000643      0xbcb ./system/src/stm32f1-stdperiph/stm32f10x_gpio.o
 .debug_info    0x000000000000120e      0xc70 ./system/src/stm32f1-stdperiph/stm32f10x_rcc.o
 .debug_info    0x0000000000001e7e       0xee ./system/src/newlib/_exit.o
 .debug_info    0x0000000000001f6c      0x11f ./system/src/newlib/_sbrk.o
 .debug_info    0x000000000000208b      0x454 ./system/src/newlib/_startup.o
 .debug_info    0x00000000000024df      0x1c7 ./system/src/newlib/_syscalls.o
 .debug_info    0x00000000000026a6      0x16c ./system/src/newlib/assert.o
 .debug_info    0x0000000000002812      0x2b1 ./system/src/cortexm/_initialize_hardware.o
 .debug_info    0x0000000000002ac3      0x281 ./system/src/cortexm/exception_handlers.o
 .debug_info    0x0000000000002d44      0x497 ./system/src/cmsis/system_stm32f10x.o
 .debug_info    0x00000000000031db       0xd1 ./system/src/cmsis/vectors_stm32f10x.o
 .debug_info    0x00000000000032ac      0x672 ./src_lib/delay.o
 .debug_info    0x000000000000391e      0x17f ./src/descriptor.o
 .debug_info    0x0000000000003a9d      0x9b3 ./src/disp.o
 .debug_info    0x0000000000004450      0xa5d ./src/hw_init.o
 .debug_info    0x0000000000004ead      0x334 ./src/main.o
 .debug_info    0x00000000000051e1      0xb12 ./src/usb.o
 .debug_info    0x0000000000005cf3      0xbcd ./src/usbcore.o

.debug_abbrev   0x0000000000000000     0x1b9d
 *(.debug_abbrev)
 .debug_abbrev  0x0000000000000000      0x181 ./system/src/stm32f1-stdperiph/misc.o
 .debug_abbrev  0x0000000000000181      0x1f4 ./system/src/stm32f1-stdperiph/stm32f10x_gpio.o
 .debug_abbrev  0x0000000000000375      0x1f8 ./system/src/stm32f1-stdperiph/stm32f10x_rcc.o
 .debug_abbrev  0x000000000000056d       0xbd ./system/src/newlib/_exit.o
 .debug_abbrev  0x000000000000062a       0xb9 ./system/src/newlib/_sbrk.o
 .debug_abbrev  0x00000000000006e3      0x1ac ./system/src/newlib/_startup.o
 .debug_abbrev  0x000000000000088f       0xec ./system/src/newlib/_syscalls.o
 .debug_abbrev  0x000000000000097b       0xb9 ./system/src/newlib/assert.o
 .debug_abbrev  0x0000000000000a34       0xea ./system/src/cortexm/_initialize_hardware.o
 .debug_abbrev  0x0000000000000b1e      0x118 ./system/src/cortexm/exception_handlers.o
 .debug_abbrev  0x0000000000000c36      0x159 ./system/src/cmsis/system_stm32f10x.o
 .debug_abbrev  0x0000000000000d8f       0x9d ./system/src/cmsis/vectors_stm32f10x.o
 .debug_abbrev  0x0000000000000e2c      0x1cd ./src_lib/delay.o
 .debug_abbrev  0x0000000000000ff9       0x78 ./src/descriptor.o
 .debug_abbrev  0x0000000000001071      0x231 ./src/disp.o
 .debug_abbrev  0x00000000000012a2      0x28c ./src/hw_init.o
 .debug_abbrev  0x000000000000152e      0x152 ./src/main.o
 .debug_abbrev  0x0000000000001680      0x279 ./src/usb.o
 .debug_abbrev  0x00000000000018f9      0x2a4 ./src/usbcore.o

.debug_line     0x0000000000000000     0x5291
 *(.debug_line)
 .debug_line    0x0000000000000000      0x3fe ./system/src/stm32f1-stdperiph/misc.o
 .debug_line    0x00000000000003fe      0x8db ./system/src/stm32f1-stdperiph/stm32f10x_gpio.o
 .debug_line    0x0000000000000cd9      0x825 ./system/src/stm32f1-stdperiph/stm32f10x_rcc.o
 .debug_line    0x00000000000014fe      0x2f7 ./system/src/newlib/_exit.o
 .debug_line    0x00000000000017f5      0x2aa ./system/src/newlib/_sbrk.o
 .debug_line    0x0000000000001a9f      0x360 ./system/src/newlib/_startup.o
 .debug_line    0x0000000000001dff      0x3b4 ./system/src/newlib/_syscalls.o
 .debug_line    0x00000000000021b3      0x320 ./system/src/newlib/assert.o
 .debug_line    0x00000000000024d3      0x362 ./system/src/cortexm/_initialize_hardware.o
 .debug_line    0x0000000000002835      0x62f ./system/src/cortexm/exception_handlers.o
 .debug_line    0x0000000000002e64      0x3c2 ./system/src/cmsis/system_stm32f10x.o
 .debug_line    0x0000000000003226       0xf2 ./system/src/cmsis/vectors_stm32f10x.o
 .debug_line    0x0000000000003318      0x3c2 ./src_lib/delay.o
 .debug_line    0x00000000000036da      0x315 ./src/descriptor.o
 .debug_line    0x00000000000039ef      0x464 ./src/disp.o
 .debug_line    0x0000000000003e53      0x3c0 ./src/hw_init.o
 .debug_line    0x0000000000004213      0x636 ./src/main.o
 .debug_line    0x0000000000004849      0x54e ./src/usb.o
 .debug_line    0x0000000000004d97      0x4fa ./src/usbcore.o

.debug_frame    0x0000000000000000     0x1474
 *(.debug_frame)
 .debug_frame   0x0000000000000000       0x90 ./system/src/stm32f1-stdperiph/misc.o
 .debug_frame   0x0000000000000090      0x1e8 ./system/src/stm32f1-stdperiph/stm32f10x_gpio.o
 .debug_frame   0x0000000000000278      0x31c ./system/src/stm32f1-stdperiph/stm32f10x_rcc.o
 .debug_frame   0x0000000000000594       0x38 ./system/src/newlib/_exit.o
 .debug_frame   0x00000000000005cc       0x28 ./system/src/newlib/_sbrk.o
 .debug_frame   0x00000000000005f4       0x7c ./system/src/newlib/_startup.o
 .debug_frame   0x0000000000000670       0x50 ./system/src/newlib/_syscalls.o
 .debug_frame   0x00000000000006c0       0x40 ./system/src/newlib/assert.o
 .debug_frame   0x0000000000000700       0x40 ./system/src/cortexm/_initialize_hardware.o
 .debug_frame   0x0000000000000740       0xe8 ./system/src/cortexm/exception_handlers.o
 .debug_frame   0x0000000000000828       0x68 ./system/src/cmsis/system_stm32f10x.o
 .debug_frame   0x0000000000000890       0x20 ./system/src/cmsis/vectors_stm32f10x.o
 .debug_frame   0x00000000000008b0       0x68 ./src_lib/delay.o
 .debug_frame   0x0000000000000918       0xe8 ./src/disp.o
 .debug_frame   0x0000000000000a00       0x88 ./src/hw_init.o
 .debug_frame   0x0000000000000a88       0x38 ./src/main.o
 .debug_frame   0x0000000000000ac0      0x1d4 ./src/usb.o
 .debug_frame   0x0000000000000c94      0x1c0 ./src/usbcore.o
 .debug_frame   0x0000000000000e54       0x20 /usr/local/gcc-arm-none-eabi-5_4-2016q3/bin/../lib/gcc/arm-none-eabi/5.4.1/../../../../arm-none-eabi/lib/armv7-m/libc_nano.a(lib_a-errno.o)
 .debug_frame   0x0000000000000e74       0x8c /usr/local/gcc-arm-none-eabi-5_4-2016q3/bin/../lib/gcc/arm-none-eabi/5.4.1/../../../../arm-none-eabi/lib/armv7-m/libc_nano.a(lib_a-nano-vfprintf_float.o)
 .debug_frame   0x0000000000000f00       0x60 /usr/local/gcc-arm-none-eabi-5_4-2016q3/bin/../lib/gcc/arm-none-eabi/5.4.1/../../../../arm-none-eabi/lib/armv7-m/libc_nano.a(lib_a-nano-vfprintf_i.o)
 .debug_frame   0x0000000000000f60       0x6c /usr/local/gcc-arm-none-eabi-5_4-2016q3/bin/../lib/gcc/arm-none-eabi/5.4.1/../../../../arm-none-eabi/lib/armv7-m/libc_nano.a(lib_a-dtoa.o)
 .debug_frame   0x0000000000000fcc       0x40 /usr/local/gcc-arm-none-eabi-5_4-2016q3/bin/../lib/gcc/arm-none-eabi/5.4.1/../../../../arm-none-eabi/lib/armv7-m/libc_nano.a(lib_a-localeconv.o)
 .debug_frame   0x000000000000100c       0x30 /usr/local/gcc-arm-none-eabi-5_4-2016q3/bin/../lib/gcc/arm-none-eabi/5.4.1/../../../../arm-none-eabi/lib/armv7-m/libc_nano.a(lib_a-malloc.o)
 .debug_frame   0x000000000000103c       0x28 /usr/local/gcc-arm-none-eabi-5_4-2016q3/bin/../lib/gcc/arm-none-eabi/5.4.1/../../../../arm-none-eabi/lib/armv7-m/libc_nano.a(lib_a-memcpy-stub.o)
 .debug_frame   0x0000000000001064      0x234 /usr/local/gcc-arm-none-eabi-5_4-2016q3/bin/../lib/gcc/arm-none-eabi/5.4.1/../../../../arm-none-eabi/lib/armv7-m/libc_nano.a(lib_a-mprec.o)
 .debug_frame   0x0000000000001298       0x2c /usr/local/gcc-arm-none-eabi-5_4-2016q3/bin/../lib/gcc/arm-none-eabi/5.4.1/../../../../arm-none-eabi/lib/armv7-m/libc_nano.a(lib_a-nano-callocr.o)
 .debug_frame   0x00000000000012c4       0x2c /usr/local/gcc-arm-none-eabi-5_4-2016q3/bin/../lib/gcc/arm-none-eabi/5.4.1/../../../../arm-none-eabi/lib/armv7-m/libc_nano.a(lib_a-nano-mallocr.o)
 .debug_frame   0x00000000000012f0       0x2c /usr/local/gcc-arm-none-eabi-5_4-2016q3/bin/../lib/gcc/arm-none-eabi/5.4.1/../../../../arm-none-eabi/lib/armv7-m/libc_nano.a(lib_a-sbrkr.o)
 .debug_frame   0x000000000000131c       0x88 /usr/local/gcc-arm-none-eabi-5_4-2016q3/bin/../lib/gcc/arm-none-eabi/5.4.1/../../../../arm-none-eabi/lib/armv7-m/libc_nano.a(lib_a-locale.o)
 .debug_frame   0x00000000000013a4       0x44 /usr/local/gcc-arm-none-eabi-5_4-2016q3/bin/../lib/gcc/arm-none-eabi/5.4.1/../../../../arm-none-eabi/lib/armv7-m/libc_nano.a(lib_a-mbtowc_r.o)
 .debug_frame   0x00000000000013e8       0x20 /usr/local/gcc-arm-none-eabi-5_4-2016q3/bin/../lib/gcc/arm-none-eabi/5.4.1/../../../../arm-none-eabi/lib/armv7-m/libc_nano.a(lib_a-memset.o)
 .debug_frame   0x0000000000001408       0x30 /usr/local/gcc-arm-none-eabi-5_4-2016q3/bin/../lib/gcc/arm-none-eabi/5.4.1/../../../../arm-none-eabi/lib/armv7-m/libc_nano.a(lib_a-mlock.o)
 .debug_frame   0x0000000000001438       0x3c /usr/local/gcc-arm-none-eabi-5_4-2016q3/bin/../lib/gcc/arm-none-eabi/5.4.1/../../../../arm-none-eabi/lib/armv7-m/libc_nano.a(lib_a-wctomb_r.o)

.debug_str      0x0000000000000000    0x565dc
 *(.debug_str)
 .debug_str     0x0000000000000000    0x4e007 ./system/src/stm32f1-stdperiph/misc.o
                                      0x4e183 (size before relaxing)
 .debug_str     0x000000000004e007      0x5dd ./system/src/stm32f1-stdperiph/stm32f10x_gpio.o
                                      0x4e501 (size before relaxing)
 .debug_str     0x000000000004e5e4      0xb4a ./system/src/stm32f1-stdperiph/stm32f10x_rcc.o
                                      0x4ead0 (size before relaxing)
 .debug_str     0x000000000004f12e     0x482f ./system/src/newlib/_exit.o
                                       0x6e7f (size before relaxing)
 .debug_str     0x000000000005395d      0x4de ./system/src/newlib/_sbrk.o
                                       0x626a (size before relaxing)
 .debug_str     0x0000000000053e3b      0x260 ./system/src/newlib/_startup.o
                                       0x5e1f (size before relaxing)
 .debug_str     0x000000000005409b      0xe18 ./system/src/newlib/_syscalls.o
                                       0x70ca (size before relaxing)
 .debug_str     0x0000000000054eb3       0xdc ./system/src/newlib/assert.o
                                       0x798b (size before relaxing)
 .debug_str     0x0000000000054f8f       0x77 ./system/src/cortexm/_initialize_hardware.o
                                      0x4dfeb (size before relaxing)
 .debug_str     0x0000000000055006      0x1ce ./system/src/cortexm/exception_handlers.o
                                      0x528d4 (size before relaxing)
 .debug_str     0x00000000000551d4       0xa6 ./system/src/cmsis/system_stm32f10x.o
                                      0x4e095 (size before relaxing)
 .debug_str     0x000000000005527a       0x57 ./system/src/cmsis/vectors_stm32f10x.o
                                       0x303a (size before relaxing)
 .debug_str     0x00000000000552d1      0x37f ./src_lib/delay.o
                                      0x4e36e (size before relaxing)
 .debug_str     0x0000000000055650       0x77 ./src/descriptor.o
                                      0x4df52 (size before relaxing)
 .debug_str     0x00000000000556c7      0x1a8 ./src/disp.o
                                      0x4e42f (size before relaxing)
 .debug_str     0x000000000005586f      0x236 ./src/hw_init.o
                                      0x4e6cf (size before relaxing)
 .debug_str     0x0000000000055aa5      0x785 ./src/main.o
                                      0x531b4 (size before relaxing)
 .debug_str     0x000000000005622a      0x1e8 ./src/usb.o
                                      0x4e61f (size before relaxing)
 .debug_str     0x0000000000056412      0x1ca ./src/usbcore.o
                                      0x4e3f9 (size before relaxing)

.debug_loc      0x0000000000000000     0x215a
 *(.debug_loc)
 .debug_loc     0x0000000000000000      0x1b5 ./system/src/stm32f1-stdperiph/misc.o
 .debug_loc     0x00000000000001b5      0x776 ./system/src/stm32f1-stdperiph/stm32f10x_gpio.o
 .debug_loc     0x000000000000092b      0x91f ./system/src/stm32f1-stdperiph/stm32f10x_rcc.o
 .debug_loc     0x000000000000124a       0x82 ./system/src/newlib/_sbrk.o
 .debug_loc     0x00000000000012cc      0x265 ./system/src/newlib/_startup.o
 .debug_loc     0x0000000000001531       0x63 ./system/src/newlib/_syscalls.o
 .debug_loc     0x0000000000001594       0xc6 ./system/src/newlib/assert.o
 .debug_loc     0x000000000000165a       0xdf ./system/src/cmsis/system_stm32f10x.o
 .debug_loc     0x0000000000001739       0x59 ./src_lib/delay.o
 .debug_loc     0x0000000000001792      0x1b3 ./src/disp.o
 .debug_loc     0x0000000000001945      0x14b ./src/hw_init.o
 .debug_loc     0x0000000000001a90       0x42 ./src/main.o
 .debug_loc     0x0000000000001ad2      0x3fb ./src/usb.o
 .debug_loc     0x0000000000001ecd      0x28d ./src/usbcore.o

.debug_macinfo
 *(.debug_macinfo)

.debug_weaknames
 *(.debug_weaknames)

.debug_funcnames
 *(.debug_funcnames)

.debug_typenames
 *(.debug_typenames)

.debug_varnames
 *(.debug_varnames)
OUTPUT(tstusb.elf elf32-littlearm)

.debug_ranges   0x0000000000000000      0x560
 .debug_ranges  0x0000000000000000       0x30 ./system/src/stm32f1-stdperiph/misc.o
 .debug_ranges  0x0000000000000030       0x98 ./system/src/stm32f1-stdperiph/stm32f10x_gpio.o
 .debug_ranges  0x00000000000000c8      0x108 ./system/src/stm32f1-stdperiph/stm32f10x_rcc.o
 .debug_ranges  0x00000000000001d0       0x18 ./system/src/newlib/_exit.o
 .debug_ranges  0x00000000000001e8       0x10 ./system/src/newlib/_sbrk.o
 .debug_ranges  0x00000000000001f8       0x48 ./system/src/newlib/_startup.o
 .debug_ranges  0x0000000000000240       0x20 ./system/src/newlib/_syscalls.o
 .debug_ranges  0x0000000000000260       0x18 ./system/src/newlib/assert.o
 .debug_ranges  0x0000000000000278       0x18 ./system/src/cortexm/_initialize_hardware.o
 .debug_ranges  0x0000000000000290       0x70 ./system/src/cortexm/exception_handlers.o
 .debug_ranges  0x0000000000000300       0x28 ./system/src/cmsis/system_stm32f10x.o
 .debug_ranges  0x0000000000000328       0x10 ./system/src/cmsis/vectors_stm32f10x.o
 .debug_ranges  0x0000000000000338       0x30 ./src_lib/delay.o
 .debug_ranges  0x0000000000000368       0x50 ./src/disp.o
 .debug_ranges  0x00000000000003b8       0x30 ./src/hw_init.o
 .debug_ranges  0x00000000000003e8       0x18 ./src/main.o
 .debug_ranges  0x0000000000000400       0xc8 ./src/usb.o
 .debug_ranges  0x00000000000004c8       0x98 ./src/usbcore.o

.debug_macro    0x0000000000000000    0x1007e
 .debug_macro   0x0000000000000000      0x171 ./system/src/stm32f1-stdperiph/misc.o
 .debug_macro   0x0000000000000171      0x880 ./system/src/stm32f1-stdperiph/misc.o
 .debug_macro   0x00000000000009f1       0x50 ./system/src/stm32f1-stdperiph/misc.o
 .debug_macro   0x0000000000000a41      0x34e ./system/src/stm32f1-stdperiph/misc.o
 .debug_macro   0x0000000000000d8f       0x35 ./system/src/stm32f1-stdperiph/misc.o
 .debug_macro   0x0000000000000dc4       0x34 ./system/src/stm32f1-stdperiph/misc.o
 .debug_macro   0x0000000000000df8      0xb8e ./system/src/stm32f1-stdperiph/misc.o
 .debug_macro   0x0000000000001986     0x7dbe ./system/src/stm32f1-stdperiph/misc.o
 .debug_macro   0x0000000000009744      0x2e4 ./system/src/stm32f1-stdperiph/misc.o
 .debug_macro   0x0000000000009a28      0x144 ./system/src/stm32f1-stdperiph/misc.o
 .debug_macro   0x0000000000009b6c      0x3cf ./system/src/stm32f1-stdperiph/misc.o
 .debug_macro   0x0000000000009f3b       0xc8 ./system/src/stm32f1-stdperiph/misc.o
 .debug_macro   0x000000000000a003      0x17a ./system/src/stm32f1-stdperiph/misc.o
 .debug_macro   0x000000000000a17d       0xac ./system/src/stm32f1-stdperiph/misc.o
 .debug_macro   0x000000000000a229      0x3ad ./system/src/stm32f1-stdperiph/misc.o
 .debug_macro   0x000000000000a5d6       0x9d ./system/src/stm32f1-stdperiph/misc.o
 .debug_macro   0x000000000000a673      0x2cf ./system/src/stm32f1-stdperiph/misc.o
 .debug_macro   0x000000000000a942      0x279 ./system/src/stm32f1-stdperiph/misc.o
 .debug_macro   0x000000000000abbb      0x2ac ./system/src/stm32f1-stdperiph/misc.o
 .debug_macro   0x000000000000ae67      0x2b4 ./system/src/stm32f1-stdperiph/misc.o
 .debug_macro   0x000000000000b11b       0x64 ./system/src/stm32f1-stdperiph/misc.o
 .debug_macro   0x000000000000b17f       0x82 ./system/src/stm32f1-stdperiph/misc.o
 .debug_macro   0x000000000000b201      0x3e2 ./system/src/stm32f1-stdperiph/misc.o
 .debug_macro   0x000000000000b5e3       0x58 ./system/src/stm32f1-stdperiph/misc.o
 .debug_macro   0x000000000000b63b      0x344 ./system/src/stm32f1-stdperiph/misc.o
 .debug_macro   0x000000000000b97f      0x2c4 ./system/src/stm32f1-stdperiph/misc.o
 .debug_macro   0x000000000000bc43      0x711 ./system/src/stm32f1-stdperiph/misc.o
 .debug_macro   0x000000000000c354      0x222 ./system/src/stm32f1-stdperiph/misc.o
 .debug_macro   0x000000000000c576       0x34 ./system/src/stm32f1-stdperiph/misc.o
 .debug_macro   0x000000000000c5aa       0x35 ./system/src/stm32f1-stdperiph/misc.o
 .debug_macro   0x000000000000c5df       0x85 ./system/src/stm32f1-stdperiph/misc.o
 .debug_macro   0x000000000000c664      0x1b9 ./system/src/stm32f1-stdperiph/stm32f10x_gpio.o
 .debug_macro   0x000000000000c81d       0x8b ./system/src/stm32f1-stdperiph/stm32f10x_gpio.o
 .debug_macro   0x000000000000c8a8      0x2a6 ./system/src/stm32f1-stdperiph/stm32f10x_gpio.o
 .debug_macro   0x000000000000cb4e      0x287 ./system/src/stm32f1-stdperiph/stm32f10x_rcc.o
 .debug_macro   0x000000000000cdd5      0x3dc ./system/src/stm32f1-stdperiph/stm32f10x_rcc.o
 .debug_macro   0x000000000000d1b1      0x19c ./system/src/newlib/_exit.o
 .debug_macro   0x000000000000d34d       0x9c ./system/src/newlib/_exit.o
 .debug_macro   0x000000000000d3e9      0x10e ./system/src/newlib/_exit.o
 .debug_macro   0x000000000000d4f7       0x8d ./system/src/newlib/_exit.o
 .debug_macro   0x000000000000d584       0x43 ./system/src/newlib/_exit.o
 .debug_macro   0x000000000000d5c7      0x30d ./system/src/newlib/_exit.o
 .debug_macro   0x000000000000d8d4       0x35 ./system/src/newlib/_exit.o
 .debug_macro   0x000000000000d909      0x151 ./system/src/newlib/_sbrk.o
 .debug_macro   0x000000000000da5a      0x174 ./system/src/newlib/_sbrk.o
 .debug_macro   0x000000000000dbce       0x10 ./system/src/newlib/_sbrk.o
 .debug_macro   0x000000000000dbde      0x23b ./system/src/newlib/_sbrk.o
 .debug_macro   0x000000000000de19      0x15b ./system/src/newlib/_startup.o
 .debug_macro   0x000000000000df74      0x1ff ./system/src/newlib/_syscalls.o
 .debug_macro   0x000000000000e173       0x1c ./system/src/newlib/_syscalls.o
 .debug_macro   0x000000000000e18f       0x10 ./system/src/newlib/_syscalls.o
 .debug_macro   0x000000000000e19f       0x10 ./system/src/newlib/_syscalls.o
 .debug_macro   0x000000000000e1af       0x10 ./system/src/newlib/_syscalls.o
 .debug_macro   0x000000000000e1bf       0x35 ./system/src/newlib/_syscalls.o
 .debug_macro   0x000000000000e1f4      0x122 ./system/src/newlib/_syscalls.o
 .debug_macro   0x000000000000e316       0x88 ./system/src/newlib/_syscalls.o
 .debug_macro   0x000000000000e39e       0x2b ./system/src/newlib/_syscalls.o
 .debug_macro   0x000000000000e3c9      0x118 ./system/src/newlib/_syscalls.o
 .debug_macro   0x000000000000e4e1      0x159 ./system/src/newlib/_syscalls.o
 .debug_macro   0x000000000000e63a       0x16 ./system/src/newlib/_syscalls.o
 .debug_macro   0x000000000000e650      0x1b8 ./system/src/newlib/assert.o
 .debug_macro   0x000000000000e808       0x1c ./system/src/newlib/assert.o
 .debug_macro   0x000000000000e824      0x16b ./system/src/cortexm/_initialize_hardware.o
 .debug_macro   0x000000000000e98f      0x302 ./system/src/cortexm/exception_handlers.o
 .debug_macro   0x000000000000ec91       0x3b ./system/src/cortexm/exception_handlers.o
 .debug_macro   0x000000000000eccc       0x22 ./system/src/cortexm/exception_handlers.o
 .debug_macro   0x000000000000ecee       0x10 ./system/src/cortexm/exception_handlers.o
 .debug_macro   0x000000000000ecfe       0xcf ./system/src/cortexm/exception_handlers.o
 .debug_macro   0x000000000000edcd       0xbe ./system/src/cortexm/exception_handlers.o
 .debug_macro   0x000000000000ee8b       0x10 ./system/src/cortexm/exception_handlers.o
 .debug_macro   0x000000000000ee9b      0x16e ./system/src/cmsis/system_stm32f10x.o
 .debug_macro   0x000000000000f009       0x34 ./system/src/cmsis/vectors_stm32f10x.o
 .debug_macro   0x000000000000f03d      0x161 ./src_lib/delay.o
 .debug_macro   0x000000000000f19e      0x167 ./src/descriptor.o
 .debug_macro   0x000000000000f305      0x189 ./src/disp.o
 .debug_macro   0x000000000000f48e      0x16a ./src/hw_init.o
 .debug_macro   0x000000000000f5f8       0x9a ./src/hw_init.o
 .debug_macro   0x000000000000f692      0x36b ./src/main.o
 .debug_macro   0x000000000000f9fd       0x16 ./src/main.o
 .debug_macro   0x000000000000fa13       0x97 ./src/main.o
 .debug_macro   0x000000000000faaa       0xfd ./src/main.o
 .debug_macro   0x000000000000fba7       0x10 ./src/main.o
 .debug_macro   0x000000000000fbb7       0x16 ./src/main.o
 .debug_macro   0x000000000000fbcd      0x18b ./src/main.o
 .debug_macro   0x000000000000fd58       0x16 ./src/main.o
 .debug_macro   0x000000000000fd6e      0x170 ./src/usb.o
 .debug_macro   0x000000000000fede      0x1a0 ./src/usbcore.o
