Archive member included to satisfy reference by file (symbol)

/usr/local/gcc-arm-none-eabi-5_4-2016q3/bin/../lib/gcc/arm-none-eabi/5.4.1/../../../../arm-none-eabi/lib/armv7-m/libc_nano.a(lib_a-errno.o)
                              ./system/src/newlib/_sbrk.o (__errno)
/usr/local/gcc-arm-none-eabi-5_4-2016q3/bin/../lib/gcc/arm-none-eabi/5.4.1/../../../../arm-none-eabi/lib/armv7-m/libc_nano.a(lib_a-impure.o)
                              /usr/local/gcc-arm-none-eabi-5_4-2016q3/bin/../lib/gcc/arm-none-eabi/5.4.1/../../../../arm-none-eabi/lib/armv7-m/libc_nano.a(lib_a-errno.o) (_impure_ptr)
/usr/local/gcc-arm-none-eabi-5_4-2016q3/bin/../lib/gcc/arm-none-eabi/5.4.1/../../../../arm-none-eabi/lib/armv7-m/libc_nano.a(lib_a-nano-vfprintf_float.o)
                              (_printf_float)
/usr/local/gcc-arm-none-eabi-5_4-2016q3/bin/../lib/gcc/arm-none-eabi/5.4.1/../../../../arm-none-eabi/lib/armv7-m/libc_nano.a(lib_a-nano-vfprintf_i.o)
                              /usr/local/gcc-arm-none-eabi-5_4-2016q3/bin/../lib/gcc/arm-none-eabi/5.4.1/../../../../arm-none-eabi/lib/armv7-m/libc_nano.a(lib_a-nano-vfprintf_float.o) (_printf_common)
/usr/local/gcc-arm-none-eabi-5_4-2016q3/bin/../lib/gcc/arm-none-eabi/5.4.1/../../../../arm-none-eabi/lib/armv7-m/libc_nano.a(lib_a-strcmp.o)
                              ./src/main.o (strcmp)
/usr/local/gcc-arm-none-eabi-5_4-2016q3/bin/../lib/gcc/arm-none-eabi/5.4.1/../../../../arm-none-eabi/lib/armv7-m/libc_nano.a(lib_a-strlen.o)
                              /usr/local/gcc-arm-none-eabi-5_4-2016q3/bin/../lib/gcc/arm-none-eabi/5.4.1/../../../../arm-none-eabi/lib/armv7-m/libc_nano.a(lib_a-nano-vfprintf_float.o) (strlen)
/usr/local/gcc-arm-none-eabi-5_4-2016q3/bin/../lib/gcc/arm-none-eabi/5.4.1/../../../../arm-none-eabi/lib/armv7-m/libc_nano.a(lib_a-dtoa.o)
                              /usr/local/gcc-arm-none-eabi-5_4-2016q3/bin/../lib/gcc/arm-none-eabi/5.4.1/../../../../arm-none-eabi/lib/armv7-m/libc_nano.a(lib_a-nano-vfprintf_float.o) (_dtoa_r)
/usr/local/gcc-arm-none-eabi-5_4-2016q3/bin/../lib/gcc/arm-none-eabi/5.4.1/../../../../arm-none-eabi/lib/armv7-m/libc_nano.a(lib_a-localeconv.o)
                              /usr/local/gcc-arm-none-eabi-5_4-2016q3/bin/../lib/gcc/arm-none-eabi/5.4.1/../../../../arm-none-eabi/lib/armv7-m/libc_nano.a(lib_a-nano-vfprintf_float.o) (_localeconv_r)
/usr/local/gcc-arm-none-eabi-5_4-2016q3/bin/../lib/gcc/arm-none-eabi/5.4.1/../../../../arm-none-eabi/lib/armv7-m/libc_nano.a(lib_a-malloc.o)
                              /usr/local/gcc-arm-none-eabi-5_4-2016q3/bin/../lib/gcc/arm-none-eabi/5.4.1/../../../../arm-none-eabi/lib/armv7-m/libc_nano.a(lib_a-dtoa.o) (malloc)
/usr/local/gcc-arm-none-eabi-5_4-2016q3/bin/../lib/gcc/arm-none-eabi/5.4.1/../../../../arm-none-eabi/lib/armv7-m/libc_nano.a(lib_a-memchr-stub.o)
                              /usr/local/gcc-arm-none-eabi-5_4-2016q3/bin/../lib/gcc/arm-none-eabi/5.4.1/../../../../arm-none-eabi/lib/armv7-m/libc_nano.a(lib_a-nano-vfprintf_i.o) (memchr)
/usr/local/gcc-arm-none-eabi-5_4-2016q3/bin/../lib/gcc/arm-none-eabi/5.4.1/../../../../arm-none-eabi/lib/armv7-m/libc_nano.a(lib_a-memcpy-stub.o)
                              /usr/local/gcc-arm-none-eabi-5_4-2016q3/bin/../lib/gcc/arm-none-eabi/5.4.1/../../../../arm-none-eabi/lib/armv7-m/libc_nano.a(lib_a-dtoa.o) (memcpy)
/usr/local/gcc-arm-none-eabi-5_4-2016q3/bin/../lib/gcc/arm-none-eabi/5.4.1/../../../../arm-none-eabi/lib/armv7-m/libc_nano.a(lib_a-mprec.o)
                              /usr/local/gcc-arm-none-eabi-5_4-2016q3/bin/../lib/gcc/arm-none-eabi/5.4.1/../../../../arm-none-eabi/lib/armv7-m/libc_nano.a(lib_a-dtoa.o) (_Balloc)
/usr/local/gcc-arm-none-eabi-5_4-2016q3/bin/../lib/gcc/arm-none-eabi/5.4.1/../../../../arm-none-eabi/lib/armv7-m/libc_nano.a(lib_a-nano-callocr.o)
                              /usr/local/gcc-arm-none-eabi-5_4-2016q3/bin/../lib/gcc/arm-none-eabi/5.4.1/../../../../arm-none-eabi/lib/armv7-m/libc_nano.a(lib_a-mprec.o) (_calloc_r)
/usr/local/gcc-arm-none-eabi-5_4-2016q3/bin/../lib/gcc/arm-none-eabi/5.4.1/../../../../arm-none-eabi/lib/armv7-m/libc_nano.a(lib_a-nano-freer.o)
                              /usr/local/gcc-arm-none-eabi-5_4-2016q3/bin/../lib/gcc/arm-none-eabi/5.4.1/../../../../arm-none-eabi/lib/armv7-m/libc_nano.a(lib_a-malloc.o) (_free_r)
/usr/local/gcc-arm-none-eabi-5_4-2016q3/bin/../lib/gcc/arm-none-eabi/5.4.1/../../../../arm-none-eabi/lib/armv7-m/libc_nano.a(lib_a-nano-mallocr.o)
                              /usr/local/gcc-arm-none-eabi-5_4-2016q3/bin/../lib/gcc/arm-none-eabi/5.4.1/../../../../arm-none-eabi/lib/armv7-m/libc_nano.a(lib_a-malloc.o) (_malloc_r)
/usr/local/gcc-arm-none-eabi-5_4-2016q3/bin/../lib/gcc/arm-none-eabi/5.4.1/../../../../arm-none-eabi/lib/armv7-m/libc_nano.a(lib_a-sbrkr.o)
                              /usr/local/gcc-arm-none-eabi-5_4-2016q3/bin/../lib/gcc/arm-none-eabi/5.4.1/../../../../arm-none-eabi/lib/armv7-m/libc_nano.a(lib_a-nano-mallocr.o) (_sbrk_r)
[...]
Memory Configuration

Name             Origin             Length             Attributes
RAM              0x0000000020000000 0x0000000000005000 xrw
CCMRAM           0x0000000000000000 0x0000000000000000 xrw
FLASH            0x0000000008000000 0x0000000000020000 xr
FLASHB1          0x0000000000000000 0x0000000000000000 xr
EXTMEMB0         0x0000000000000000 0x0000000000000000 xr
EXTMEMB1         0x0000000000000000 0x0000000000000000 xr
EXTMEMB2         0x0000000000000000 0x0000000000000000 xr
EXTMEMB3         0x0000000000000000 0x0000000000000000 xr
MEMORY_ARRAY     0x0000000000000000 0x0000000000000000 xrw
*default*        0x0000000000000000 0xffffffffffffffff

Linker script and memory map

LOAD /usr/local/gcc-arm-none-eabi-5_4-2016q3/bin/../lib/gcc/arm-none-eabi/5.4.1/../../../../arm-none-eabi/lib/armv7-m/librdimon_nano.a
LOAD ./system/src/stm32f1-stdperiph/misc.o
LOAD ./system/src/stm32f1-stdperiph/stm32f10x_gpio.o
LOAD ./system/src/stm32f1-stdperiph/stm32f10x_rcc.o
LOAD ./system/src/newlib/_cxx.o
LOAD ./system/src/newlib/_exit.o
LOAD ./system/src/newlib/_sbrk.o
LOAD ./system/src/newlib/_startup.o
LOAD ./system/src/newlib/_syscalls.o
LOAD ./system/src/newlib/assert.o
LOAD ./system/src/diag/Trace.o
LOAD ./system/src/diag/trace_impl.o
LOAD ./system/src/cortexm/_initialize_hardware.o
LOAD ./system/src/cortexm/_reset_hardware.o
LOAD ./system/src/cortexm/exception_handlers.o
LOAD ./system/src/cmsis/system_stm32f10x.o
LOAD ./system/src/cmsis/vectors_stm32f10x.o
LOAD ./src_lib/delay.o
LOAD ./src/descriptor.o
LOAD ./src/hw_init.o
LOAD ./src/main.o
LOAD ./src/usb.o
LOAD ./src/usbcore.o
LOAD /usr/local/gcc-arm-none-eabi-5_4-2016q3/bin/../lib/gcc/arm-none-eabi/5.4.1/../../../../arm-none-eabi/lib/armv7-m/libstdc++_nano.a
LOAD /usr/local/gcc-arm-none-eabi-5_4-2016q3/bin/../lib/gcc/arm-none-eabi/5.4.1/../../../../arm-none-eabi/lib/armv7-m/libm.a
LOAD /usr/local/gcc-arm-none-eabi-5_4-2016q3/bin/../lib/gcc/arm-none-eabi/5.4.1/../../../../arm-none-eabi/lib/armv7-m/libc_nano.a
START GROUP
LOAD /usr/local/gcc-arm-none-eabi-5_4-2016q3/bin/../lib/gcc/arm-none-eabi/5.4.1/armv7-m/libgcc.a
LOAD /usr/local/gcc-arm-none-eabi-5_4-2016q3/bin/../lib/gcc/arm-none-eabi/5.4.1/../../../../arm-none-eabi/lib/armv7-m/libg_nano.a
LOAD /usr/local/gcc-arm-none-eabi-5_4-2016q3/bin/../lib/gcc/arm-none-eabi/5.4.1/../../../../arm-none-eabi/lib/armv7-m/libc_nano.a
END GROUP
START GROUP
LOAD /usr/local/gcc-arm-none-eabi-5_4-2016q3/bin/../lib/gcc/arm-none-eabi/5.4.1/armv7-m/libgcc.a
LOAD /usr/local/gcc-arm-none-eabi-5_4-2016q3/bin/../lib/gcc/arm-none-eabi/5.4.1/../../../../arm-none-eabi/lib/armv7-m/libc_nano.a
LOAD /usr/local/gcc-arm-none-eabi-5_4-2016q3/bin/../lib/gcc/arm-none-eabi/5.4.1/../../../../arm-none-eabi/lib/armv7-m/librdimon_nano.a
LOAD /usr/local/gcc-arm-none-eabi-5_4-2016q3/bin/../lib/gcc/arm-none-eabi/5.4.1/../../../../arm-none-eabi/lib/armv7-m/libnosys.a
END GROUP
START GROUP
LOAD /usr/local/gcc-arm-none-eabi-5_4-2016q3/bin/../lib/gcc/arm-none-eabi/5.4.1/armv7-m/libgcc.a
LOAD /usr/local/gcc-arm-none-eabi-5_4-2016q3/bin/../lib/gcc/arm-none-eabi/5.4.1/../../../../arm-none-eabi/lib/armv7-m/libc_nano.a
LOAD /usr/local/gcc-arm-none-eabi-5_4-2016q3/bin/../lib/gcc/arm-none-eabi/5.4.1/../../../../arm-none-eabi/lib/armv7-m/libnosys.a
END GROUP
START GROUP
LOAD /usr/local/gcc-arm-none-eabi-5_4-2016q3/bin/../lib/gcc/arm-none-eabi/5.4.1/armv7-m/libgcc.a
LOAD /usr/local/gcc-arm-none-eabi-5_4-2016q3/bin/../lib/gcc/arm-none-eabi/5.4.1/../../../../arm-none-eabi/lib/armv7-m/libc_nano.a
LOAD /usr/local/gcc-arm-none-eabi-5_4-2016q3/bin/../lib/gcc/arm-none-eabi/5.4.1/../../../../arm-none-eabi/lib/armv7-m/librdimon_nano.a
END GROUP
                0x0000000020005000                __stack = (ORIGIN (RAM) + LENGTH (RAM))
                0x0000000020005000                _estack = __stack
                0x0000000000000400                __Main_Stack_Size = 0x400
                [!provide]                        PROVIDE (_Main_Stack_Size, __Main_Stack_Size)
                0x0000000020004c00                __Main_Stack_Limit = (__stack - __Main_Stack_Size)
                [!provide]                        PROVIDE (_Main_Stack_Limit, __Main_Stack_Limit)
                0x0000000000000100                _Minimum_Stack_Size = 0x100
                0x0000000020000274                PROVIDE (_Heap_Begin, _end_noinit)
                0x0000000020004c00                PROVIDE (_Heap_Limit, (__stack - __Main_Stack_Size))

.isr_vector     0x0000000008000000      0x298
 FILL mask 0xff
                0x0000000008000000                __vectors_start = ABSOLUTE (.)
                0x0000000008000000                __vectors_start__ = ABSOLUTE (.)
 *(.isr_vector)
 .isr_vector    0x0000000008000000      0x10c ./system/src/cmsis/vectors_stm32f10x.o
                0x0000000008000000                __isr_vectors
 *(.cfmconfig)
 *(.after_vectors .after_vectors.*)
 .after_vectors
                0x000000000800010c      0x114 ./system/src/newlib/_startup.o
                0x000000000800010c                _start
 .after_vectors
                0x0000000008000220       0x74 ./system/src/cortexm/exception_handlers.o
                0x0000000008000220                Reset_Handler
                0x0000000008000228                NMI_Handler
                0x000000000800022c                HardFault_Handler
                0x0000000008000240                HardFault_Handler_C
                0x0000000008000244                MemManage_Handler
                0x0000000008000248                BusFault_Handler
                0x000000000800025c                BusFault_Handler_C
                0x0000000008000260                UsageFault_Handler
                0x0000000008000274                UsageFault_Handler_C
                0x0000000008000278                SVC_Handler
                0x000000000800027c                DebugMon_Handler
                0x0000000008000280                PendSV_Handler
 .after_vectors
                0x0000000008000294        0x4 ./system/src/cmsis/vectors_stm32f10x.o
                0x0000000008000294                TIM1_BRK_TIM15_IRQHandler
                0x0000000008000294                TIM8_TRG_COM_IRQHandler
                0x0000000008000294                TIM8_CC_IRQHandler
                0x0000000008000294                TIM1_CC_IRQHandler
                0x0000000008000294                TIM6_IRQHandler
                0x0000000008000294                PVD_IRQHandler
                0x0000000008000294                SDIO_IRQHandler
                0x0000000008000294                CAN2_RX1_IRQHandler
                0x0000000008000294                EXTI3_IRQHandler
                0x0000000008000294                TIM8_TRG_COM_TIM14_IRQHandler
                0x0000000008000294                TIM1_UP_TIM10_IRQHandler
                0x0000000008000294                TIM8_UP_TIM13_IRQHandler
                0x0000000008000294                EXTI0_IRQHandler
                0x0000000008000294                I2C2_EV_IRQHandler
                0x0000000008000294                CAN1_RX0_IRQHandler
                0x0000000008000294                TIM1_UP_TIM16_IRQHandler
                0x0000000008000294                CAN2_SCE_IRQHandler
                0x0000000008000294                ADC1_2_IRQHandler
                0x0000000008000294                SPI1_IRQHandler
                0x0000000008000294                TAMPER_IRQHandler
                0x0000000008000294                TIM6_DAC_IRQHandler
                0x0000000008000294                TIM1_BRK_TIM9_IRQHandler
                0x0000000008000294                CAN2_RX0_IRQHandler
                0x0000000008000294                TIM8_UP_IRQHandler
                0x0000000008000294                DMA2_Channel2_IRQHandler
                0x0000000008000294                DMA1_Channel4_IRQHandler
                0x0000000008000294                USART3_IRQHandler
                0x0000000008000294                RTC_IRQHandler
                0x0000000008000294                DMA1_Channel7_IRQHandler
                0x0000000008000294                CAN1_RX1_IRQHandler
                0x0000000008000294                UART5_IRQHandler
                0x0000000008000294                ADC3_IRQHandler
                0x0000000008000294                TIM4_IRQHandler
                0x0000000008000294                DMA2_Channel1_IRQHandler
                0x0000000008000294                I2C1_EV_IRQHandler
                0x0000000008000294                DMA1_Channel6_IRQHandler
                0x0000000008000294                UART4_IRQHandler
                0x0000000008000294                DMA2_Channel4_IRQHandler
                0x0000000008000294                TIM3_IRQHandler
                0x0000000008000294                RCC_IRQHandler
                0x0000000008000294                TIM8_BRK_TIM12_IRQHandler
                0x0000000008000294                TIM1_TRG_COM_IRQHandler
                0x0000000008000294                DMA1_Channel1_IRQHandler
                0x0000000008000294                Default_Handler
                0x0000000008000294                CEC_IRQHandler
                0x0000000008000294                TIM14_IRQHandler
                0x0000000008000294                TIM13_IRQHandler
                0x0000000008000294                TIM12_IRQHandler
                0x0000000008000294                TIM7_IRQHandler
                0x0000000008000294                CAN2_TX_IRQHandler
                0x0000000008000294                TIM5_IRQHandler
                0x0000000008000294                EXTI9_5_IRQHandler
                0x0000000008000294                ETH_WKUP_IRQHandler
                0x0000000008000294                SPI2_IRQHandler
                0x0000000008000294                CAN1_TX_IRQHandler
                0x0000000008000294                DMA2_Channel5_IRQHandler
                0x0000000008000294                DMA1_Channel5_IRQHandler
                0x0000000008000294                EXTI4_IRQHandler
                0x0000000008000294                TIM1_TRG_COM_TIM17_IRQHandler
                0x0000000008000294                DMA1_Channel3_IRQHandler
                0x0000000008000294                FSMC_IRQHandler
                0x0000000008000294                ETH_IRQHandler
                0x0000000008000294                TIM1_UP_IRQHandler
                0x0000000008000294                WWDG_IRQHandler
                0x0000000008000294                TIM2_IRQHandler
                0x0000000008000294                OTG_FS_WKUP_IRQHandler
                0x0000000008000294                TIM1_TRG_COM_TIM11_IRQHandler
                0x0000000008000294                TIM1_BRK_IRQHandler
                0x0000000008000294                EXTI1_IRQHandler
                0x0000000008000294                RTCAlarm_IRQHandler
                0x0000000008000294                DMA2_Channel4_5_IRQHandler
                0x0000000008000294                USART2_IRQHandler
                0x0000000008000294                I2C2_ER_IRQHandler
                0x0000000008000294                DMA1_Channel2_IRQHandler
                0x0000000008000294                TIM8_BRK_IRQHandler
                0x0000000008000294                CAN1_SCE_IRQHandler
                0x0000000008000294                FLASH_IRQHandler
                0x0000000008000294                USART1_IRQHandler
                0x0000000008000294                OTG_FS_IRQHandler
                0x0000000008000294                SPI3_IRQHandler
                0x0000000008000294                I2C1_ER_IRQHandler
                0x0000000008000294                USBWakeUp_IRQHandler
                0x0000000008000294                DMA2_Channel3_IRQHandler
                0x0000000008000294                EXTI2_IRQHandler

.inits          0x0000000008000298       0x28
                0x0000000008000298                __data_regions_array_start = .
                0x0000000008000298        0x4 LONG 0x8003860 LOADADDR (.data)
                0x000000000800029c        0x4 LONG 0x20000000 ADDR (.data)
                0x00000000080002a0        0x4 LONG 0x2000020c (ADDR (.data) + SIZEOF (.data))
                0x00000000080002a4        0x4 LONG 0x8003860 LOADADDR (.data_CCMRAM)
                0x00000000080002a8        0x4 LONG 0x0 ADDR (.data_CCMRAM)
                0x00000000080002ac        0x4 LONG 0x0 (ADDR (.data_CCMRAM) + SIZEOF (.data_CCMRAM))
                0x00000000080002b0                __data_regions_array_end = .
                0x00000000080002b0                __bss_regions_array_start = .
                0x00000000080002b0        0x4 LONG 0x2000020c ADDR (.bss)
                0x00000000080002b4        0x4 LONG 0x20000274 (ADDR (.bss) + SIZEOF (.bss))
                0x00000000080002b8        0x4 LONG 0x0 ADDR (.bss_CCMRAM)
                0x00000000080002bc        0x4 LONG 0x0 (ADDR (.bss_CCMRAM) + SIZEOF (.bss_CCMRAM))
                0x00000000080002c0                __bss_regions_array_end = .
 *(.init)
 *(.fini)
                0x00000000080002c0                . = ALIGN (0x4)
                0x00000000080002c0                PROVIDE (__preinit_array_start, .)
 *(.preinit_array_sysinit .preinit_array_sysinit.*)
 *(.preinit_array_platform .preinit_array_platform.*)
 *(.preinit_array .preinit_array.*)
                0x00000000080002c0                PROVIDE (__preinit_array_end, .)
                0x00000000080002c0                . = ALIGN (0x4)
                0x00000000080002c0                PROVIDE (__init_array_start, .)
 *(SORT(.init_array.*))
 *(.init_array)
                0x00000000080002c0                PROVIDE (__init_array_end, .)
                0x00000000080002c0                . = ALIGN (0x4)
                0x00000000080002c0                PROVIDE (__fini_array_start, .)
 *(SORT(.fini_array.*))
 *(.fini_array)
                0x00000000080002c0                PROVIDE (__fini_array_end, .)

.flashtext
 *(.flashtext .flashtext.*)

.text           0x00000000080002c0     0x359f
 *(.text .text.*)
 .text.GPIO_Init
                0x00000000080002c0      0x128 ./system/src/stm32f1-stdperiph/stm32f10x_gpio.o
                0x00000000080002c0                GPIO_Init
 .text.RCC_USBCLKConfig
                0x00000000080003e8       0x20 ./system/src/stm32f1-stdperiph/stm32f10x_rcc.o
                0x00000000080003e8                RCC_USBCLKConfig
 .text.RCC_APB2PeriphClockCmd
                0x0000000008000408       0x4c ./system/src/stm32f1-stdperiph/stm32f10x_rcc.o
                0x0000000008000408                RCC_APB2PeriphClockCmd
 .text.RCC_APB1PeriphClockCmd
                0x0000000008000454       0x4c ./system/src/stm32f1-stdperiph/stm32f10x_rcc.o
                0x0000000008000454                RCC_APB1PeriphClockCmd
 .text._exit    0x00000000080004a0        0x4 ./system/src/newlib/_exit.o
                0x00000000080004a0                _exit
 .text.abort    0x00000000080004a4        0x8 ./system/src/newlib/_exit.o
                0x00000000080004a4                abort
 .text._sbrk    0x00000000080004ac       0x44 ./system/src/newlib/_sbrk.o
                0x00000000080004ac                _sbrk
 .text.__initialize_args
                0x00000000080004f0       0x10 ./system/src/newlib/_syscalls.o
                0x00000000080004f0                __initialize_args
 .text.assert_failed
                0x0000000008000500        0x8 ./system/src/newlib/assert.o
                0x0000000008000500                assert_failed
 .text.__initialize_hardware_early
                0x0000000008000508       0x18 ./system/src/cortexm/_initialize_hardware.o
                0x0000000008000508                __initialize_hardware_early
 .text.__initialize_hardware
                0x0000000008000520        0x8 ./system/src/cortexm/_initialize_hardware.o
                0x0000000008000520                __initialize_hardware
 .text.SetSysClockTo72
                0x0000000008000528       0xc4 ./system/src/cmsis/system_stm32f10x.o
 .text.SetSysClock
                0x00000000080005ec        0x8 ./system/src/cmsis/system_stm32f10x.o
 .text.SystemInit
                0x00000000080005f4       0x50 ./system/src/cmsis/system_stm32f10x.o
                0x00000000080005f4                SystemInit
 .text.SystemCoreClockUpdate
                0x0000000008000644       0x94 ./system/src/cmsis/system_stm32f10x.o
                0x0000000008000644                SystemCoreClockUpdate
 .text.myDelay_init
                0x00000000080006d8       0x4c ./src_lib/delay.o
                0x00000000080006d8                myDelay_init
 .text.myDelay  0x0000000008000724       0x14 ./src_lib/delay.o
                0x0000000008000724                myDelay
 .text.defaultUpTime
                0x0000000008000738        0x4 ./src_lib/delay.o
                0x0000000008000738                defaultUpTime
                0x0000000008000738                timeUp
 .text.SysTick_Handler
                0x000000000800073c       0x48 ./src_lib/delay.o
                0x000000000800073c                SysTick_Handler
 .text.hw_init  0x0000000008000784       0x78 ./src/hw_init.o
                0x0000000008000784                hw_init
 .text.main     0x00000000080007fc       0xb0 ./src/main.o
                0x00000000080007fc                main
 .text.EXTI15_10_IRQHandler
                0x00000000080008ac       0x3c ./src/main.o
                0x00000000080008ac                EXTI15_10_IRQHandler
 .text.usb_init
                0x00000000080008e8       0x3c ./src/usb.o
                0x00000000080008e8                usb_init
 .text.setkind  0x0000000008000924       0x1c ./src/usb.o
                0x0000000008000924                setkind
 .text.setTableTx
                0x0000000008000940       0x18 ./src/usb.o
                0x0000000008000940                setTableTx
 .text.setTxCount
                0x0000000008000958       0x10 ./src/usb.o
                0x0000000008000958                setTxCount
 .text.getTableTxAddr
                0x0000000008000968       0x10 ./src/usb.o
                0x0000000008000968                getTableTxAddr
 .text.setTableRx
                0x0000000008000978       0x14 ./src/usb.o
                0x0000000008000978                setTableRx
 .text.getTableRxAddr
                0x000000000800098c       0x10 ./src/usb.o
                0x000000000800098c                getTableRxAddr
 .text.getTableRxCount
                0x000000000800099c       0x14 ./src/usb.o
                0x000000000800099c                getTableRxCount
 .text.setEPType
                0x00000000080009b0       0x24 ./src/usb.o
                0x00000000080009b0                setEPType
 .text.toggleTx
                0x00000000080009d4       0x20 ./src/usb.o
                0x00000000080009d4                toggleTx
 .text.setStatTx
                0x00000000080009f4       0x28 ./src/usb.o
                0x00000000080009f4                setStatTx
 .text.setStatRx
                0x0000000008000a1c       0x28 ./src/usb.o
                0x0000000008000a1c                setStatRx
 .text.clrCTR_rx
                0x0000000008000a44       0x18 ./src/usb.o
                0x0000000008000a44                clrCTR_rx
 .text.clrCTR_tx
                0x0000000008000a5c       0x1c ./src/usb.o
                0x0000000008000a5c                clrCTR_tx
 .text.usr2pma  0x0000000008000a78       0x4c ./src/usb.o
                0x0000000008000a78                usr2pma
 .text.pma2usr  0x0000000008000ac4       0x40 ./src/usb.o
                0x0000000008000ac4                pma2usr
 .text.tableInit
                0x0000000008000b04       0x3c ./src/usb.o
                0x0000000008000b04                tableInit
 .text.ep_init  0x0000000008000b40       0x54 ./src/usb.o
                0x0000000008000b40                ep_init
 .text.USB_LP_CAN1_RX0_IRQHandler
                0x0000000008000b94       0x7c ./src/usb.o
                0x0000000008000b94                USB_LP_CAN1_RX0_IRQHandler
 .text.USB_HP_CAN1_TX_IRQHandler
                0x0000000008000c10       0x24 ./src/usb.o
                0x0000000008000c10                USB_HP_CAN1_TX_IRQHandler
 .text.getCommBuff
                0x0000000008000c34       0x34 ./src/usbcore.o
                0x0000000008000c34                getCommBuff
 .text.getCommCount
                0x0000000008000c68        0xc ./src/usbcore.o
                0x0000000008000c68                getCommCount
 .text.usb_pma_int
                0x0000000008000c74        0x4 ./src/usbcore.o
                0x0000000008000c74                usb_pma_int
 .text.usb_err_int
                0x0000000008000c78        0x4 ./src/usbcore.o
                0x0000000008000c78                usb_err_int
 .text.usb_reset_int
                0x0000000008000c7c       0x1c ./src/usbcore.o
                0x0000000008000c7c                usb_reset_int
 .text.usb_sof_int
                0x0000000008000c98        0x4 ./src/usbcore.o
                0x0000000008000c98                usb_sof_int
 .text.usb_esof_int
                0x0000000008000c9c        0x4 ./src/usbcore.o
                0x0000000008000c9c                usb_esof_int
 .text.post0tx  0x0000000008000ca0       0x34 ./src/usbcore.o
                0x0000000008000ca0                post0tx
 .text.getDescriptor
                0x0000000008000cd4       0x48 ./src/usbcore.o
                0x0000000008000cd4                getDescriptor
 .text.getdsc   0x0000000008000d1c       0x20 ./src/usbcore.o
                0x0000000008000d1c                getdsc
 .text.getDesc  0x0000000008000d3c       0x48 ./src/usbcore.o
                0x0000000008000d3c                getDesc
 .text.getConfig
                0x0000000008000d84       0x3c ./src/usbcore.o
                0x0000000008000d84                getConfig
 .text.getStatus
                0x0000000008000dc0       0x3c ./src/usbcore.o
                0x0000000008000dc0                getStatus
 .text.setConfig
                0x0000000008000dfc       0x20 ./src/usbcore.o
                0x0000000008000dfc                setConfig
 .text.setup_process
                0x0000000008000e1c      0x1cc ./src/usbcore.o
                0x0000000008000e1c                setup_process
 .text.EP0Interrupt
                0x0000000008000fe8      0x100 ./src/usbcore.o
                0x0000000008000fe8                EP0Interrupt
 .text.usb_ctr_int
                0x00000000080010e8       0x9c ./src/usbcore.o
                0x00000000080010e8                usb_ctr_int
 .text.__errno  0x0000000008001184        0xc /usr/local/gcc-arm-none-eabi-5_4-2016q3/bin/../lib/gcc/arm-none-eabi/5.4.1/../../../../arm-none-eabi/lib/armv7-m/libc_nano.a(lib_a-errno.o)
                0x0000000008001184                __errno
 .text.__cvt    0x0000000008001190       0xc0 /usr/local/gcc-arm-none-eabi-5_4-2016q3/bin/../lib/gcc/arm-none-eabi/5.4.1/../../../../arm-none-eabi/lib/armv7-m/libc_nano.a(lib_a-nano-vfprintf_float.o)
                0x0000000008001190                __cvt
 .text.__exponent
                0x0000000008001250       0x62 /usr/local/gcc-arm-none-eabi-5_4-2016q3/bin/../lib/gcc/arm-none-eabi/5.4.1/../../../../arm-none-eabi/lib/armv7-m/libc_nano.a(lib_a-nano-vfprintf_float.o)
                0x0000000008001250                __exponent
 *fill*         0x00000000080012b2        0x2 
 .text._printf_float
                0x00000000080012b4      0x488 /usr/local/gcc-arm-none-eabi-5_4-2016q3/bin/../lib/gcc/arm-none-eabi/5.4.1/../../../../arm-none-eabi/lib/armv7-m/libc_nano.a(lib_a-nano-vfprintf_float.o)
                0x00000000080012b4                _printf_float
 .text._printf_common
                0x000000000800173c       0xec /usr/local/gcc-arm-none-eabi-5_4-2016q3/bin/../lib/gcc/arm-none-eabi/5.4.1/../../../../arm-none-eabi/lib/armv7-m/libc_nano.a(lib_a-nano-vfprintf_i.o)
                0x000000000800173c                _printf_common
 .text          0x0000000008001828       0x14 /usr/local/gcc-arm-none-eabi-5_4-2016q3/bin/../lib/gcc/arm-none-eabi/5.4.1/../../../../arm-none-eabi/lib/armv7-m/libc_nano.a(lib_a-strcmp.o)
                0x0000000008001828                strcmp
 .text          0x000000000800183c       0x10 /usr/local/gcc-arm-none-eabi-5_4-2016q3/bin/../lib/gcc/arm-none-eabi/5.4.1/../../../../arm-none-eabi/lib/armv7-m/libc_nano.a(lib_a-strlen.o)
                0x000000000800183c                strlen
 .text.quorem   0x000000000800184c      0x116 /usr/local/gcc-arm-none-eabi-5_4-2016q3/bin/../lib/gcc/arm-none-eabi/5.4.1/../../../../arm-none-eabi/lib/armv7-m/libc_nano.a(lib_a-dtoa.o)
 *fill*         0x0000000008001962        0x6 
 .text._dtoa_r  0x0000000008001968      0xb30 /usr/local/gcc-arm-none-eabi-5_4-2016q3/bin/../lib/gcc/arm-none-eabi/5.4.1/../../../../arm-none-eabi/lib/armv7-m/libc_nano.a(lib_a-dtoa.o)
                0x0000000008001968                _dtoa_r
 .text._localeconv_r
                0x0000000008002498       0x1c /usr/local/gcc-arm-none-eabi-5_4-2016q3/bin/../lib/gcc/arm-none-eabi/5.4.1/../../../../arm-none-eabi/lib/armv7-m/libc_nano.a(lib_a-localeconv.o)
                0x0000000008002498                _localeconv_r
 .text.malloc   0x00000000080024b4       0x10 /usr/local/gcc-arm-none-eabi-5_4-2016q3/bin/../lib/gcc/arm-none-eabi/5.4.1/../../../../arm-none-eabi/lib/armv7-m/libc_nano.a(lib_a-malloc.o)
                0x00000000080024b4                malloc
 .text.memcpy   0x00000000080024c4       0x16 /usr/local/gcc-arm-none-eabi-5_4-2016q3/bin/../lib/gcc/arm-none-eabi/5.4.1/../../../../arm-none-eabi/lib/armv7-m/libc_nano.a(lib_a-memcpy-stub.o)
                0x00000000080024c4                memcpy
 .text._Balloc  0x00000000080024da       0x6a /usr/local/gcc-arm-none-eabi-5_4-2016q3/bin/../lib/gcc/arm-none-eabi/5.4.1/../../../../arm-none-eabi/lib/armv7-m/libc_nano.a(lib_a-mprec.o)
                0x00000000080024da                _Balloc
 .text._Bfree   0x0000000008002544       0x2e /usr/local/gcc-arm-none-eabi-5_4-2016q3/bin/../lib/gcc/arm-none-eabi/5.4.1/../../../../arm-none-eabi/lib/armv7-m/libc_nano.a(lib_a-mprec.o)
                0x0000000008002544                _Bfree
 .text.__multadd
                0x0000000008002572       0x76 /usr/local/gcc-arm-none-eabi-5_4-2016q3/bin/../lib/gcc/arm-none-eabi/5.4.1/../../../../arm-none-eabi/lib/armv7-m/libc_nano.a(lib_a-mprec.o)
                0x0000000008002572                __multadd
 .text.__hi0bits
                0x00000000080025e8       0x40 /usr/local/gcc-arm-none-eabi-5_4-2016q3/bin/../lib/gcc/arm-none-eabi/5.4.1/../../../../arm-none-eabi/lib/armv7-m/libc_nano.a(lib_a-mprec.o)
                0x00000000080025e8                __hi0bits
 .text.__lo0bits
                0x0000000008002628       0x5a /usr/local/gcc-arm-none-eabi-5_4-2016q3/bin/../lib/gcc/arm-none-eabi/5.4.1/../../../../arm-none-eabi/lib/armv7-m/libc_nano.a(lib_a-mprec.o)
                0x0000000008002628                __lo0bits
 .text.__i2b    0x0000000008002682       0x12 /usr/local/gcc-arm-none-eabi-5_4-2016q3/bin/../lib/gcc/arm-none-eabi/5.4.1/../../../../arm-none-eabi/lib/armv7-m/libc_nano.a(lib_a-mprec.o)
                0x0000000008002682                __i2b
 .text.__multiply
                0x0000000008002694      0x120 /usr/local/gcc-arm-none-eabi-5_4-2016q3/bin/../lib/gcc/arm-none-eabi/5.4.1/../../../../arm-none-eabi/lib/armv7-m/libc_nano.a(lib_a-mprec.o)
                0x0000000008002694                __multiply
 .text.__pow5mult
                0x00000000080027b4       0x9c /usr/local/gcc-arm-none-eabi-5_4-2016q3/bin/../lib/gcc/arm-none-eabi/5.4.1/../../../../arm-none-eabi/lib/armv7-m/libc_nano.a(lib_a-mprec.o)
                0x00000000080027b4                __pow5mult
 .text.__lshift
                0x0000000008002850       0xa2 /usr/local/gcc-arm-none-eabi-5_4-2016q3/bin/../lib/gcc/arm-none-eabi/5.4.1/../../../../arm-none-eabi/lib/armv7-m/libc_nano.a(lib_a-mprec.o)
                0x0000000008002850                __lshift
 .text.__mcmp   0x00000000080028f2       0x38 /usr/local/gcc-arm-none-eabi-5_4-2016q3/bin/../lib/gcc/arm-none-eabi/5.4.1/../../../../arm-none-eabi/lib/armv7-m/libc_nano.a(lib_a-mprec.o)
                0x00000000080028f2                __mcmp
 .text.__mdiff  0x000000000800292a       0xbe /usr/local/gcc-arm-none-eabi-5_4-2016q3/bin/../lib/gcc/arm-none-eabi/5.4.1/../../../../arm-none-eabi/lib/armv7-m/libc_nano.a(lib_a-mprec.o)
                0x000000000800292a                __mdiff
 .text.__d2b    0x00000000080029e8       0x9c /usr/local/gcc-arm-none-eabi-5_4-2016q3/bin/../lib/gcc/arm-none-eabi/5.4.1/../../../../arm-none-eabi/lib/armv7-m/libc_nano.a(lib_a-mprec.o)
                0x00000000080029e8                __d2b
 .text._calloc_r
                0x0000000008002a84       0x1c /usr/local/gcc-arm-none-eabi-5_4-2016q3/bin/../lib/gcc/arm-none-eabi/5.4.1/../../../../arm-none-eabi/lib/armv7-m/libc_nano.a(lib_a-nano-callocr.o)
                0x0000000008002a84                _calloc_r
 .text._malloc_r
                0x0000000008002aa0       0xbc /usr/local/gcc-arm-none-eabi-5_4-2016q3/bin/../lib/gcc/arm-none-eabi/5.4.1/../../../../arm-none-eabi/lib/armv7-m/libc_nano.a(lib_a-nano-mallocr.o)
                0x0000000008002aa0                _malloc_r
 .text._sbrk_r  0x0000000008002b5c       0x20 /usr/local/gcc-arm-none-eabi-5_4-2016q3/bin/../lib/gcc/arm-none-eabi/5.4.1/../../../../arm-none-eabi/lib/armv7-m/libc_nano.a(lib_a-sbrkr.o)
                0x0000000008002b5c                _sbrk_r
 .text.__ascii_mbtowc
                0x0000000008002b7c       0x24 /usr/local/gcc-arm-none-eabi-5_4-2016q3/bin/../lib/gcc/arm-none-eabi/5.4.1/../../../../arm-none-eabi/lib/armv7-m/libc_nano.a(lib_a-mbtowc_r.o)
                0x0000000008002b7c                __ascii_mbtowc
 .text.memset   0x0000000008002ba0       0x10 /usr/local/gcc-arm-none-eabi-5_4-2016q3/bin/../lib/gcc/arm-none-eabi/5.4.1/../../../../arm-none-eabi/lib/armv7-m/libc_nano.a(lib_a-memset.o)
                0x0000000008002ba0                memset
 .text.__malloc_lock
                0x0000000008002bb0        0x2 /usr/local/gcc-arm-none-eabi-5_4-2016q3/bin/../lib/gcc/arm-none-eabi/5.4.1/../../../../arm-none-eabi/lib/armv7-m/libc_nano.a(lib_a-mlock.o)
                0x0000000008002bb0                __malloc_lock
 .text.__malloc_unlock
                0x0000000008002bb2        0x2 /usr/local/gcc-arm-none-eabi-5_4-2016q3/bin/../lib/gcc/arm-none-eabi/5.4.1/../../../../arm-none-eabi/lib/armv7-m/libc_nano.a(lib_a-mlock.o)
                0x0000000008002bb2                __malloc_unlock
 .text.__ascii_wctomb
                0x0000000008002bb4       0x1a /usr/local/gcc-arm-none-eabi-5_4-2016q3/bin/../lib/gcc/arm-none-eabi/5.4.1/../../../../arm-none-eabi/lib/armv7-m/libc_nano.a(lib_a-wctomb_r.o)
                0x0000000008002bb4                __ascii_wctomb
 *fill*         0x0000000008002bce        0x2 
 .text          0x0000000008002bd0      0x370 /usr/local/gcc-arm-none-eabi-5_4-2016q3/bin/../lib/gcc/arm-none-eabi/5.4.1/armv7-m/libgcc.a(_arm_addsubdf3.o)
                0x0000000008002bd0                __aeabi_drsub
                0x0000000008002bd8                __subdf3
                0x0000000008002bd8                __aeabi_dsub
                0x0000000008002bdc                __aeabi_dadd
                0x0000000008002bdc                __adddf3
                0x0000000008002e54                __aeabi_ui2d
                0x0000000008002e54                __floatunsidf
                0x0000000008002e74                __floatsidf
                0x0000000008002e74                __aeabi_i2d
                0x0000000008002e98                __extendsfdf2
                0x0000000008002e98                __aeabi_f2d
                0x0000000008002ed4                __aeabi_ul2d
                0x0000000008002ed4                __floatundidf
                0x0000000008002ee4                __aeabi_l2d
                0x0000000008002ee4                __floatdidf
 .text          0x0000000008002f40      0x424 /usr/local/gcc-arm-none-eabi-5_4-2016q3/bin/../lib/gcc/arm-none-eabi/5.4.1/armv7-m/libgcc.a(_arm_muldivdf3.o)
                0x0000000008002f40                __aeabi_dmul
                0x0000000008002f40                __muldf3
                0x0000000008003194                __aeabi_ddiv
                0x0000000008003194                __divdf3
 .text          0x0000000008003364      0x110 /usr/local/gcc-arm-none-eabi-5_4-2016q3/bin/../lib/gcc/arm-none-eabi/5.4.1/armv7-m/libgcc.a(_arm_cmpdf2.o)
                0x0000000008003364                __gtdf2
                0x0000000008003364                __gedf2
                0x000000000800336c                __ltdf2
                0x000000000800336c                __ledf2
                0x0000000008003374                __eqdf2
                0x0000000008003374                __nedf2
                0x0000000008003374                __cmpdf2
                0x00000000080033f0                __aeabi_cdrcmple
                0x0000000008003400                __aeabi_cdcmple
                0x0000000008003400                __aeabi_cdcmpeq
                0x0000000008003410                __aeabi_dcmpeq
                0x0000000008003424                __aeabi_dcmplt
                0x0000000008003438                __aeabi_dcmple
                0x000000000800344c                __aeabi_dcmpge
                0x0000000008003460                __aeabi_dcmpgt
 .text          0x0000000008003474       0x2c /usr/local/gcc-arm-none-eabi-5_4-2016q3/bin/../lib/gcc/arm-none-eabi/5.4.1/armv7-m/libgcc.a(_arm_unorddf2.o)
                0x0000000008003474                __aeabi_dcmpun
                0x0000000008003474                __unorddf2
 .text          0x00000000080034a0       0x50 /usr/local/gcc-arm-none-eabi-5_4-2016q3/bin/../lib/gcc/arm-none-eabi/5.4.1/armv7-m/libgcc.a(_arm_fixdfsi.o)
                0x00000000080034a0                __fixdfsi
                0x00000000080034a0                __aeabi_d2iz
 *(.rodata .rodata.* .constdata .constdata.*)
 .rodata.str1.4
                0x00000000080034f0       0x31 ./system/src/stm32f1-stdperiph/stm32f10x_gpio.o
 *fill*         0x0000000008003521        0x3 
 .rodata.str1.4
                0x0000000008003524       0x30 ./system/src/stm32f1-stdperiph/stm32f10x_rcc.o
 .rodata.StringProduct
                0x0000000008003554       0x32 ./src/descriptor.o
                0x0000000008003554                StringProduct
 *fill*         0x0000000008003586        0x2 
 .rodata.StringSerial
                0x0000000008003588       0x1a ./src/descriptor.o
                0x0000000008003588                StringSerial
 *fill*         0x00000000080035a2        0x2 
 .rodata.StringLangID
                0x00000000080035a4        0x4 ./src/descriptor.o
                0x00000000080035a4                StringLangID
 .rodata.ConfigDescriptor
                0x00000000080035a8       0x43 ./src/descriptor.o
                0x00000000080035a8                ConfigDescriptor
 *fill*         0x00000000080035eb        0x1 
 .rodata.StringVendor
                0x00000000080035ec       0x26 ./src/descriptor.o
                0x00000000080035ec                StringVendor
 *fill*         0x0000000008003612        0x2 
 .rodata.DeviceDescriptor
                0x0000000008003614       0x12 ./src/descriptor.o
                0x0000000008003614                DeviceDescriptor
 *fill*         0x0000000008003626        0x2 
 .rodata.str1.4
                0x0000000008003628       0x10 ./src/main.o
 .rodata.str1.1
                0x0000000008003638       0x12 /usr/local/gcc-arm-none-eabi-5_4-2016q3/bin/../lib/gcc/arm-none-eabi/5.4.1/../../../../arm-none-eabi/lib/armv7-m/libc_nano.a(lib_a-nano-vfprintf_float.o)
 .rodata.str1.1
                0x000000000800364a        0xd /usr/local/gcc-arm-none-eabi-5_4-2016q3/bin/../lib/gcc/arm-none-eabi/5.4.1/../../../../arm-none-eabi/lib/armv7-m/libc_nano.a(lib_a-dtoa.o)
                                          0xf (size before relaxing)
 *fill*         0x0000000008003657        0x1 
 .rodata.__mprec_tens
                0x0000000008003658       0xc8 /usr/local/gcc-arm-none-eabi-5_4-2016q3/bin/../lib/gcc/arm-none-eabi/5.4.1/../../../../arm-none-eabi/lib/armv7-m/libc_nano.a(lib_a-mprec.o)
                0x0000000008003658                __mprec_tens
 .rodata.__mprec_bigtens
                0x0000000008003720       0x28 /usr/local/gcc-arm-none-eabi-5_4-2016q3/bin/../lib/gcc/arm-none-eabi/5.4.1/../../../../arm-none-eabi/lib/armv7-m/libc_nano.a(lib_a-mprec.o)
                0x0000000008003720                __mprec_bigtens
 .rodata.p05.6097
                0x0000000008003748        0xc /usr/local/gcc-arm-none-eabi-5_4-2016q3/bin/../lib/gcc/arm-none-eabi/5.4.1/../../../../arm-none-eabi/lib/armv7-m/libc_nano.a(lib_a-mprec.o)
 .rodata.str1.1
                0x0000000008003754        0xa /usr/local/gcc-arm-none-eabi-5_4-2016q3/bin/../lib/gcc/arm-none-eabi/5.4.1/../../../../arm-none-eabi/lib/armv7-m/libc_nano.a(lib_a-locale.o)
                                          0xb (size before relaxing)
 .rodata._ctype_
                0x000000000800375e      0x101 /usr/local/gcc-arm-none-eabi-5_4-2016q3/bin/../lib/gcc/arm-none-eabi/5.4.1/../../../../arm-none-eabi/lib/armv7-m/libc_nano.a(lib_a-ctype_.o)
                0x000000000800375e                _ctype_
 *(vtable)
 *(.eh_frame*)
 *(.glue_7)
 .glue_7        0x000000000800385f        0x0 linker stubs
 *(.glue_7t)
 .glue_7t       0x000000000800385f        0x0 linker stubs

.vfp11_veneer   0x0000000008003860        0x0
 .vfp11_veneer  0x0000000008003860        0x0 linker stubs

.v4_bx          0x0000000008003860        0x0
 .v4_bx         0x0000000008003860        0x0 linker stubs

.iplt           0x0000000008003860        0x0
 .iplt          0x0000000008003860        0x0 ./system/src/stm32f1-stdperiph/misc.o

.rel.dyn        0x0000000008003860        0x0
 .rel.iplt      0x0000000008003860        0x0 ./system/src/stm32f1-stdperiph/misc.o

.ARM.extab
 *(.ARM.extab* .gnu.linkonce.armextab.*)
                0x0000000008003860                . = ALIGN (0x4)
                0x0000000008003860                __exidx_start = .

.ARM.exidx
 *(.ARM.exidx* .gnu.linkonce.armexidx.*)
                0x0000000008003860                __exidx_end = .
                0x0000000008003860                . = ALIGN (0x4)
                0x0000000008003860                _etext = .
                0x0000000008003860                __etext = .

.data_CCMRAM    0x0000000000000000        0x0 load address 0x0000000008003860
 FILL mask 0xff
 *(.data.CCMRAM .data.CCMRAM.*)
                0x0000000000000000                . = ALIGN (0x4)
                0x0000000008003860                _sidata = LOADADDR (.data)

.data           0x0000000020000000      0x20c load address 0x0000000008003860
 FILL mask 0xff
                0x0000000020000000                _sdata = .
                0x0000000020000000                __data_start__ = .
 *(.data_begin .data_begin.*)
 .data_begin    0x0000000020000000        0x4 ./system/src/newlib/_startup.o
 *(.data .data.*)
 .data.argv.4290
                0x0000000020000004        0x8 ./system/src/newlib/_syscalls.o
 .data.AHBPrescTable
                0x000000002000000c       0x10 ./system/src/cmsis/system_stm32f10x.o
                0x000000002000000c                AHBPrescTable
 .data.SystemCoreClock
                0x000000002000001c        0x4 ./system/src/cmsis/system_stm32f10x.o
                0x000000002000001c                SystemCoreClock
 .data.table    0x0000000020000020        0x4 ./src/usb.o
                0x0000000020000020                table
 .data.PBuffer  0x0000000020000024        0x4 ./src/usb.o
                0x0000000020000024                PBuffer
 .data.strdesc  0x0000000020000028       0x10 ./src/usbcore.o
                0x0000000020000028                strdesc
 .data.impure_data
                0x0000000020000038       0x60 /usr/local/gcc-arm-none-eabi-5_4-2016q3/bin/../lib/gcc/arm-none-eabi/5.4.1/../../../../arm-none-eabi/lib/armv7-m/libc_nano.a(lib_a-impure.o)
 .data._impure_ptr
                0x0000000020000098        0x4 /usr/local/gcc-arm-none-eabi-5_4-2016q3/bin/../lib/gcc/arm-none-eabi/5.4.1/../../../../arm-none-eabi/lib/armv7-m/libc_nano.a(lib_a-impure.o)
                0x0000000020000098                _impure_ptr
 .data.__global_locale
                0x000000002000009c      0x16c /usr/local/gcc-arm-none-eabi-5_4-2016q3/bin/../lib/gcc/arm-none-eabi/5.4.1/../../../../arm-none-eabi/lib/armv7-m/libc_nano.a(lib_a-locale.o)
                0x000000002000009c                __global_locale
 *(.data_end .data_end.*)
 .data_end      0x0000000020000208        0x4 ./system/src/newlib/_startup.o
                0x000000002000020c                . = ALIGN (0x4)
                0x000000002000020c                _edata = .
                0x000000002000020c                __data_end__ = .

.igot.plt       0x000000002000020c        0x0 load address 0x0000000008003a6c
 .igot.plt      0x000000002000020c        0x0 ./system/src/stm32f1-stdperiph/misc.o

.bss_CCMRAM     0x0000000000000000        0x0
 *(.bss.CCMRAM .bss.CCMRAM.*)

.bss            0x000000002000020c       0x68
                0x000000002000020c                __bss_start__ = .
                0x000000002000020c                _sbss = .
 *(.bss_begin .bss_begin.*)
 .bss_begin     0x000000002000020c        0x4 ./system/src/newlib/_startup.o
 *(.bss .bss.*)
 .bss.current_heap_end.3974
                0x0000000020000210        0x4 ./system/src/newlib/_sbrk.o
 .bss.name.4289
                0x0000000020000214        0x1 ./system/src/newlib/_syscalls.o
 *fill*         0x0000000020000215        0x3 
 .bss.sysTimeUp
                0x0000000020000218        0x4 ./src_lib/delay.o
 .bss.myDelayTicks
                0x000000002000021c        0x4 ./src_lib/delay.o
 .bss.readData  0x0000000020000220        0xc ./src/usbcore.o
 .bss.writeData
                0x000000002000022c        0xc ./src/usbcore.o
 .bss.readBuf   0x0000000020000238       0x10 ./src/usbcore.o
 .bss.bmap      0x0000000020000248        0x2 ./src/usbcore.o
 .bss.saveRXst  0x000000002000024a        0x2 ./src/usbcore.o
 .bss.saveTXst  0x000000002000024c        0x2 ./src/usbcore.o
 .bss.readcount
                0x000000002000024e        0x1 ./src/usbcore.o
 *fill*         0x000000002000024f        0x1 
 .bss.__malloc_sbrk_start
                0x0000000020000250        0x4 /usr/local/gcc-arm-none-eabi-5_4-2016q3/bin/../lib/gcc/arm-none-eabi/5.4.1/../../../../arm-none-eabi/lib/armv7-m/libc_nano.a(lib_a-nano-mallocr.o)
                0x0000000020000250                __malloc_sbrk_start
 .bss.__malloc_free_list
                0x0000000020000254        0x4 /usr/local/gcc-arm-none-eabi-5_4-2016q3/bin/../lib/gcc/arm-none-eabi/5.4.1/../../../../arm-none-eabi/lib/armv7-m/libc_nano.a(lib_a-nano-mallocr.o)
                0x0000000020000254                __malloc_free_list
 *(COMMON)
 COMMON         0x0000000020000258        0x4 ./system/src/newlib/_syscalls.o
                0x0000000020000258                errno
 COMMON         0x000000002000025c        0x1 ./src_lib/delay.o
                0x000000002000025c                denois
 *fill*         0x000000002000025d        0x1 
 COMMON         0x000000002000025e        0x2 ./src/usb.o
                0x000000002000025e                intStat
 COMMON         0x0000000020000260       0x10 ./src/usbcore.o
                0x0000000020000260                linecoding
                0x0000000020000268                reqBuf
 *(.bss_end .bss_end.*)
 .bss_end       0x0000000020000270        0x4 ./system/src/newlib/_startup.o
                0x0000000020000274                . = ALIGN (0x4)
                0x0000000020000274                __bss_end__ = .
                0x0000000020000274                _ebss = .

.noinit_CCMRAM
 *(.noinit.CCMRAM .noinit.CCMRAM.*)

.noinit         0x0000000020000274        0x0
                0x0000000020000274                _noinit = .
 *(.noinit .noinit.*)
                0x0000000020000274                . = ALIGN (0x4)
                0x0000000020000274                _end_noinit = .
                [!provide]                        PROVIDE (end, _end_noinit)
                [!provide]                        PROVIDE (_end, _end_noinit)
                [!provide]                        PROVIDE (__end, _end_noinit)
                [!provide]                        PROVIDE (__end__, _end_noinit)

._check_stack   0x0000000020000274      0x100
                0x0000000020000374                . = (. + _Minimum_Stack_Size)
 *fill*         0x0000000020000274      0x100 

.b1text
 *(.b1text)
 *(.b1rodata)
 *(.b1rodata.*)

.eb0text
 *(.eb0text)
 *(.eb0rodata)
 *(.eb0rodata.*)

.eb1text
 *(.eb1text)
 *(.eb1rodata)
 *(.eb1rodata.*)

.eb2text
 *(.eb2text)
 *(.eb2rodata)
 *(.eb2rodata.*)

.eb3text
 *(.eb3text)
 *(.eb3rodata)
 *(.eb3rodata.*)

.stab
 *(.stab)

.stabstr
 *(.stabstr)

.stab.excl
 *(.stab.excl)

.stab.exclstr
 *(.stab.exclstr)

.stab.index
 *(.stab.index)

.stab.indexstr
 *(.stab.indexstr)

.comment        0x0000000000000000       0x6e
 *(.comment)
 .comment       0x0000000000000000       0x6e ./system/src/stm32f1-stdperiph/stm32f10x_gpio.o
                                         0x6f (size before relaxing)
 .comment       0x000000000000006e       0x6f ./system/src/stm32f1-stdperiph/stm32f10x_rcc.o
 .comment       0x000000000000006e       0x6f ./system/src/newlib/_exit.o
 .comment       0x000000000000006e       0x6f ./system/src/newlib/_sbrk.o
 .comment       0x000000000000006e       0x6f ./system/src/newlib/_startup.o
 .comment       0x000000000000006e       0x6f ./system/src/newlib/_syscalls.o
 .comment       0x000000000000006e       0x6f ./system/src/newlib/assert.o
 .comment       0x000000000000006e       0x6f ./system/src/cortexm/_initialize_hardware.o
 .comment       0x000000000000006e       0x6f ./system/src/cortexm/exception_handlers.o
 .comment       0x000000000000006e       0x6f ./system/src/cmsis/system_stm32f10x.o
 .comment       0x000000000000006e       0x6f ./system/src/cmsis/vectors_stm32f10x.o
 .comment       0x000000000000006e       0x6f ./src_lib/delay.o
 .comment       0x000000000000006e       0x6f ./src/descriptor.o
 .comment       0x000000000000006e       0x6f ./src/hw_init.o
 .comment       0x000000000000006e       0x6f ./src/main.o
 .comment       0x000000000000006e       0x6f ./src/usb.o
 .comment       0x000000000000006e       0x6f ./src/usbcore.o

.ARM.attributes
                0x0000000000000000       0x31
 .ARM.attributes
                0x0000000000000000       0x33 ./system/src/stm32f1-stdperiph/stm32f10x_gpio.o
 .ARM.attributes
                0x0000000000000033       0x33 ./system/src/stm32f1-stdperiph/stm32f10x_rcc.o
 .ARM.attributes
                0x0000000000000066       0x33 ./system/src/newlib/_exit.o
 .ARM.attributes
                0x0000000000000099       0x33 ./system/src/newlib/_sbrk.o
 .ARM.attributes
                0x00000000000000cc       0x33 ./system/src/newlib/_startup.o
 .ARM.attributes
                0x00000000000000ff       0x33 ./system/src/newlib/_syscalls.o
 .ARM.attributes
                0x0000000000000132       0x33 ./system/src/newlib/assert.o
 .ARM.attributes
                0x0000000000000165       0x33 ./system/src/cortexm/_initialize_hardware.o
 .ARM.attributes
                0x0000000000000198       0x33 ./system/src/cortexm/exception_handlers.o
 .ARM.attributes
                0x00000000000001cb       0x33 ./system/src/cmsis/system_stm32f10x.o
 .ARM.attributes
                0x00000000000001fe       0x33 ./system/src/cmsis/vectors_stm32f10x.o
 .ARM.attributes
                0x0000000000000231       0x33 ./src_lib/delay.o
 .ARM.attributes
                0x0000000000000264       0x33 ./src/descriptor.o
 .ARM.attributes
                0x0000000000000297       0x33 ./src/hw_init.o
 .ARM.attributes
                0x00000000000002ca       0x33 ./src/main.o
 .ARM.attributes
                0x00000000000002fd       0x33 ./src/usb.o
 .ARM.attributes
                0x0000000000000330       0x33 ./src/usbcore.o
 .ARM.attributes
                0x0000000000000363       0x2d /usr/local/gcc-arm-none-eabi-5_4-2016q3/bin/../lib/gcc/arm-none-eabi/5.4.1/../../../../arm-none-eabi/lib/armv7-m/libc_nano.a(lib_a-errno.o)
 .ARM.attributes
                0x0000000000000390       0x2d /usr/local/gcc-arm-none-eabi-5_4-2016q3/bin/../lib/gcc/arm-none-eabi/5.4.1/../../../../arm-none-eabi/lib/armv7-m/libc_nano.a(lib_a-impure.o)
 .ARM.attributes
                0x00000000000003bd       0x2d /usr/local/gcc-arm-none-eabi-5_4-2016q3/bin/../lib/gcc/arm-none-eabi/5.4.1/../../../../arm-none-eabi/lib/armv7-m/libc_nano.a(lib_a-nano-vfprintf_float.o)
 .ARM.attributes
                0x00000000000003ea       0x2d /usr/local/gcc-arm-none-eabi-5_4-2016q3/bin/../lib/gcc/arm-none-eabi/5.4.1/../../../../arm-none-eabi/lib/armv7-m/libc_nano.a(lib_a-nano-vfprintf_i.o)
 .ARM.attributes
                0x0000000000000417       0x1b /usr/local/gcc-arm-none-eabi-5_4-2016q3/bin/../lib/gcc/arm-none-eabi/5.4.1/../../../../arm-none-eabi/lib/armv7-m/libc_nano.a(lib_a-strcmp.o)
 .ARM.attributes
                0x0000000000000432       0x17 /usr/local/gcc-arm-none-eabi-5_4-2016q3/bin/../lib/gcc/arm-none-eabi/5.4.1/../../../../arm-none-eabi/lib/armv7-m/libc_nano.a(lib_a-strlen.o)
 .ARM.attributes
                0x0000000000000449       0x2d /usr/local/gcc-arm-none-eabi-5_4-2016q3/bin/../lib/gcc/arm-none-eabi/5.4.1/../../../../arm-none-eabi/lib/armv7-m/libc_nano.a(lib_a-dtoa.o)
 .ARM.attributes
                0x0000000000000476       0x2d /usr/local/gcc-arm-none-eabi-5_4-2016q3/bin/../lib/gcc/arm-none-eabi/5.4.1/../../../../arm-none-eabi/lib/armv7-m/libc_nano.a(lib_a-localeconv.o)
 .ARM.attributes
                0x00000000000004a3       0x2d /usr/local/gcc-arm-none-eabi-5_4-2016q3/bin/../lib/gcc/arm-none-eabi/5.4.1/../../../../arm-none-eabi/lib/armv7-m/libc_nano.a(lib_a-malloc.o)
 .ARM.attributes
                0x00000000000004d0       0x2d /usr/local/gcc-arm-none-eabi-5_4-2016q3/bin/../lib/gcc/arm-none-eabi/5.4.1/../../../../arm-none-eabi/lib/armv7-m/libc_nano.a(lib_a-memcpy-stub.o)
 .ARM.attributes
                0x00000000000004fd       0x2d /usr/local/gcc-arm-none-eabi-5_4-2016q3/bin/../lib/gcc/arm-none-eabi/5.4.1/../../../../arm-none-eabi/lib/armv7-m/libc_nano.a(lib_a-mprec.o)
 .ARM.attributes
                0x000000000000052a       0x2d /usr/local/gcc-arm-none-eabi-5_4-2016q3/bin/../lib/gcc/arm-none-eabi/5.4.1/../../../../arm-none-eabi/lib/armv7-m/libc_nano.a(lib_a-nano-callocr.o)
 .ARM.attributes
                0x0000000000000557       0x2d /usr/local/gcc-arm-none-eabi-5_4-2016q3/bin/../lib/gcc/arm-none-eabi/5.4.1/../../../../arm-none-eabi/lib/armv7-m/libc_nano.a(lib_a-nano-mallocr.o)
 .ARM.attributes
                0x0000000000000584       0x2d /usr/local/gcc-arm-none-eabi-5_4-2016q3/bin/../lib/gcc/arm-none-eabi/5.4.1/../../../../arm-none-eabi/lib/armv7-m/libc_nano.a(lib_a-sbrkr.o)
 .ARM.attributes
                0x00000000000005b1       0x2d /usr/local/gcc-arm-none-eabi-5_4-2016q3/bin/../lib/gcc/arm-none-eabi/5.4.1/../../../../arm-none-eabi/lib/armv7-m/libc_nano.a(lib_a-locale.o)
 .ARM.attributes
                0x00000000000005de       0x2d /usr/local/gcc-arm-none-eabi-5_4-2016q3/bin/../lib/gcc/arm-none-eabi/5.4.1/../../../../arm-none-eabi/lib/armv7-m/libc_nano.a(lib_a-mbtowc_r.o)
 .ARM.attributes
                0x000000000000060b       0x2d /usr/local/gcc-arm-none-eabi-5_4-2016q3/bin/../lib/gcc/arm-none-eabi/5.4.1/../../../../arm-none-eabi/lib/armv7-m/libc_nano.a(lib_a-memset.o)
 .ARM.attributes
                0x0000000000000638       0x2d /usr/local/gcc-arm-none-eabi-5_4-2016q3/bin/../lib/gcc/arm-none-eabi/5.4.1/../../../../arm-none-eabi/lib/armv7-m/libc_nano.a(lib_a-mlock.o)
 .ARM.attributes
                0x0000000000000665       0x2d /usr/local/gcc-arm-none-eabi-5_4-2016q3/bin/../lib/gcc/arm-none-eabi/5.4.1/../../../../arm-none-eabi/lib/armv7-m/libc_nano.a(lib_a-wctomb_r.o)
 .ARM.attributes
                0x0000000000000692       0x2d /usr/local/gcc-arm-none-eabi-5_4-2016q3/bin/../lib/gcc/arm-none-eabi/5.4.1/../../../../arm-none-eabi/lib/armv7-m/libc_nano.a(lib_a-ctype_.o)
 .ARM.attributes
                0x00000000000006bf       0x1d /usr/local/gcc-arm-none-eabi-5_4-2016q3/bin/../lib/gcc/arm-none-eabi/5.4.1/armv7-m/libgcc.a(_arm_addsubdf3.o)
 .ARM.attributes
                0x00000000000006dc       0x1d /usr/local/gcc-arm-none-eabi-5_4-2016q3/bin/../lib/gcc/arm-none-eabi/5.4.1/armv7-m/libgcc.a(_arm_muldivdf3.o)
 .ARM.attributes
                0x00000000000006f9       0x1d /usr/local/gcc-arm-none-eabi-5_4-2016q3/bin/../lib/gcc/arm-none-eabi/5.4.1/armv7-m/libgcc.a(_arm_cmpdf2.o)
 .ARM.attributes
                0x0000000000000716       0x1d /usr/local/gcc-arm-none-eabi-5_4-2016q3/bin/../lib/gcc/arm-none-eabi/5.4.1/armv7-m/libgcc.a(_arm_unorddf2.o)
 .ARM.attributes
                0x0000000000000733       0x1d /usr/local/gcc-arm-none-eabi-5_4-2016q3/bin/../lib/gcc/arm-none-eabi/5.4.1/armv7-m/libgcc.a(_arm_fixdfsi.o)

.debug
 *(.debug)

.line
 *(.line)

.debug_srcinfo
 *(.debug_srcinfo)

.debug_sfnames
 *(.debug_sfnames)

.debug_aranges  0x0000000000000000      0x5b8
 *(.debug_aranges)
 .debug_aranges
                0x0000000000000000       0xa8 ./system/src/stm32f1-stdperiph/stm32f10x_gpio.o
 .debug_aranges
                0x00000000000000a8      0x118 ./system/src/stm32f1-stdperiph/stm32f10x_rcc.o
 .debug_aranges
                0x00000000000001c0       0x28 ./system/src/newlib/_exit.o
 .debug_aranges
                0x00000000000001e8       0x20 ./system/src/newlib/_sbrk.o
 .debug_aranges
                0x0000000000000208       0x40 ./system/src/newlib/_startup.o
 .debug_aranges
                0x0000000000000248       0x30 ./system/src/newlib/_syscalls.o
 .debug_aranges
                0x0000000000000278       0x28 ./system/src/newlib/assert.o
 .debug_aranges
                0x00000000000002a0       0x28 ./system/src/cortexm/_initialize_hardware.o
 .debug_aranges
                0x00000000000002c8       0x80 ./system/src/cortexm/exception_handlers.o
 .debug_aranges
                0x0000000000000348       0x38 ./system/src/cmsis/system_stm32f10x.o
 .debug_aranges
                0x0000000000000380       0x20 ./system/src/cmsis/vectors_stm32f10x.o
 .debug_aranges
                0x00000000000003a0       0x40 ./src_lib/delay.o
 .debug_aranges
                0x00000000000003e0       0x18 ./src/descriptor.o
 .debug_aranges
                0x00000000000003f8       0x28 ./src/hw_init.o
 .debug_aranges
                0x0000000000000420       0x28 ./src/main.o
 .debug_aranges
                0x0000000000000448       0xd0 ./src/usb.o
 .debug_aranges
                0x0000000000000518       0xa0 ./src/usbcore.o

.debug_pubnames
 *(.debug_pubnames)

.debug_info     0x0000000000000000     0x5213
 *(.debug_info .gnu.linkonce.wi.*)
 .debug_info    0x0000000000000000      0xbcb ./system/src/stm32f1-stdperiph/stm32f10x_gpio.o
 .debug_info    0x0000000000000bcb      0xc70 ./system/src/stm32f1-stdperiph/stm32f10x_rcc.o
 .debug_info    0x000000000000183b       0xee ./system/src/newlib/_exit.o
 .debug_info    0x0000000000001929      0x11f ./system/src/newlib/_sbrk.o
 .debug_info    0x0000000000001a48      0x454 ./system/src/newlib/_startup.o
 .debug_info    0x0000000000001e9c      0x1c7 ./system/src/newlib/_syscalls.o
 .debug_info    0x0000000000002063      0x16c ./system/src/newlib/assert.o
 .debug_info    0x00000000000021cf      0x2b1 ./system/src/cortexm/_initialize_hardware.o
 .debug_info    0x0000000000002480      0x281 ./system/src/cortexm/exception_handlers.o
 .debug_info    0x0000000000002701      0x497 ./system/src/cmsis/system_stm32f10x.o
 .debug_info    0x0000000000002b98       0xd1 ./system/src/cmsis/vectors_stm32f10x.o
 .debug_info    0x0000000000002c69      0x672 ./src_lib/delay.o
 .debug_info    0x00000000000032db      0x17f ./src/descriptor.o
 .debug_info    0x000000000000345a      0x3c6 ./src/hw_init.o
 .debug_info    0x0000000000003820      0x351 ./src/main.o
 .debug_info    0x0000000000003b71      0xac9 ./src/usb.o
 .debug_info    0x000000000000463a      0xbd9 ./src/usbcore.o

.debug_abbrev   0x0000000000000000     0x16f6
 *(.debug_abbrev)
 .debug_abbrev  0x0000000000000000      0x1f4 ./system/src/stm32f1-stdperiph/stm32f10x_gpio.o
 .debug_abbrev  0x00000000000001f4      0x1f8 ./system/src/stm32f1-stdperiph/stm32f10x_rcc.o
 .debug_abbrev  0x00000000000003ec       0xbd ./system/src/newlib/_exit.o
 .debug_abbrev  0x00000000000004a9       0xb9 ./system/src/newlib/_sbrk.o
 .debug_abbrev  0x0000000000000562      0x1ac ./system/src/newlib/_startup.o
 .debug_abbrev  0x000000000000070e       0xec ./system/src/newlib/_syscalls.o
 .debug_abbrev  0x00000000000007fa       0xb9 ./system/src/newlib/assert.o
 .debug_abbrev  0x00000000000008b3       0xea ./system/src/cortexm/_initialize_hardware.o
 .debug_abbrev  0x000000000000099d      0x118 ./system/src/cortexm/exception_handlers.o
 .debug_abbrev  0x0000000000000ab5      0x159 ./system/src/cmsis/system_stm32f10x.o
 .debug_abbrev  0x0000000000000c0e       0x9d ./system/src/cmsis/vectors_stm32f10x.o
 .debug_abbrev  0x0000000000000cab      0x1cd ./src_lib/delay.o
 .debug_abbrev  0x0000000000000e78       0x78 ./src/descriptor.o
 .debug_abbrev  0x0000000000000ef0      0x179 ./src/hw_init.o
 .debug_abbrev  0x0000000000001069      0x147 ./src/main.o
 .debug_abbrev  0x00000000000011b0      0x279 ./src/usb.o
 .debug_abbrev  0x0000000000001429      0x2cd ./src/usbcore.o

.debug_line     0x0000000000000000     0x49b5
 *(.debug_line)
 .debug_line    0x0000000000000000      0x8db ./system/src/stm32f1-stdperiph/stm32f10x_gpio.o
 .debug_line    0x00000000000008db      0x825 ./system/src/stm32f1-stdperiph/stm32f10x_rcc.o
 .debug_line    0x0000000000001100      0x2f7 ./system/src/newlib/_exit.o
 .debug_line    0x00000000000013f7      0x2aa ./system/src/newlib/_sbrk.o
 .debug_line    0x00000000000016a1      0x360 ./system/src/newlib/_startup.o
 .debug_line    0x0000000000001a01      0x3b4 ./system/src/newlib/_syscalls.o
 .debug_line    0x0000000000001db5      0x320 ./system/src/newlib/assert.o
 .debug_line    0x00000000000020d5      0x362 ./system/src/cortexm/_initialize_hardware.o
 .debug_line    0x0000000000002437      0x62f ./system/src/cortexm/exception_handlers.o
 .debug_line    0x0000000000002a66      0x3c2 ./system/src/cmsis/system_stm32f10x.o
 .debug_line    0x0000000000002e28       0xf2 ./system/src/cmsis/vectors_stm32f10x.o
 .debug_line    0x0000000000002f1a      0x3c2 ./src_lib/delay.o
 .debug_line    0x00000000000032dc      0x315 ./src/descriptor.o
 .debug_line    0x00000000000035f1      0x369 ./src/hw_init.o
 .debug_line    0x000000000000395a      0x646 ./src/main.o
 .debug_line    0x0000000000003fa0      0x531 ./src/usb.o
 .debug_line    0x00000000000044d1      0x4e4 ./src/usbcore.o

.debug_frame    0x0000000000000000     0x12b8
 *(.debug_frame)
 .debug_frame   0x0000000000000000      0x1e8 ./system/src/stm32f1-stdperiph/stm32f10x_gpio.o
 .debug_frame   0x00000000000001e8      0x31c ./system/src/stm32f1-stdperiph/stm32f10x_rcc.o
 .debug_frame   0x0000000000000504       0x38 ./system/src/newlib/_exit.o
 .debug_frame   0x000000000000053c       0x28 ./system/src/newlib/_sbrk.o
 .debug_frame   0x0000000000000564       0x7c ./system/src/newlib/_startup.o
 .debug_frame   0x00000000000005e0       0x50 ./system/src/newlib/_syscalls.o
 .debug_frame   0x0000000000000630       0x40 ./system/src/newlib/assert.o
 .debug_frame   0x0000000000000670       0x40 ./system/src/cortexm/_initialize_hardware.o
 .debug_frame   0x00000000000006b0       0xe8 ./system/src/cortexm/exception_handlers.o
 .debug_frame   0x0000000000000798       0x68 ./system/src/cmsis/system_stm32f10x.o
 .debug_frame   0x0000000000000800       0x20 ./system/src/cmsis/vectors_stm32f10x.o
 .debug_frame   0x0000000000000820       0x68 ./src_lib/delay.o
 .debug_frame   0x0000000000000888       0x4c ./src/hw_init.o
 .debug_frame   0x00000000000008d4       0x3c ./src/main.o
 .debug_frame   0x0000000000000910      0x1c4 ./src/usb.o
 .debug_frame   0x0000000000000ad4      0x1a4 ./src/usbcore.o
 .debug_frame   0x0000000000000c78       0x20 /usr/local/gcc-arm-none-eabi-5_4-2016q3/bin/../lib/gcc/arm-none-eabi/5.4.1/../../../../arm-none-eabi/lib/armv7-m/libc_nano.a(lib_a-errno.o)
 .debug_frame   0x0000000000000c98       0x8c /usr/local/gcc-arm-none-eabi-5_4-2016q3/bin/../lib/gcc/arm-none-eabi/5.4.1/../../../../arm-none-eabi/lib/armv7-m/libc_nano.a(lib_a-nano-vfprintf_float.o)
 .debug_frame   0x0000000000000d24       0x60 /usr/local/gcc-arm-none-eabi-5_4-2016q3/bin/../lib/gcc/arm-none-eabi/5.4.1/../../../../arm-none-eabi/lib/armv7-m/libc_nano.a(lib_a-nano-vfprintf_i.o)
 .debug_frame   0x0000000000000d84       0x20 /usr/local/gcc-arm-none-eabi-5_4-2016q3/bin/../lib/gcc/arm-none-eabi/5.4.1/../../../../arm-none-eabi/lib/armv7-m/libc_nano.a(lib_a-strcmp.o)
 .debug_frame   0x0000000000000da4       0x6c /usr/local/gcc-arm-none-eabi-5_4-2016q3/bin/../lib/gcc/arm-none-eabi/5.4.1/../../../../arm-none-eabi/lib/armv7-m/libc_nano.a(lib_a-dtoa.o)
 .debug_frame   0x0000000000000e10       0x40 /usr/local/gcc-arm-none-eabi-5_4-2016q3/bin/../lib/gcc/arm-none-eabi/5.4.1/../../../../arm-none-eabi/lib/armv7-m/libc_nano.a(lib_a-localeconv.o)
 .debug_frame   0x0000000000000e50       0x30 /usr/local/gcc-arm-none-eabi-5_4-2016q3/bin/../lib/gcc/arm-none-eabi/5.4.1/../../../../arm-none-eabi/lib/armv7-m/libc_nano.a(lib_a-malloc.o)
 .debug_frame   0x0000000000000e80       0x28 /usr/local/gcc-arm-none-eabi-5_4-2016q3/bin/../lib/gcc/arm-none-eabi/5.4.1/../../../../arm-none-eabi/lib/armv7-m/libc_nano.a(lib_a-memcpy-stub.o)
 .debug_frame   0x0000000000000ea8      0x234 /usr/local/gcc-arm-none-eabi-5_4-2016q3/bin/../lib/gcc/arm-none-eabi/5.4.1/../../../../arm-none-eabi/lib/armv7-m/libc_nano.a(lib_a-mprec.o)
 .debug_frame   0x00000000000010dc       0x2c /usr/local/gcc-arm-none-eabi-5_4-2016q3/bin/../lib/gcc/arm-none-eabi/5.4.1/../../../../arm-none-eabi/lib/armv7-m/libc_nano.a(lib_a-nano-callocr.o)
 .debug_frame   0x0000000000001108       0x2c /usr/local/gcc-arm-none-eabi-5_4-2016q3/bin/../lib/gcc/arm-none-eabi/5.4.1/../../../../arm-none-eabi/lib/armv7-m/libc_nano.a(lib_a-nano-mallocr.o)
 .debug_frame   0x0000000000001134       0x2c /usr/local/gcc-arm-none-eabi-5_4-2016q3/bin/../lib/gcc/arm-none-eabi/5.4.1/../../../../arm-none-eabi/lib/armv7-m/libc_nano.a(lib_a-sbrkr.o)
 .debug_frame   0x0000000000001160       0x88 /usr/local/gcc-arm-none-eabi-5_4-2016q3/bin/../lib/gcc/arm-none-eabi/5.4.1/../../../../arm-none-eabi/lib/armv7-m/libc_nano.a(lib_a-locale.o)
 .debug_frame   0x00000000000011e8       0x44 /usr/local/gcc-arm-none-eabi-5_4-2016q3/bin/../lib/gcc/arm-none-eabi/5.4.1/../../../../arm-none-eabi/lib/armv7-m/libc_nano.a(lib_a-mbtowc_r.o)
 .debug_frame   0x000000000000122c       0x20 /usr/local/gcc-arm-none-eabi-5_4-2016q3/bin/../lib/gcc/arm-none-eabi/5.4.1/../../../../arm-none-eabi/lib/armv7-m/libc_nano.a(lib_a-memset.o)
 .debug_frame   0x000000000000124c       0x30 /usr/local/gcc-arm-none-eabi-5_4-2016q3/bin/../lib/gcc/arm-none-eabi/5.4.1/../../../../arm-none-eabi/lib/armv7-m/libc_nano.a(lib_a-mlock.o)
 .debug_frame   0x000000000000127c       0x3c /usr/local/gcc-arm-none-eabi-5_4-2016q3/bin/../lib/gcc/arm-none-eabi/5.4.1/../../../../arm-none-eabi/lib/armv7-m/libc_nano.a(lib_a-wctomb_r.o)

.debug_str      0x0000000000000000    0x56263
 *(.debug_str)
 .debug_str     0x0000000000000000    0x4e385 ./system/src/stm32f1-stdperiph/stm32f10x_gpio.o
                                      0x4e501 (size before relaxing)
 .debug_str     0x000000000004e385      0xb4a ./system/src/stm32f1-stdperiph/stm32f10x_rcc.o
                                      0x4ead0 (size before relaxing)
 .debug_str     0x000000000004eecf     0x482f ./system/src/newlib/_exit.o
                                       0x6e7f (size before relaxing)
 .debug_str     0x00000000000536fe      0x4de ./system/src/newlib/_sbrk.o
                                       0x626a (size before relaxing)
 .debug_str     0x0000000000053bdc      0x260 ./system/src/newlib/_startup.o
                                       0x5e1f (size before relaxing)
 .debug_str     0x0000000000053e3c      0xe18 ./system/src/newlib/_syscalls.o
                                       0x70ca (size before relaxing)
 .debug_str     0x0000000000054c54       0xdc ./system/src/newlib/assert.o
                                       0x798b (size before relaxing)
 .debug_str     0x0000000000054d30       0xcb ./system/src/cortexm/_initialize_hardware.o
                                      0x4dfeb (size before relaxing)
 .debug_str     0x0000000000054dfb      0x1ce ./system/src/cortexm/exception_handlers.o
                                      0x528d4 (size before relaxing)
 .debug_str     0x0000000000054fc9       0xa6 ./system/src/cmsis/system_stm32f10x.o
                                      0x4e095 (size before relaxing)
 .debug_str     0x000000000005506f       0x57 ./system/src/cmsis/vectors_stm32f10x.o
                                       0x303a (size before relaxing)
 .debug_str     0x00000000000550c6      0x3fe ./src_lib/delay.o
                                      0x4e36e (size before relaxing)
 .debug_str     0x00000000000554c4       0x77 ./src/descriptor.o
                                      0x4df52 (size before relaxing)
 .debug_str     0x000000000005553b      0x1e8 ./src/hw_init.o
                                      0x4e289 (size before relaxing)
 .debug_str     0x0000000000055723      0x7b3 ./src/main.o
                                      0x53198 (size before relaxing)
 .debug_str     0x0000000000055ed6      0x1dc ./src/usb.o
                                      0x4e604 (size before relaxing)
 .debug_str     0x00000000000560b2      0x1b1 ./src/usbcore.o
                                      0x4e40b (size before relaxing)

.debug_loc      0x0000000000000000     0x1cc2
 *(.debug_loc)
 .debug_loc     0x0000000000000000      0x776 ./system/src/stm32f1-stdperiph/stm32f10x_gpio.o
 .debug_loc     0x0000000000000776      0x91f ./system/src/stm32f1-stdperiph/stm32f10x_rcc.o
 .debug_loc     0x0000000000001095       0x82 ./system/src/newlib/_sbrk.o
 .debug_loc     0x0000000000001117      0x265 ./system/src/newlib/_startup.o
 .debug_loc     0x000000000000137c       0x63 ./system/src/newlib/_syscalls.o
 .debug_loc     0x00000000000013df       0xc6 ./system/src/newlib/assert.o
 .debug_loc     0x00000000000014a5       0xdf ./system/src/cmsis/system_stm32f10x.o
 .debug_loc     0x0000000000001584       0x59 ./src_lib/delay.o
 .debug_loc     0x00000000000015dd       0x5b ./src/hw_init.o
 .debug_loc     0x0000000000001638       0x55 ./src/main.o
 .debug_loc     0x000000000000168d      0x3e7 ./src/usb.o
 .debug_loc     0x0000000000001a74      0x24e ./src/usbcore.o

.debug_macinfo
 *(.debug_macinfo)

.debug_weaknames
 *(.debug_weaknames)

.debug_funcnames
 *(.debug_funcnames)

.debug_typenames
 *(.debug_typenames)

.debug_varnames
 *(.debug_varnames)
OUTPUT(tstusb.elf elf32-littlearm)

.debug_ranges   0x0000000000000000      0x4b8
 .debug_ranges  0x0000000000000000       0x98 ./system/src/stm32f1-stdperiph/stm32f10x_gpio.o
 .debug_ranges  0x0000000000000098      0x108 ./system/src/stm32f1-stdperiph/stm32f10x_rcc.o
 .debug_ranges  0x00000000000001a0       0x18 ./system/src/newlib/_exit.o
 .debug_ranges  0x00000000000001b8       0x10 ./system/src/newlib/_sbrk.o
 .debug_ranges  0x00000000000001c8       0x48 ./system/src/newlib/_startup.o
 .debug_ranges  0x0000000000000210       0x20 ./system/src/newlib/_syscalls.o
 .debug_ranges  0x0000000000000230       0x18 ./system/src/newlib/assert.o
 .debug_ranges  0x0000000000000248       0x18 ./system/src/cortexm/_initialize_hardware.o
 .debug_ranges  0x0000000000000260       0x70 ./system/src/cortexm/exception_handlers.o
 .debug_ranges  0x00000000000002d0       0x28 ./system/src/cmsis/system_stm32f10x.o
 .debug_ranges  0x00000000000002f8       0x10 ./system/src/cmsis/vectors_stm32f10x.o
 .debug_ranges  0x0000000000000308       0x30 ./src_lib/delay.o
 .debug_ranges  0x0000000000000338       0x18 ./src/hw_init.o
 .debug_ranges  0x0000000000000350       0x18 ./src/main.o
 .debug_ranges  0x0000000000000368       0xc0 ./src/usb.o
 .debug_ranges  0x0000000000000428       0x90 ./src/usbcore.o

.debug_macro    0x0000000000000000     0x3887
 .debug_macro   0x0000000000000000      0x1b9 ./system/src/stm32f1-stdperiph/stm32f10x_gpio.o
 .debug_macro   0x00000000000001b9       0x8b ./system/src/stm32f1-stdperiph/stm32f10x_gpio.o
 .debug_macro   0x0000000000000244      0x2a6 ./system/src/stm32f1-stdperiph/stm32f10x_gpio.o
 .debug_macro   0x00000000000004ea      0x287 ./system/src/stm32f1-stdperiph/stm32f10x_rcc.o
 .debug_macro   0x0000000000000771      0x3dc ./system/src/stm32f1-stdperiph/stm32f10x_rcc.o
 .debug_macro   0x0000000000000b4d      0x19c ./system/src/newlib/_exit.o
 .debug_macro   0x0000000000000ce9       0x9c ./system/src/newlib/_exit.o
 .debug_macro   0x0000000000000d85      0x10e ./system/src/newlib/_exit.o
 .debug_macro   0x0000000000000e93       0x8d ./system/src/newlib/_exit.o
 .debug_macro   0x0000000000000f20       0x43 ./system/src/newlib/_exit.o
 .debug_macro   0x0000000000000f63      0x30d ./system/src/newlib/_exit.o
 .debug_macro   0x0000000000001270       0x35 ./system/src/newlib/_exit.o
 .debug_macro   0x00000000000012a5      0x151 ./system/src/newlib/_sbrk.o
 .debug_macro   0x00000000000013f6      0x174 ./system/src/newlib/_sbrk.o
 .debug_macro   0x000000000000156a       0x10 ./system/src/newlib/_sbrk.o
 .debug_macro   0x000000000000157a      0x23b ./system/src/newlib/_sbrk.o
 .debug_macro   0x00000000000017b5      0x15b ./system/src/newlib/_startup.o
 .debug_macro   0x0000000000001910      0x1ff ./system/src/newlib/_syscalls.o
 .debug_macro   0x0000000000001b0f       0x1c ./system/src/newlib/_syscalls.o
 .debug_macro   0x0000000000001b2b       0x10 ./system/src/newlib/_syscalls.o
 .debug_macro   0x0000000000001b3b       0x10 ./system/src/newlib/_syscalls.o
 .debug_macro   0x0000000000001b4b       0x10 ./system/src/newlib/_syscalls.o
 .debug_macro   0x0000000000001b5b       0x35 ./system/src/newlib/_syscalls.o
 .debug_macro   0x0000000000001b90      0x122 ./system/src/newlib/_syscalls.o
 .debug_macro   0x0000000000001cb2       0x88 ./system/src/newlib/_syscalls.o
 .debug_macro   0x0000000000001d3a       0x2b ./system/src/newlib/_syscalls.o
 .debug_macro   0x0000000000001d65      0x118 ./system/src/newlib/_syscalls.o
 .debug_macro   0x0000000000001e7d      0x159 ./system/src/newlib/_syscalls.o
 .debug_macro   0x0000000000001fd6       0x16 ./system/src/newlib/_syscalls.o
 .debug_macro   0x0000000000001fec      0x1b8 ./system/src/newlib/assert.o
 .debug_macro   0x00000000000021a4       0x1c ./system/src/newlib/assert.o
 .debug_macro   0x00000000000021c0      0x16b ./system/src/cortexm/_initialize_hardware.o
 .debug_macro   0x000000000000232b      0x302 ./system/src/cortexm/exception_handlers.o
 .debug_macro   0x000000000000262d       0x3b ./system/src/cortexm/exception_handlers.o
 .debug_macro   0x0000000000002668       0x22 ./system/src/cortexm/exception_handlers.o
 .debug_macro   0x000000000000268a       0x10 ./system/src/cortexm/exception_handlers.o
 .debug_macro   0x000000000000269a       0xcf ./system/src/cortexm/exception_handlers.o
 .debug_macro   0x0000000000002769       0xbe ./system/src/cortexm/exception_handlers.o
 .debug_macro   0x0000000000002827       0x10 ./system/src/cortexm/exception_handlers.o
 .debug_macro   0x0000000000002837      0x16e ./system/src/cmsis/system_stm32f10x.o
 .debug_macro   0x00000000000029a5       0x34 ./system/src/cmsis/vectors_stm32f10x.o
 .debug_macro   0x00000000000029d9      0x161 ./src_lib/delay.o
 .debug_macro   0x0000000000002b3a      0x167 ./src/descriptor.o
 .debug_macro   0x0000000000002ca1      0x16a ./src/hw_init.o
 .debug_macro   0x0000000000002e0b       0x9a ./src/hw_init.o
 .debug_macro   0x0000000000002ea5      0x361 ./src/main.o
 .debug_macro   0x0000000000003206       0x16 ./src/main.o
 .debug_macro   0x000000000000321c       0x97 ./src/main.o
 .debug_macro   0x00000000000032b3       0xfd ./src/main.o
 .debug_macro   0x00000000000033b0       0x10 ./src/main.o
 .debug_macro   0x00000000000033c0       0x16 ./src/main.o
 .debug_macro   0x00000000000033d6      0x18b ./src/main.o
 .debug_macro   0x0000000000003561       0x16 ./src/main.o
 .debug_macro   0x0000000000003577      0x170 ./src/usb.o
 .debug_macro   0x00000000000036e7      0x1a0 ./src/usbcore.o
