Archive member included to satisfy reference by file (symbol)

/usr/local/gcc-arm-none-eabi-5_4-2016q3/bin/../lib/gcc/arm-none-eabi/5.4.1/../../../../arm-none-eabi/lib/armv7-m/libg_nano.a(lib_a-errno.o)
                              ./system/src/newlib/_sbrk.o (__errno)
/usr/local/gcc-arm-none-eabi-5_4-2016q3/bin/../lib/gcc/arm-none-eabi/5.4.1/../../../../arm-none-eabi/lib/armv7-m/libg_nano.a(lib_a-impure.o)
                              /usr/local/gcc-arm-none-eabi-5_4-2016q3/bin/../lib/gcc/arm-none-eabi/5.4.1/../../../../arm-none-eabi/lib/armv7-m/libg_nano.a(lib_a-errno.o) (_impure_ptr)

Allocating common symbols
Common symbol       size              file

errno               0x4               ./system/src/newlib/_syscalls.o
linecoding          0x8               ./src/usbcore.o
intStat             0x2               ./src/usb.o
reqBuf              0x8               ./src/usbcore.o
denois              0x1               ./src_lib/delay.o
key                 0x1               ./src/hw_init.o
usbconn             0x1               ./src/hw_init.o

Discarded input sections

 .text          0x0000000000000000        0x0 ./system/src/stm32f1-stdperiph/misc.o
 .data          0x0000000000000000        0x0 ./system/src/stm32f1-stdperiph/misc.o
 .bss           0x0000000000000000        0x0 ./system/src/stm32f1-stdperiph/misc.o
 .text.NVIC_Init
                0x0000000000000000       0x6c ./system/src/stm32f1-stdperiph/misc.o
 .text.NVIC_SetVectorTable
                0x0000000000000000       0x14 ./system/src/stm32f1-stdperiph/misc.o
 .text.NVIC_SystemLPConfig
                0x0000000000000000       0x18 ./system/src/stm32f1-stdperiph/misc.o
 .text.SysTick_CLKSourceConfig
                0x0000000000000000       0x18 ./system/src/stm32f1-stdperiph/misc.o
 .text          0x0000000000000000        0x0 ./system/src/stm32f1-stdperiph/stm32f10x_gpio.o
 .data          0x0000000000000000        0x0 ./system/src/stm32f1-stdperiph/stm32f10x_gpio.o
 .bss           0x0000000000000000        0x0 ./system/src/stm32f1-stdperiph/stm32f10x_gpio.o
 .text.GPIO_DeInit
                0x0000000000000000       0xb8 ./system/src/stm32f1-stdperiph/stm32f10x_gpio.o
 .text.GPIO_AFIODeInit
                0x0000000000000000       0x16 ./system/src/stm32f1-stdperiph/stm32f10x_gpio.o
 .text.GPIO_StructInit
                0x0000000000000000       0x10 ./system/src/stm32f1-stdperiph/stm32f10x_gpio.o
 .text.GPIO_ReadInputDataBit
                0x0000000000000000        0xc ./system/src/stm32f1-stdperiph/stm32f10x_gpio.o
 .text.GPIO_ReadInputData
                0x0000000000000000        0x6 ./system/src/stm32f1-stdperiph/stm32f10x_gpio.o
 .text.GPIO_ReadOutputDataBit
                0x0000000000000000        0xc ./system/src/stm32f1-stdperiph/stm32f10x_gpio.o
 .text.GPIO_ReadOutputData
                0x0000000000000000        0x6 ./system/src/stm32f1-stdperiph/stm32f10x_gpio.o
 .text.GPIO_SetBits
                0x0000000000000000        0x4 ./system/src/stm32f1-stdperiph/stm32f10x_gpio.o
 .text.GPIO_ResetBits
                0x0000000000000000        0x4 ./system/src/stm32f1-stdperiph/stm32f10x_gpio.o
 .text.GPIO_WriteBit
                0x0000000000000000        0xa ./system/src/stm32f1-stdperiph/stm32f10x_gpio.o
 .text.GPIO_Write
                0x0000000000000000        0x4 ./system/src/stm32f1-stdperiph/stm32f10x_gpio.o
 .text.GPIO_PinLockConfig
                0x0000000000000000       0x10 ./system/src/stm32f1-stdperiph/stm32f10x_gpio.o
 .text.GPIO_EventOutputConfig
                0x0000000000000000       0x1c ./system/src/stm32f1-stdperiph/stm32f10x_gpio.o
 .text.GPIO_EventOutputCmd
                0x0000000000000000        0xc ./system/src/stm32f1-stdperiph/stm32f10x_gpio.o
 .text.GPIO_PinRemapConfig
                0x0000000000000000       0x60 ./system/src/stm32f1-stdperiph/stm32f10x_gpio.o
 .text.GPIO_EXTILineConfig
                0x0000000000000000       0x2a ./system/src/stm32f1-stdperiph/stm32f10x_gpio.o
 .text.GPIO_ETH_MediaInterfaceConfig
                0x0000000000000000        0xc ./system/src/stm32f1-stdperiph/stm32f10x_gpio.o
 .text          0x0000000000000000        0x0 ./system/src/stm32f1-stdperiph/stm32f10x_rcc.o
 .data          0x0000000000000000        0x0 ./system/src/stm32f1-stdperiph/stm32f10x_rcc.o
 .bss           0x0000000000000000        0x0 ./system/src/stm32f1-stdperiph/stm32f10x_rcc.o
 .text.RCC_DeInit
                0x0000000000000000       0x40 ./system/src/stm32f1-stdperiph/stm32f10x_rcc.o
 .text.RCC_HSEConfig
                0x0000000000000000       0x38 ./system/src/stm32f1-stdperiph/stm32f10x_rcc.o
 .text.RCC_AdjustHSICalibrationValue
                0x0000000000000000       0x14 ./system/src/stm32f1-stdperiph/stm32f10x_rcc.o
 .text.RCC_HSICmd
                0x0000000000000000        0xc ./system/src/stm32f1-stdperiph/stm32f10x_rcc.o
 .text.RCC_PLLConfig
                0x0000000000000000       0x14 ./system/src/stm32f1-stdperiph/stm32f10x_rcc.o
 .text.RCC_PLLCmd
                0x0000000000000000        0xc ./system/src/stm32f1-stdperiph/stm32f10x_rcc.o
 .text.RCC_SYSCLKConfig
                0x0000000000000000       0x14 ./system/src/stm32f1-stdperiph/stm32f10x_rcc.o
 .text.RCC_GetSYSCLKSource
                0x0000000000000000       0x10 ./system/src/stm32f1-stdperiph/stm32f10x_rcc.o
 .text.RCC_HCLKConfig
                0x0000000000000000       0x14 ./system/src/stm32f1-stdperiph/stm32f10x_rcc.o
 .text.RCC_PCLK1Config
                0x0000000000000000       0x14 ./system/src/stm32f1-stdperiph/stm32f10x_rcc.o
 .text.RCC_PCLK2Config
                0x0000000000000000       0x14 ./system/src/stm32f1-stdperiph/stm32f10x_rcc.o
 .text.RCC_ITConfig
                0x0000000000000000       0x18 ./system/src/stm32f1-stdperiph/stm32f10x_rcc.o
 .text.RCC_ADCCLKConfig
                0x0000000000000000       0x14 ./system/src/stm32f1-stdperiph/stm32f10x_rcc.o
 .text.RCC_LSEConfig
                0x0000000000000000       0x20 ./system/src/stm32f1-stdperiph/stm32f10x_rcc.o
 .text.RCC_LSICmd
                0x0000000000000000        0xc ./system/src/stm32f1-stdperiph/stm32f10x_rcc.o
 .text.RCC_RTCCLKConfig
                0x0000000000000000       0x10 ./system/src/stm32f1-stdperiph/stm32f10x_rcc.o
 .text.RCC_RTCCLKCmd
                0x0000000000000000        0xc ./system/src/stm32f1-stdperiph/stm32f10x_rcc.o
 .text.RCC_GetClocksFreq
                0x0000000000000000       0x88 ./system/src/stm32f1-stdperiph/stm32f10x_rcc.o
 .text.RCC_AHBPeriphClockCmd
                0x0000000000000000       0x18 ./system/src/stm32f1-stdperiph/stm32f10x_rcc.o
 .text.RCC_APB2PeriphResetCmd
                0x0000000000000000       0x18 ./system/src/stm32f1-stdperiph/stm32f10x_rcc.o
 .text.RCC_APB1PeriphResetCmd
                0x0000000000000000       0x18 ./system/src/stm32f1-stdperiph/stm32f10x_rcc.o
 .text.RCC_BackupResetCmd
                0x0000000000000000        0xc ./system/src/stm32f1-stdperiph/stm32f10x_rcc.o
 .text.RCC_ClockSecuritySystemCmd
                0x0000000000000000        0xc ./system/src/stm32f1-stdperiph/stm32f10x_rcc.o
 .text.RCC_MCOConfig
                0x0000000000000000        0xc ./system/src/stm32f1-stdperiph/stm32f10x_rcc.o
 .text.RCC_GetFlagStatus
                0x0000000000000000       0x28 ./system/src/stm32f1-stdperiph/stm32f10x_rcc.o
 .text.RCC_WaitForHSEStartUp
                0x0000000000000000       0x30 ./system/src/stm32f1-stdperiph/stm32f10x_rcc.o
 .text.RCC_ClearFlag
                0x0000000000000000       0x10 ./system/src/stm32f1-stdperiph/stm32f10x_rcc.o
 .text.RCC_GetITStatus
                0x0000000000000000       0x14 ./system/src/stm32f1-stdperiph/stm32f10x_rcc.o
 .text.RCC_ClearITPendingBit
                0x0000000000000000        0xc ./system/src/stm32f1-stdperiph/stm32f10x_rcc.o
 .data.ADCPrescTable
                0x0000000000000000        0x4 ./system/src/stm32f1-stdperiph/stm32f10x_rcc.o
 .data.APBAHBPrescTable
                0x0000000000000000       0x10 ./system/src/stm32f1-stdperiph/stm32f10x_rcc.o
 .text          0x0000000000000000        0x0 ./system/src/newlib/_cxx.o
 .data          0x0000000000000000        0x0 ./system/src/newlib/_cxx.o
 .bss           0x0000000000000000        0x0 ./system/src/newlib/_cxx.o
 .text._ZN9__gnu_cxx27__verbose_terminate_handlerEv
                0x0000000000000000        0x6 ./system/src/newlib/_cxx.o
 .text.__cxa_pure_virtual
                0x0000000000000000        0x6 ./system/src/newlib/_cxx.o
 .debug_info    0x0000000000000000      0x565 ./system/src/newlib/_cxx.o
 .debug_abbrev  0x0000000000000000      0x1ba ./system/src/newlib/_cxx.o
 .debug_aranges
                0x0000000000000000       0x20 ./system/src/newlib/_cxx.o
 .debug_ranges  0x0000000000000000       0x10 ./system/src/newlib/_cxx.o
 .debug_line    0x0000000000000000      0x1e6 ./system/src/newlib/_cxx.o
 .debug_str     0x0000000000000000      0x351 ./system/src/newlib/_cxx.o
 .comment       0x0000000000000000       0x6f ./system/src/newlib/_cxx.o
 .debug_frame   0x0000000000000000       0x40 ./system/src/newlib/_cxx.o
 .ARM.attributes
                0x0000000000000000       0x33 ./system/src/newlib/_cxx.o
 .text          0x0000000000000000        0x0 ./system/src/newlib/_exit.o
 .data          0x0000000000000000        0x0 ./system/src/newlib/_exit.o
 .bss           0x0000000000000000        0x0 ./system/src/newlib/_exit.o
 .text.abort    0x0000000000000000        0x8 ./system/src/newlib/_exit.o
 .text          0x0000000000000000        0x0 ./system/src/newlib/_sbrk.o
 .data          0x0000000000000000        0x0 ./system/src/newlib/_sbrk.o
 .bss           0x0000000000000000        0x0 ./system/src/newlib/_sbrk.o
 .text._sbrk    0x0000000000000000       0x40 ./system/src/newlib/_sbrk.o
 .bss.current_heap_end.3974
                0x0000000000000000        0x4 ./system/src/newlib/_sbrk.o
 .debug_info    0x0000000000000000      0x11b ./system/src/newlib/_sbrk.o
 .debug_abbrev  0x0000000000000000       0xb6 ./system/src/newlib/_sbrk.o
 .debug_loc     0x0000000000000000       0x92 ./system/src/newlib/_sbrk.o
 .debug_aranges
                0x0000000000000000       0x20 ./system/src/newlib/_sbrk.o
 .debug_ranges  0x0000000000000000       0x10 ./system/src/newlib/_sbrk.o
 .debug_line    0x0000000000000000       0xb1 ./system/src/newlib/_sbrk.o
 .debug_str     0x0000000000000000      0x217 ./system/src/newlib/_sbrk.o
 .comment       0x0000000000000000       0x6f ./system/src/newlib/_sbrk.o
 .debug_frame   0x0000000000000000       0x28 ./system/src/newlib/_sbrk.o
 .ARM.attributes
                0x0000000000000000       0x33 ./system/src/newlib/_sbrk.o
 .text          0x0000000000000000        0x0 ./system/src/newlib/_startup.o
 .data          0x0000000000000000        0x0 ./system/src/newlib/_startup.o
 .bss           0x0000000000000000        0x0 ./system/src/newlib/_startup.o
 .text.__initialize_data
                0x0000000000000000       0x10 ./system/src/newlib/_startup.o
 .text.__initialize_bss
                0x0000000000000000        0xe ./system/src/newlib/_startup.o
 .text.__run_init_array
                0x0000000000000000       0x48 ./system/src/newlib/_startup.o
 .text.__run_fini_array
                0x0000000000000000       0x24 ./system/src/newlib/_startup.o
 .text          0x0000000000000000        0x0 ./system/src/newlib/_syscalls.o
 .data          0x0000000000000000        0x0 ./system/src/newlib/_syscalls.o
 .bss           0x0000000000000000        0x0 ./system/src/newlib/_syscalls.o
 .text.raise    0x0000000000000000       0x10 ./system/src/newlib/_syscalls.o
 .text.kill     0x0000000000000000       0x10 ./system/src/newlib/_syscalls.o
 .bss.__dso_handle
                0x0000000000000000        0x4 ./system/src/newlib/_syscalls.o
 COMMON         0x0000000000000000        0x4 ./system/src/newlib/_syscalls.o
 .text          0x0000000000000000        0x0 ./system/src/newlib/assert.o
 .data          0x0000000000000000        0x0 ./system/src/newlib/assert.o
 .bss           0x0000000000000000        0x0 ./system/src/newlib/assert.o
 .text.__assert_func
                0x0000000000000000        0x6 ./system/src/newlib/assert.o
 .debug_info    0x0000000000000000      0x10f ./system/src/newlib/assert.o
 .debug_abbrev  0x0000000000000000       0xa9 ./system/src/newlib/assert.o
 .debug_loc     0x0000000000000000       0x84 ./system/src/newlib/assert.o
 .debug_aranges
                0x0000000000000000       0x20 ./system/src/newlib/assert.o
 .debug_ranges  0x0000000000000000       0x10 ./system/src/newlib/assert.o
 .debug_line    0x0000000000000000       0xc6 ./system/src/newlib/assert.o
 .debug_str     0x0000000000000000      0x200 ./system/src/newlib/assert.o
 .comment       0x0000000000000000       0x6f ./system/src/newlib/assert.o
 .debug_frame   0x0000000000000000       0x28 ./system/src/newlib/assert.o
 .ARM.attributes
                0x0000000000000000       0x33 ./system/src/newlib/assert.o
 .text          0x0000000000000000        0x0 ./system/src/diag/Trace.o
 .data          0x0000000000000000        0x0 ./system/src/diag/Trace.o
 .bss           0x0000000000000000        0x0 ./system/src/diag/Trace.o
 .debug_line    0x0000000000000000        0x0 ./system/src/diag/Trace.o
 .debug_str     0x0000000000000000      0x11d ./system/src/diag/Trace.o
 .comment       0x0000000000000000       0x6f ./system/src/diag/Trace.o
 .ARM.attributes
                0x0000000000000000       0x33 ./system/src/diag/Trace.o
 .text          0x0000000000000000        0x0 ./system/src/diag/trace_impl.o
 .data          0x0000000000000000        0x0 ./system/src/diag/trace_impl.o
 .bss           0x0000000000000000        0x0 ./system/src/diag/trace_impl.o
 .debug_line    0x0000000000000000        0x0 ./system/src/diag/trace_impl.o
 .debug_str     0x0000000000000000      0x122 ./system/src/diag/trace_impl.o
 .comment       0x0000000000000000       0x6f ./system/src/diag/trace_impl.o
 .ARM.attributes
                0x0000000000000000       0x33 ./system/src/diag/trace_impl.o
 .text          0x0000000000000000        0x0 ./system/src/cortexm/_initialize_hardware.o
 .data          0x0000000000000000        0x0 ./system/src/cortexm/_initialize_hardware.o
 .bss           0x0000000000000000        0x0 ./system/src/cortexm/_initialize_hardware.o
 .text          0x0000000000000000        0x0 ./system/src/cortexm/_reset_hardware.o
 .data          0x0000000000000000        0x0 ./system/src/cortexm/_reset_hardware.o
 .bss           0x0000000000000000        0x0 ./system/src/cortexm/_reset_hardware.o
 .text          0x0000000000000000        0x0 ./system/src/cortexm/exception_handlers.o
 .data          0x0000000000000000        0x0 ./system/src/cortexm/exception_handlers.o
 .bss           0x0000000000000000        0x0 ./system/src/cortexm/exception_handlers.o
 .text          0x0000000000000000        0x0 ./system/src/cmsis/system_stm32f10x.o
 .data          0x0000000000000000        0x0 ./system/src/cmsis/system_stm32f10x.o
 .bss           0x0000000000000000        0x0 ./system/src/cmsis/system_stm32f10x.o
 .text          0x0000000000000000        0x0 ./system/src/cmsis/vectors_stm32f10x.o
 .data          0x0000000000000000        0x0 ./system/src/cmsis/vectors_stm32f10x.o
 .bss           0x0000000000000000        0x0 ./system/src/cmsis/vectors_stm32f10x.o
 .text          0x0000000000000000        0x0 ./src_lib/delay.o
 .data          0x0000000000000000        0x0 ./src_lib/delay.o
 .bss           0x0000000000000000        0x0 ./src_lib/delay.o
 .text.setTimeUp
                0x0000000000000000        0xc ./src_lib/delay.o
 .text          0x0000000000000000        0x0 ./src/descriptor.o
 .data          0x0000000000000000        0x0 ./src/descriptor.o
 .bss           0x0000000000000000        0x0 ./src/descriptor.o
 .text          0x0000000000000000        0x0 ./src/disp.o
 .data          0x0000000000000000        0x0 ./src/disp.o
 .bss           0x0000000000000000        0x0 ./src/disp.o
 .text          0x0000000000000000        0x0 ./src/hw_init.o
 .data          0x0000000000000000        0x0 ./src/hw_init.o
 .bss           0x0000000000000000        0x0 ./src/hw_init.o
 .text          0x0000000000000000        0x0 ./src/main.o
 .data          0x0000000000000000        0x0 ./src/main.o
 .bss           0x0000000000000000        0x0 ./src/main.o
 .text          0x0000000000000000        0x0 ./src/usb.o
 .data          0x0000000000000000        0x0 ./src/usb.o
 .bss           0x0000000000000000        0x0 ./src/usb.o
 .text.usb_deinit
                0x0000000000000000       0x1c ./src/usb.o
 .text.setkind  0x0000000000000000       0x1c ./src/usb.o
 .text.clrkind  0x0000000000000000       0x18 ./src/usb.o
 .text.setTableTx
                0x0000000000000000       0x14 ./src/usb.o
 .text.setTableRx
                0x0000000000000000       0x14 ./src/usb.o
 .text.setRxCount
                0x0000000000000000       0x10 ./src/usb.o
 .text.toggleRx
                0x0000000000000000       0x20 ./src/usb.o
 .text          0x0000000000000000        0x0 ./src/usbcore.o
 .data          0x0000000000000000        0x0 ./src/usbcore.o
 .bss           0x0000000000000000        0x0 ./src/usbcore.o
 .text.sendCommBuff
                0x0000000000000000       0x2c ./src/usbcore.o
 .text          0x0000000000000000        0x0 /usr/local/gcc-arm-none-eabi-5_4-2016q3/bin/../lib/gcc/arm-none-eabi/5.4.1/../../../../arm-none-eabi/lib/armv7-m/libg_nano.a(lib_a-errno.o)
 .data          0x0000000000000000        0x0 /usr/local/gcc-arm-none-eabi-5_4-2016q3/bin/../lib/gcc/arm-none-eabi/5.4.1/../../../../arm-none-eabi/lib/armv7-m/libg_nano.a(lib_a-errno.o)
 .bss           0x0000000000000000        0x0 /usr/local/gcc-arm-none-eabi-5_4-2016q3/bin/../lib/gcc/arm-none-eabi/5.4.1/../../../../arm-none-eabi/lib/armv7-m/libg_nano.a(lib_a-errno.o)
 .text.__errno  0x0000000000000000        0xc /usr/local/gcc-arm-none-eabi-5_4-2016q3/bin/../lib/gcc/arm-none-eabi/5.4.1/../../../../arm-none-eabi/lib/armv7-m/libg_nano.a(lib_a-errno.o)
 .debug_frame   0x0000000000000000       0x20 /usr/local/gcc-arm-none-eabi-5_4-2016q3/bin/../lib/gcc/arm-none-eabi/5.4.1/../../../../arm-none-eabi/lib/armv7-m/libg_nano.a(lib_a-errno.o)
 .ARM.attributes
                0x0000000000000000       0x2d /usr/local/gcc-arm-none-eabi-5_4-2016q3/bin/../lib/gcc/arm-none-eabi/5.4.1/../../../../arm-none-eabi/lib/armv7-m/libg_nano.a(lib_a-errno.o)
 .text          0x0000000000000000        0x0 /usr/local/gcc-arm-none-eabi-5_4-2016q3/bin/../lib/gcc/arm-none-eabi/5.4.1/../../../../arm-none-eabi/lib/armv7-m/libg_nano.a(lib_a-impure.o)
 .data          0x0000000000000000        0x0 /usr/local/gcc-arm-none-eabi-5_4-2016q3/bin/../lib/gcc/arm-none-eabi/5.4.1/../../../../arm-none-eabi/lib/armv7-m/libg_nano.a(lib_a-impure.o)
 .bss           0x0000000000000000        0x0 /usr/local/gcc-arm-none-eabi-5_4-2016q3/bin/../lib/gcc/arm-none-eabi/5.4.1/../../../../arm-none-eabi/lib/armv7-m/libg_nano.a(lib_a-impure.o)
 .data.impure_data
                0x0000000000000000       0x60 /usr/local/gcc-arm-none-eabi-5_4-2016q3/bin/../lib/gcc/arm-none-eabi/5.4.1/../../../../arm-none-eabi/lib/armv7-m/libg_nano.a(lib_a-impure.o)
 .data._impure_ptr
                0x0000000000000000        0x4 /usr/local/gcc-arm-none-eabi-5_4-2016q3/bin/../lib/gcc/arm-none-eabi/5.4.1/../../../../arm-none-eabi/lib/armv7-m/libg_nano.a(lib_a-impure.o)
 .rodata._global_impure_ptr
                0x0000000000000000        0x4 /usr/local/gcc-arm-none-eabi-5_4-2016q3/bin/../lib/gcc/arm-none-eabi/5.4.1/../../../../arm-none-eabi/lib/armv7-m/libg_nano.a(lib_a-impure.o)
 .ARM.attributes
                0x0000000000000000       0x2d /usr/local/gcc-arm-none-eabi-5_4-2016q3/bin/../lib/gcc/arm-none-eabi/5.4.1/../../../../arm-none-eabi/lib/armv7-m/libg_nano.a(lib_a-impure.o)

Memory Configuration

Name             Origin             Length             Attributes
RAM              0x0000000020000000 0x0000000000005000 xrw
CCMRAM           0x0000000000000000 0x0000000000000000 xrw
FLASH            0x0000000008000000 0x0000000000020000 xr
FLASHB1          0x0000000000000000 0x0000000000000000 xr
EXTMEMB0         0x0000000000000000 0x0000000000000000 xr
EXTMEMB1         0x0000000000000000 0x0000000000000000 xr
EXTMEMB2         0x0000000000000000 0x0000000000000000 xr
EXTMEMB3         0x0000000000000000 0x0000000000000000 xr
MEMORY_ARRAY     0x0000000000000000 0x0000000000000000 xrw
*default*        0x0000000000000000 0xffffffffffffffff

Linker script and memory map

LOAD ./system/src/stm32f1-stdperiph/misc.o
LOAD ./system/src/stm32f1-stdperiph/stm32f10x_gpio.o
LOAD ./system/src/stm32f1-stdperiph/stm32f10x_rcc.o
LOAD ./system/src/newlib/_cxx.o
LOAD ./system/src/newlib/_exit.o
LOAD ./system/src/newlib/_sbrk.o
LOAD ./system/src/newlib/_startup.o
LOAD ./system/src/newlib/_syscalls.o
LOAD ./system/src/newlib/assert.o
LOAD ./system/src/diag/Trace.o
LOAD ./system/src/diag/trace_impl.o
LOAD ./system/src/cortexm/_initialize_hardware.o
LOAD ./system/src/cortexm/_reset_hardware.o
LOAD ./system/src/cortexm/exception_handlers.o
LOAD ./system/src/cmsis/system_stm32f10x.o
LOAD ./system/src/cmsis/vectors_stm32f10x.o
LOAD ./src_lib/delay.o
LOAD ./src/descriptor.o
LOAD ./src/disp.o
LOAD ./src/hw_init.o
LOAD ./src/main.o
LOAD ./src/usb.o
LOAD ./src/usbcore.o
LOAD /usr/local/gcc-arm-none-eabi-5_4-2016q3/bin/../lib/gcc/arm-none-eabi/5.4.1/../../../../arm-none-eabi/lib/armv7-m/libstdc++_nano.a
LOAD /usr/local/gcc-arm-none-eabi-5_4-2016q3/bin/../lib/gcc/arm-none-eabi/5.4.1/../../../../arm-none-eabi/lib/armv7-m/libm.a
START GROUP
LOAD /usr/local/gcc-arm-none-eabi-5_4-2016q3/bin/../lib/gcc/arm-none-eabi/5.4.1/armv7-m/libgcc.a
LOAD /usr/local/gcc-arm-none-eabi-5_4-2016q3/bin/../lib/gcc/arm-none-eabi/5.4.1/../../../../arm-none-eabi/lib/armv7-m/libg_nano.a
LOAD /usr/local/gcc-arm-none-eabi-5_4-2016q3/bin/../lib/gcc/arm-none-eabi/5.4.1/../../../../arm-none-eabi/lib/armv7-m/libc_nano.a
END GROUP
START GROUP
LOAD /usr/local/gcc-arm-none-eabi-5_4-2016q3/bin/../lib/gcc/arm-none-eabi/5.4.1/armv7-m/libgcc.a
LOAD /usr/local/gcc-arm-none-eabi-5_4-2016q3/bin/../lib/gcc/arm-none-eabi/5.4.1/../../../../arm-none-eabi/lib/armv7-m/libc_nano.a
END GROUP
                0x0000000020005000                __stack = (ORIGIN (RAM) + LENGTH (RAM))
                0x0000000020005000                _estack = __stack
                0x0000000000000400                __Main_Stack_Size = 0x400
                [!provide]                        PROVIDE (_Main_Stack_Size, __Main_Stack_Size)
                0x0000000020004c00                __Main_Stack_Limit = (__stack - __Main_Stack_Size)
                [!provide]                        PROVIDE (_Main_Stack_Limit, __Main_Stack_Limit)
                0x0000000000000100                _Minimum_Stack_Size = 0x100
                0x000000002000012c                PROVIDE (_Heap_Begin, _end_noinit)
                0x0000000020004c00                PROVIDE (_Heap_Limit, (__stack - __Main_Stack_Size))

.isr_vector     0x0000000008000000      0x232
 FILL mask 0xff
                0x0000000008000000                __vectors_start = ABSOLUTE (.)
                0x0000000008000000                __vectors_start__ = ABSOLUTE (.)
 *(.isr_vector)
 .isr_vector    0x0000000008000000      0x10c ./system/src/cmsis/vectors_stm32f10x.o
                0x0000000008000000                __isr_vectors
 *(.cfmconfig)
 *(.after_vectors .after_vectors.*)
 .after_vectors
                0x000000000800010c       0xc0 ./system/src/newlib/_startup.o
                0x000000000800010c                _start
 .after_vectors
                0x00000000080001cc       0x64 ./system/src/cortexm/exception_handlers.o
                0x00000000080001cc                Reset_Handler
                0x00000000080001d0                NMI_Handler
                0x00000000080001d2                HardFault_Handler
                0x00000000080001e6                HardFault_Handler_C
                0x00000000080001e8                MemManage_Handler
                0x00000000080001ea                BusFault_Handler
                0x00000000080001fe                BusFault_Handler_C
                0x0000000008000200                UsageFault_Handler
                0x0000000008000214                UsageFault_Handler_C
                0x0000000008000216                SVC_Handler
                0x0000000008000218                DebugMon_Handler
                0x000000000800021a                PendSV_Handler
 .after_vectors
                0x0000000008000230        0x2 ./system/src/cmsis/vectors_stm32f10x.o
                0x0000000008000230                TIM1_BRK_TIM15_IRQHandler
                0x0000000008000230                TIM8_TRG_COM_IRQHandler
                0x0000000008000230                TIM8_CC_IRQHandler
                0x0000000008000230                TIM1_CC_IRQHandler
                0x0000000008000230                TIM6_IRQHandler
                0x0000000008000230                PVD_IRQHandler
                0x0000000008000230                SDIO_IRQHandler
                0x0000000008000230                CAN2_RX1_IRQHandler
                0x0000000008000230                EXTI3_IRQHandler
                0x0000000008000230                TIM8_TRG_COM_TIM14_IRQHandler
                0x0000000008000230                TIM1_UP_TIM10_IRQHandler
                0x0000000008000230                TIM8_UP_TIM13_IRQHandler
                0x0000000008000230                I2C2_EV_IRQHandler
                0x0000000008000230                CAN1_RX0_IRQHandler
                0x0000000008000230                TIM1_UP_TIM16_IRQHandler
                0x0000000008000230                CAN2_SCE_IRQHandler
                0x0000000008000230                ADC1_2_IRQHandler
                0x0000000008000230                SPI1_IRQHandler
                0x0000000008000230                TAMPER_IRQHandler
                0x0000000008000230                TIM6_DAC_IRQHandler
                0x0000000008000230                TIM1_BRK_TIM9_IRQHandler
                0x0000000008000230                CAN2_RX0_IRQHandler
                0x0000000008000230                TIM8_UP_IRQHandler
                0x0000000008000230                DMA2_Channel2_IRQHandler
                0x0000000008000230                DMA1_Channel4_IRQHandler
                0x0000000008000230                USART3_IRQHandler
                0x0000000008000230                RTC_IRQHandler
                0x0000000008000230                DMA1_Channel7_IRQHandler
                0x0000000008000230                CAN1_RX1_IRQHandler
                0x0000000008000230                UART5_IRQHandler
                0x0000000008000230                ADC3_IRQHandler
                0x0000000008000230                DMA2_Channel1_IRQHandler
                0x0000000008000230                I2C1_EV_IRQHandler
                0x0000000008000230                DMA1_Channel6_IRQHandler
                0x0000000008000230                UART4_IRQHandler
                0x0000000008000230                DMA2_Channel4_IRQHandler
                0x0000000008000230                TIM3_IRQHandler
                0x0000000008000230                RCC_IRQHandler
                0x0000000008000230                TIM8_BRK_TIM12_IRQHandler
                0x0000000008000230                TIM1_TRG_COM_IRQHandler
                0x0000000008000230                DMA1_Channel1_IRQHandler
                0x0000000008000230                Default_Handler
                0x0000000008000230                CEC_IRQHandler
                0x0000000008000230                TIM14_IRQHandler
                0x0000000008000230                TIM13_IRQHandler
                0x0000000008000230                TIM12_IRQHandler
                0x0000000008000230                TIM7_IRQHandler
                0x0000000008000230                CAN2_TX_IRQHandler
                0x0000000008000230                TIM5_IRQHandler
                0x0000000008000230                EXTI9_5_IRQHandler
                0x0000000008000230                ETH_WKUP_IRQHandler
                0x0000000008000230                SPI2_IRQHandler
                0x0000000008000230                CAN1_TX_IRQHandler
                0x0000000008000230                DMA2_Channel5_IRQHandler
                0x0000000008000230                DMA1_Channel5_IRQHandler
                0x0000000008000230                EXTI4_IRQHandler
                0x0000000008000230                TIM1_TRG_COM_TIM17_IRQHandler
                0x0000000008000230                DMA1_Channel3_IRQHandler
                0x0000000008000230                FSMC_IRQHandler
                0x0000000008000230                ETH_IRQHandler
                0x0000000008000230                TIM1_UP_IRQHandler
                0x0000000008000230                WWDG_IRQHandler
                0x0000000008000230                TIM2_IRQHandler
                0x0000000008000230                OTG_FS_WKUP_IRQHandler
                0x0000000008000230                TIM1_TRG_COM_TIM11_IRQHandler
                0x0000000008000230                TIM1_BRK_IRQHandler
                0x0000000008000230                RTCAlarm_IRQHandler
                0x0000000008000230                DMA2_Channel4_5_IRQHandler
                0x0000000008000230                USART2_IRQHandler
                0x0000000008000230                I2C2_ER_IRQHandler
                0x0000000008000230                DMA1_Channel2_IRQHandler
                0x0000000008000230                TIM8_BRK_IRQHandler
                0x0000000008000230                CAN1_SCE_IRQHandler
                0x0000000008000230                FLASH_IRQHandler
                0x0000000008000230                USART1_IRQHandler
                0x0000000008000230                OTG_FS_IRQHandler
                0x0000000008000230                SPI3_IRQHandler
                0x0000000008000230                I2C1_ER_IRQHandler
                0x0000000008000230                USBWakeUp_IRQHandler
                0x0000000008000230                DMA2_Channel3_IRQHandler
                0x0000000008000230                EXTI2_IRQHandler

.inits          0x0000000008000234       0x28
                0x0000000008000234                __data_regions_array_start = .
                0x0000000008000234        0x4 LONG 0x80012dc LOADADDR (.data)
                0x0000000008000238        0x4 LONG 0x20000000 ADDR (.data)
                0x000000000800023c        0x4 LONG 0x20000034 (ADDR (.data) + SIZEOF (.data))
                0x0000000008000240        0x4 LONG 0x80012dc LOADADDR (.data_CCMRAM)
                0x0000000008000244        0x4 LONG 0x0 ADDR (.data_CCMRAM)
                0x0000000008000248        0x4 LONG 0x0 (ADDR (.data_CCMRAM) + SIZEOF (.data_CCMRAM))
                0x000000000800024c                __data_regions_array_end = .
                0x000000000800024c                __bss_regions_array_start = .
                0x000000000800024c        0x4 LONG 0x20000034 ADDR (.bss)
                0x0000000008000250        0x4 LONG 0x2000012c (ADDR (.bss) + SIZEOF (.bss))
                0x0000000008000254        0x4 LONG 0x0 ADDR (.bss_CCMRAM)
                0x0000000008000258        0x4 LONG 0x0 (ADDR (.bss_CCMRAM) + SIZEOF (.bss_CCMRAM))
                0x000000000800025c                __bss_regions_array_end = .
 *(.init)
 *(.fini)
                0x000000000800025c                . = ALIGN (0x4)
                0x000000000800025c                PROVIDE (__preinit_array_start, .)
 *(.preinit_array_sysinit .preinit_array_sysinit.*)
 *(.preinit_array_platform .preinit_array_platform.*)
 *(.preinit_array .preinit_array.*)
                0x000000000800025c                PROVIDE (__preinit_array_end, .)
                0x000000000800025c                . = ALIGN (0x4)
                0x000000000800025c                PROVIDE (__init_array_start, .)
 *(SORT(.init_array.*))
 *(.init_array)
                0x000000000800025c                PROVIDE (__init_array_end, .)
                0x000000000800025c                . = ALIGN (0x4)
                0x000000000800025c                PROVIDE (__fini_array_start, .)
 *(SORT(.fini_array.*))
 *(.fini_array)
                0x000000000800025c                PROVIDE (__fini_array_end, .)

.flashtext
 *(.flashtext .flashtext.*)

.text           0x000000000800025c     0x107e
 *(.text .text.*)
 .text.NVIC_PriorityGroupConfig
                0x000000000800025c       0x14 ./system/src/stm32f1-stdperiph/misc.o
                0x000000000800025c                NVIC_PriorityGroupConfig
 .text.GPIO_Init
                0x0000000008000270       0xa4 ./system/src/stm32f1-stdperiph/stm32f10x_gpio.o
                0x0000000008000270                GPIO_Init
 .text.RCC_USBCLKConfig
                0x0000000008000314        0xc ./system/src/stm32f1-stdperiph/stm32f10x_rcc.o
                0x0000000008000314                RCC_USBCLKConfig
 .text.RCC_APB2PeriphClockCmd
                0x0000000008000320       0x18 ./system/src/stm32f1-stdperiph/stm32f10x_rcc.o
                0x0000000008000320                RCC_APB2PeriphClockCmd
 .text.RCC_APB1PeriphClockCmd
                0x0000000008000338       0x18 ./system/src/stm32f1-stdperiph/stm32f10x_rcc.o
                0x0000000008000338                RCC_APB1PeriphClockCmd
 .text._exit    0x0000000008000350        0x6 ./system/src/newlib/_exit.o
                0x0000000008000350                _exit
 *fill*         0x0000000008000356        0x2 
 .text.__initialize_args
                0x0000000008000358       0x10 ./system/src/newlib/_syscalls.o
                0x0000000008000358                __initialize_args
 .text.__initialize_hardware_early
                0x0000000008000368       0x18 ./system/src/cortexm/_initialize_hardware.o
                0x0000000008000368                __initialize_hardware_early
 .text.__initialize_hardware
                0x0000000008000380        0x4 ./system/src/cortexm/_initialize_hardware.o
                0x0000000008000380                __initialize_hardware
 .text.__reset_hardware
                0x0000000008000384       0x24 ./system/src/cortexm/_reset_hardware.o
                0x0000000008000384                __reset_hardware
 .text.SystemInit
                0x00000000080003a8       0xf4 ./system/src/cmsis/system_stm32f10x.o
                0x00000000080003a8                SystemInit
 .text.SystemCoreClockUpdate
                0x000000000800049c       0x5c ./system/src/cmsis/system_stm32f10x.o
                0x000000000800049c                SystemCoreClockUpdate
 .text.myDelay_init
                0x00000000080004f8       0x50 ./src_lib/delay.o
                0x00000000080004f8                myDelay_init
 .text.myDelay  0x0000000008000548       0x10 ./src_lib/delay.o
                0x0000000008000548                myDelay
 .text.defaultUpTime
                0x0000000008000558        0x2 ./src_lib/delay.o
                0x0000000008000558                defaultUpTime
                0x0000000008000558                timeUp
 *fill*         0x000000000800055a        0x2 
 .text.SysTick_Handler
                0x000000000800055c       0x40 ./src_lib/delay.o
                0x000000000800055c                SysTick_Handler
 .text.inc_inx.part.0
                0x000000000800059c       0x18 ./src/disp.o
 .text.inc_inx  0x00000000080005b4       0x1c ./src/disp.o
                0x00000000080005b4                inc_inx
 .text.send_byte
                0x00000000080005d0       0xa8 ./src/disp.o
 .text.lcd_char
                0x0000000008000678       0x2c ./src/disp.o
                0x0000000008000678                lcd_char
 .text.lcd_str  0x00000000080006a4       0x12 ./src/disp.o
                0x00000000080006a4                lcd_str
 *fill*         0x00000000080006b6        0x2 
 .text.lcd_cmd  0x00000000080006b8       0x3c ./src/disp.o
                0x00000000080006b8                lcd_cmd
 .text.lcd_init
                0x00000000080006f4       0xa8 ./src/disp.o
                0x00000000080006f4                lcd_init
 .text.TIM4_IRQHandler
                0x000000000800079c       0x54 ./src/disp.o
                0x000000000800079c                TIM4_IRQHandler
 .text.hw_init  0x00000000080007f0       0xc4 ./src/hw_init.o
                0x00000000080007f0                hw_init
 .text.getkey   0x00000000080008b4       0x10 ./src/hw_init.o
                0x00000000080008b4                getkey
 .text.EXTI1_IRQHandler
                0x00000000080008c4       0x28 ./src/hw_init.o
                0x00000000080008c4                EXTI1_IRQHandler
 .text.EXTI0_IRQHandler
                0x00000000080008ec       0x28 ./src/hw_init.o
                0x00000000080008ec                EXTI0_IRQHandler
 .text.startup.main
                0x0000000008000914       0x8c ./src/main.o
                0x0000000008000914                main
 .text.EXTI15_10_IRQHandler
                0x00000000080009a0       0x34 ./src/main.o
                0x00000000080009a0                EXTI15_10_IRQHandler
 .text.usb_init
                0x00000000080009d4       0x3c ./src/usb.o
                0x00000000080009d4                usb_init
 .text.setTxCount
                0x0000000008000a10       0x10 ./src/usb.o
                0x0000000008000a10                setTxCount
 .text.getTableTxAddr
                0x0000000008000a20       0x10 ./src/usb.o
                0x0000000008000a20                getTableTxAddr
 .text.getTableRxAddr
                0x0000000008000a30       0x10 ./src/usb.o
                0x0000000008000a30                getTableRxAddr
 .text.getTableRxCount
                0x0000000008000a40       0x14 ./src/usb.o
                0x0000000008000a40                getTableRxCount
 .text.setEPType
                0x0000000008000a54       0x22 ./src/usb.o
                0x0000000008000a54                setEPType
 .text.toggleTx
                0x0000000008000a76       0x20 ./src/usb.o
                0x0000000008000a76                toggleTx
 .text.setStatTx
                0x0000000008000a96       0x28 ./src/usb.o
                0x0000000008000a96                setStatTx
 .text.setStatRx
                0x0000000008000abe       0x28 ./src/usb.o
                0x0000000008000abe                setStatRx
 .text.clrCTR_rx
                0x0000000008000ae6       0x18 ./src/usb.o
                0x0000000008000ae6                clrCTR_rx
 .text.clrCTR_tx
                0x0000000008000afe       0x1c ./src/usb.o
                0x0000000008000afe                clrCTR_tx
 *fill*         0x0000000008000b1a        0x2 
 .text.usr2pma  0x0000000008000b1c       0x4c ./src/usb.o
                0x0000000008000b1c                usr2pma
 .text.pma2usr  0x0000000008000b68       0x34 ./src/usb.o
                0x0000000008000b68                pma2usr
 .text.tableInit
                0x0000000008000b9c       0x38 ./src/usb.o
                0x0000000008000b9c                tableInit
 .text.ep_init  0x0000000008000bd4       0x50 ./src/usb.o
                0x0000000008000bd4                ep_init
 .text.USB_LP_CAN1_RX0_IRQHandler
                0x0000000008000c24       0x70 ./src/usb.o
                0x0000000008000c24                USB_LP_CAN1_RX0_IRQHandler
 .text.USB_HP_CAN1_TX_IRQHandler
                0x0000000008000c94       0x24 ./src/usb.o
                0x0000000008000c94                USB_HP_CAN1_TX_IRQHandler
 .text.getCommBuff
                0x0000000008000cb8       0x2c ./src/usbcore.o
                0x0000000008000cb8                getCommBuff
 .text.getCommCount
                0x0000000008000ce4        0xc ./src/usbcore.o
                0x0000000008000ce4                getCommCount
 .text.usb_reset_int
                0x0000000008000cf0       0x34 ./src/usbcore.o
                0x0000000008000cf0                usb_reset_int
 .text.usb_esof_int
                0x0000000008000d24        0x2 ./src/usbcore.o
                0x0000000008000d24                usb_esof_int
 .text.usb_sof_int
                0x0000000008000d26        0x2 ./src/usbcore.o
                0x0000000008000d26                usb_sof_int
 .text.usb_err_int
                0x0000000008000d28        0x2 ./src/usbcore.o
                0x0000000008000d28                usb_err_int
 .text.usb_pma_int
                0x0000000008000d2a        0x2 ./src/usbcore.o
                0x0000000008000d2a                usb_pma_int
 .text.post0tx  0x0000000008000d2c       0x30 ./src/usbcore.o
                0x0000000008000d2c                post0tx
 .text.getDescriptor
                0x0000000008000d5c       0x48 ./src/usbcore.o
                0x0000000008000d5c                getDescriptor
 .text.getdsc   0x0000000008000da4       0x20 ./src/usbcore.o
                0x0000000008000da4                getdsc
 .text.getDesc  0x0000000008000dc4       0x3c ./src/usbcore.o
                0x0000000008000dc4                getDesc
 .text.getConfig
                0x0000000008000e00       0x3c ./src/usbcore.o
                0x0000000008000e00                getConfig
 .text.getStatus
                0x0000000008000e3c       0x3c ./src/usbcore.o
                0x0000000008000e3c                getStatus
 .text.setConfig
                0x0000000008000e78       0x20 ./src/usbcore.o
                0x0000000008000e78                setConfig
 .text.setup_process
                0x0000000008000e98      0x190 ./src/usbcore.o
                0x0000000008000e98                setup_process
 .text.EP0Interrupt
                0x0000000008001028      0x108 ./src/usbcore.o
                0x0000000008001028                EP0Interrupt
 .text.usb_ctr_int
                0x0000000008001130       0x9c ./src/usbcore.o
                0x0000000008001130                usb_ctr_int
 *(.rodata .rodata.* .constdata .constdata.*)
 .rodata.StringProduct
                0x00000000080011cc       0x34 ./src/descriptor.o
                0x00000000080011cc                StringProduct
 .rodata.StringSerial
                0x0000000008001200       0x1a ./src/descriptor.o
                0x0000000008001200                StringSerial
 .rodata.StringLangID
                0x000000000800121a        0x4 ./src/descriptor.o
                0x000000000800121a                StringLangID
 .rodata.ConfigDescriptor
                0x000000000800121e       0x43 ./src/descriptor.o
                0x000000000800121e                ConfigDescriptor
 .rodata.StringVendor
                0x0000000008001261       0x18 ./src/descriptor.o
                0x0000000008001261                StringVendor
 .rodata.DeviceDescriptor
                0x0000000008001279       0x12 ./src/descriptor.o
                0x0000000008001279                DeviceDescriptor
 *fill*         0x000000000800128b        0x1 
 .rodata.initbytes
                0x000000000800128c       0x10 ./src/disp.o
 .rodata.pwidth
                0x000000000800129c        0x6 ./src/disp.o
 .rodata.str1.1
                0x00000000080012a2       0x38 ./src/main.o
 *(vtable)
 *(.eh_frame*)
 *(.glue_7)
 .glue_7        0x00000000080012da        0x0 linker stubs
 *(.glue_7t)
 .glue_7t       0x00000000080012da        0x0 linker stubs

.vfp11_veneer   0x00000000080012dc        0x0
 .vfp11_veneer  0x00000000080012dc        0x0 linker stubs

.v4_bx          0x00000000080012dc        0x0
 .v4_bx         0x00000000080012dc        0x0 linker stubs

.iplt           0x00000000080012dc        0x0
 .iplt          0x00000000080012dc        0x0 ./system/src/stm32f1-stdperiph/misc.o

.rel.dyn        0x00000000080012dc        0x0
 .rel.iplt      0x00000000080012dc        0x0 ./system/src/stm32f1-stdperiph/misc.o

.ARM.extab
 *(.ARM.extab* .gnu.linkonce.armextab.*)
                0x00000000080012dc                . = ALIGN (0x4)
                0x00000000080012dc                __exidx_start = .

.ARM.exidx
 *(.ARM.exidx* .gnu.linkonce.armexidx.*)
                0x00000000080012dc                __exidx_end = .
                0x00000000080012dc                . = ALIGN (0x4)
                0x00000000080012dc                _etext = .
                0x00000000080012dc                __etext = .

.data_CCMRAM    0x0000000000000000        0x0 load address 0x00000000080012dc
 FILL mask 0xff
 *(.data.CCMRAM .data.CCMRAM.*)
                0x0000000000000000                . = ALIGN (0x4)
                0x00000000080012dc                _sidata = LOADADDR (.data)

.data           0x0000000020000000       0x34 load address 0x00000000080012dc
 FILL mask 0xff
                0x0000000020000000                _sdata = .
                0x0000000020000000                __data_start__ = .
 *(.data_begin .data_begin.*)
 *(.data .data.*)
 .data.argv.4290
                0x0000000020000000        0x8 ./system/src/newlib/_syscalls.o
 .data.AHBPrescTable
                0x0000000020000008       0x10 ./system/src/cmsis/system_stm32f10x.o
                0x0000000020000008                AHBPrescTable
 .data.SystemCoreClock
                0x0000000020000018        0x4 ./system/src/cmsis/system_stm32f10x.o
                0x0000000020000018                SystemCoreClock
 .data.table    0x000000002000001c        0x4 ./src/usb.o
                0x000000002000001c                table
 .data.PBuffer  0x0000000020000020        0x4 ./src/usb.o
                0x0000000020000020                PBuffer
 .data.strdesc  0x0000000020000024       0x10 ./src/usbcore.o
                0x0000000020000024                strdesc
 *(.data_end .data_end.*)
                0x0000000020000034                . = ALIGN (0x4)
                0x0000000020000034                _edata = .
                0x0000000020000034                __data_end__ = .

.igot.plt       0x0000000020000034        0x0 load address 0x0000000008001310
 .igot.plt      0x0000000020000034        0x0 ./system/src/stm32f1-stdperiph/misc.o

.bss_CCMRAM     0x0000000000000000        0x0
 *(.bss.CCMRAM .bss.CCMRAM.*)

.bss            0x0000000020000034       0xf8
                0x0000000020000034                __bss_start__ = .
                0x0000000020000034                _sbss = .
 *(.bss_begin .bss_begin.*)
 *(.bss .bss.*)
 .bss.name.4289
                0x0000000020000034        0x1 ./system/src/newlib/_syscalls.o
 *fill*         0x0000000020000035        0x3 
 .bss.sysTimeUp
                0x0000000020000038        0x4 ./src_lib/delay.o
 .bss.myDelayTicks
                0x000000002000003c        0x4 ./src_lib/delay.o
 .bss.hinx      0x0000000020000040        0x1 ./src/disp.o
 *fill*         0x0000000020000041        0x1 
 .bss.charbuf   0x0000000020000042       0xa0 ./src/disp.o
 .bss.tinx      0x00000000200000e2        0x1 ./src/disp.o
 .bss.fl        0x00000000200000e3        0x1 ./src/disp.o
 .bss.readData  0x00000000200000e4        0xc ./src/usbcore.o
 .bss.writeData
                0x00000000200000f0        0xc ./src/usbcore.o
 .bss.readBuf   0x00000000200000fc       0x10 ./src/usbcore.o
 .bss.DeviceAddress
                0x000000002000010c        0x2 ./src/usbcore.o
 .bss.bmap      0x000000002000010e        0x2 ./src/usbcore.o
 .bss.saveRXst  0x0000000020000110        0x2 ./src/usbcore.o
 .bss.saveTXst  0x0000000020000112        0x2 ./src/usbcore.o
 .bss.readcount
                0x0000000020000114        0x1 ./src/usbcore.o
 *(COMMON)
 COMMON         0x0000000020000115        0x1 ./src_lib/delay.o
                0x0000000020000115                denois
 COMMON         0x0000000020000116        0x2 ./src/hw_init.o
                0x0000000020000116                key
                0x0000000020000117                usbconn
 COMMON         0x0000000020000118        0x2 ./src/usb.o
                0x0000000020000118                intStat
 COMMON         0x000000002000011a       0x10 ./src/usbcore.o
                0x000000002000011a                linecoding
                0x0000000020000122                reqBuf
 *(.bss_end .bss_end.*)
                0x000000002000012c                . = ALIGN (0x4)
 *fill*         0x000000002000012a        0x2 
                0x000000002000012c                __bss_end__ = .
                0x000000002000012c                _ebss = .

.noinit_CCMRAM
 *(.noinit.CCMRAM .noinit.CCMRAM.*)

.noinit         0x000000002000012c        0x0
                0x000000002000012c                _noinit = .
 *(.noinit .noinit.*)
                0x000000002000012c                . = ALIGN (0x4)
                0x000000002000012c                _end_noinit = .
                [!provide]                        PROVIDE (end, _end_noinit)
                [!provide]                        PROVIDE (_end, _end_noinit)
                [!provide]                        PROVIDE (__end, _end_noinit)
                [!provide]                        PROVIDE (__end__, _end_noinit)

._check_stack   0x000000002000012c      0x100
                0x000000002000022c                . = (. + _Minimum_Stack_Size)
 *fill*         0x000000002000012c      0x100 

.b1text
 *(.b1text)
 *(.b1rodata)
 *(.b1rodata.*)

.eb0text
 *(.eb0text)
 *(.eb0rodata)
 *(.eb0rodata.*)

.eb1text
 *(.eb1text)
 *(.eb1rodata)
 *(.eb1rodata.*)

.eb2text
 *(.eb2text)
 *(.eb2rodata)
 *(.eb2rodata.*)

.eb3text
 *(.eb3text)
 *(.eb3rodata)
 *(.eb3rodata.*)

.stab
 *(.stab)

.stabstr
 *(.stabstr)

.stab.excl
 *(.stab.excl)

.stab.exclstr
 *(.stab.exclstr)

.stab.index
 *(.stab.index)

.stab.indexstr
 *(.stab.indexstr)

.comment        0x0000000000000000       0x6e
 *(.comment)
 .comment       0x0000000000000000       0x6e ./system/src/stm32f1-stdperiph/misc.o
                                         0x6f (size before relaxing)
 .comment       0x000000000000006e       0x6f ./system/src/stm32f1-stdperiph/stm32f10x_gpio.o
 .comment       0x000000000000006e       0x6f ./system/src/stm32f1-stdperiph/stm32f10x_rcc.o
 .comment       0x000000000000006e       0x6f ./system/src/newlib/_exit.o
 .comment       0x000000000000006e       0x6f ./system/src/newlib/_startup.o
 .comment       0x000000000000006e       0x6f ./system/src/newlib/_syscalls.o
 .comment       0x000000000000006e       0x6f ./system/src/cortexm/_initialize_hardware.o
 .comment       0x000000000000006e       0x6f ./system/src/cortexm/_reset_hardware.o
 .comment       0x000000000000006e       0x6f ./system/src/cortexm/exception_handlers.o
 .comment       0x000000000000006e       0x6f ./system/src/cmsis/system_stm32f10x.o
 .comment       0x000000000000006e       0x6f ./system/src/cmsis/vectors_stm32f10x.o
 .comment       0x000000000000006e       0x6f ./src_lib/delay.o
 .comment       0x000000000000006e       0x6f ./src/descriptor.o
 .comment       0x000000000000006e       0x6f ./src/disp.o
 .comment       0x000000000000006e       0x6f ./src/hw_init.o
 .comment       0x000000000000006e       0x6f ./src/main.o
 .comment       0x000000000000006e       0x6f ./src/usb.o
 .comment       0x000000000000006e       0x6f ./src/usbcore.o

.ARM.attributes
                0x0000000000000000       0x33
 .ARM.attributes
                0x0000000000000000       0x33 ./system/src/stm32f1-stdperiph/misc.o
 .ARM.attributes
                0x0000000000000033       0x33 ./system/src/stm32f1-stdperiph/stm32f10x_gpio.o
 .ARM.attributes
                0x0000000000000066       0x33 ./system/src/stm32f1-stdperiph/stm32f10x_rcc.o
 .ARM.attributes
                0x0000000000000099       0x33 ./system/src/newlib/_exit.o
 .ARM.attributes
                0x00000000000000cc       0x33 ./system/src/newlib/_startup.o
 .ARM.attributes
                0x00000000000000ff       0x33 ./system/src/newlib/_syscalls.o
 .ARM.attributes
                0x0000000000000132       0x33 ./system/src/cortexm/_initialize_hardware.o
 .ARM.attributes
                0x0000000000000165       0x33 ./system/src/cortexm/_reset_hardware.o
 .ARM.attributes
                0x0000000000000198       0x33 ./system/src/cortexm/exception_handlers.o
 .ARM.attributes
                0x00000000000001cb       0x33 ./system/src/cmsis/system_stm32f10x.o
 .ARM.attributes
                0x00000000000001fe       0x33 ./system/src/cmsis/vectors_stm32f10x.o
 .ARM.attributes
                0x0000000000000231       0x33 ./src_lib/delay.o
 .ARM.attributes
                0x0000000000000264       0x33 ./src/descriptor.o
 .ARM.attributes
                0x0000000000000297       0x33 ./src/disp.o
 .ARM.attributes
                0x00000000000002ca       0x33 ./src/hw_init.o
 .ARM.attributes
                0x00000000000002fd       0x33 ./src/main.o
 .ARM.attributes
                0x0000000000000330       0x33 ./src/usb.o
 .ARM.attributes
                0x0000000000000363       0x33 ./src/usbcore.o

.debug
 *(.debug)

.line
 *(.line)

.debug_srcinfo
 *(.debug_srcinfo)

.debug_sfnames
 *(.debug_sfnames)

.debug_aranges  0x0000000000000000      0x620
 *(.debug_aranges)
 .debug_aranges
                0x0000000000000000       0x40 ./system/src/stm32f1-stdperiph/misc.o
 .debug_aranges
                0x0000000000000040       0xa8 ./system/src/stm32f1-stdperiph/stm32f10x_gpio.o
 .debug_aranges
                0x00000000000000e8      0x118 ./system/src/stm32f1-stdperiph/stm32f10x_rcc.o
 .debug_aranges
                0x0000000000000200       0x28 ./system/src/newlib/_exit.o
 .debug_aranges
                0x0000000000000228       0x40 ./system/src/newlib/_startup.o
 .debug_aranges
                0x0000000000000268       0x30 ./system/src/newlib/_syscalls.o
 .debug_aranges
                0x0000000000000298       0x28 ./system/src/cortexm/_initialize_hardware.o
 .debug_aranges
                0x00000000000002c0       0x20 ./system/src/cortexm/_reset_hardware.o
 .debug_aranges
                0x00000000000002e0       0x80 ./system/src/cortexm/exception_handlers.o
 .debug_aranges
                0x0000000000000360       0x28 ./system/src/cmsis/system_stm32f10x.o
 .debug_aranges
                0x0000000000000388       0x20 ./system/src/cmsis/vectors_stm32f10x.o
 .debug_aranges
                0x00000000000003a8       0x40 ./src_lib/delay.o
 .debug_aranges
                0x00000000000003e8       0x18 ./src/descriptor.o
 .debug_aranges
                0x0000000000000400       0x58 ./src/disp.o
 .debug_aranges
                0x0000000000000458       0x38 ./src/hw_init.o
 .debug_aranges
                0x0000000000000490       0x28 ./src/main.o
 .debug_aranges
                0x00000000000004b8       0xd8 ./src/usb.o
 .debug_aranges
                0x0000000000000590       0x90 ./src/usbcore.o

.debug_pubnames
 *(.debug_pubnames)

.debug_info     0x0000000000000000     0x5f75
 *(.debug_info .gnu.linkonce.wi.*)
 .debug_info    0x0000000000000000      0x53d ./system/src/stm32f1-stdperiph/misc.o
 .debug_info    0x000000000000053d      0x7c7 ./system/src/stm32f1-stdperiph/stm32f10x_gpio.o
 .debug_info    0x0000000000000d04      0x8af ./system/src/stm32f1-stdperiph/stm32f10x_rcc.o
 .debug_info    0x00000000000015b3      0x104 ./system/src/newlib/_exit.o
 .debug_info    0x00000000000016b7      0x3f2 ./system/src/newlib/_startup.o
 .debug_info    0x0000000000001aa9      0x1c3 ./system/src/newlib/_syscalls.o
 .debug_info    0x0000000000001c6c      0x2ad ./system/src/cortexm/_initialize_hardware.o
 .debug_info    0x0000000000001f19      0x2bf ./system/src/cortexm/_reset_hardware.o
 .debug_info    0x00000000000021d8      0x264 ./system/src/cortexm/exception_handlers.o
 .debug_info    0x000000000000243c      0x49c ./system/src/cmsis/system_stm32f10x.o
 .debug_info    0x00000000000028d8       0xcd ./system/src/cmsis/vectors_stm32f10x.o
 .debug_info    0x00000000000029a5      0x66e ./src_lib/delay.o
 .debug_info    0x0000000000003013      0x17b ./src/descriptor.o
 .debug_info    0x000000000000318e      0x955 ./src/disp.o
 .debug_info    0x0000000000003ae3      0x9f9 ./src/hw_init.o
 .debug_info    0x00000000000044dc      0x3d7 ./src/main.o
 .debug_info    0x00000000000048b3      0xb9c ./src/usb.o
 .debug_info    0x000000000000544f      0xb26 ./src/usbcore.o

.debug_abbrev   0x0000000000000000     0x1b3a
 *(.debug_abbrev)
 .debug_abbrev  0x0000000000000000      0x158 ./system/src/stm32f1-stdperiph/misc.o
 .debug_abbrev  0x0000000000000158      0x200 ./system/src/stm32f1-stdperiph/stm32f10x_gpio.o
 .debug_abbrev  0x0000000000000358      0x1e4 ./system/src/stm32f1-stdperiph/stm32f10x_rcc.o
 .debug_abbrev  0x000000000000053c       0xbb ./system/src/newlib/_exit.o
 .debug_abbrev  0x00000000000005f7      0x19e ./system/src/newlib/_startup.o
 .debug_abbrev  0x0000000000000795       0xe9 ./system/src/newlib/_syscalls.o
 .debug_abbrev  0x000000000000087e       0xf5 ./system/src/cortexm/_initialize_hardware.o
 .debug_abbrev  0x0000000000000973       0xfc ./system/src/cortexm/_reset_hardware.o
 .debug_abbrev  0x0000000000000a6f       0xdc ./system/src/cortexm/exception_handlers.o
 .debug_abbrev  0x0000000000000b4b      0x170 ./system/src/cmsis/system_stm32f10x.o
 .debug_abbrev  0x0000000000000cbb       0x9a ./system/src/cmsis/vectors_stm32f10x.o
 .debug_abbrev  0x0000000000000d55      0x1ca ./src_lib/delay.o
 .debug_abbrev  0x0000000000000f1f       0x75 ./src/descriptor.o
 .debug_abbrev  0x0000000000000f94      0x269 ./src/disp.o
 .debug_abbrev  0x00000000000011fd      0x24a ./src/hw_init.o
 .debug_abbrev  0x0000000000001447      0x153 ./src/main.o
 .debug_abbrev  0x000000000000159a      0x2ca ./src/usb.o
 .debug_abbrev  0x0000000000001864      0x2d6 ./src/usbcore.o

.debug_line     0x0000000000000000     0x1dbc
 *(.debug_line)
 .debug_line    0x0000000000000000      0x181 ./system/src/stm32f1-stdperiph/misc.o
 .debug_line    0x0000000000000181      0x2ed ./system/src/stm32f1-stdperiph/stm32f10x_gpio.o
 .debug_line    0x000000000000046e      0x3c3 ./system/src/stm32f1-stdperiph/stm32f10x_rcc.o
 .debug_line    0x0000000000000831      0x117 ./system/src/newlib/_exit.o
 .debug_line    0x0000000000000948      0x100 ./system/src/newlib/_startup.o
 .debug_line    0x0000000000000a48      0x132 ./system/src/newlib/_syscalls.o
 .debug_line    0x0000000000000b7a      0x107 ./system/src/cortexm/_initialize_hardware.o
 .debug_line    0x0000000000000c81      0x100 ./system/src/cortexm/_reset_hardware.o
 .debug_line    0x0000000000000d81      0x139 ./system/src/cortexm/exception_handlers.o
 .debug_line    0x0000000000000eba      0x139 ./system/src/cmsis/system_stm32f10x.o
 .debug_line    0x0000000000000ff3       0x58 ./system/src/cmsis/vectors_stm32f10x.o
 .debug_line    0x000000000000104b      0x19e ./src_lib/delay.o
 .debug_line    0x00000000000011e9       0xb6 ./src/descriptor.o
 .debug_line    0x000000000000129f      0x212 ./src/disp.o
 .debug_line    0x00000000000014b1      0x1a1 ./src/hw_init.o
 .debug_line    0x0000000000001652      0x1b6 ./src/main.o
 .debug_line    0x0000000000001808      0x2ff ./src/usb.o
 .debug_line    0x0000000000001b07      0x2b5 ./src/usbcore.o

.debug_frame    0x0000000000000000      0xc84
 *(.debug_frame)
 .debug_frame   0x0000000000000000       0x68 ./system/src/stm32f1-stdperiph/misc.o
 .debug_frame   0x0000000000000068      0x170 ./system/src/stm32f1-stdperiph/stm32f10x_gpio.o
 .debug_frame   0x00000000000001d8      0x220 ./system/src/stm32f1-stdperiph/stm32f10x_rcc.o
 .debug_frame   0x00000000000003f8       0x40 ./system/src/newlib/_exit.o
 .debug_frame   0x0000000000000438       0x80 ./system/src/newlib/_startup.o
 .debug_frame   0x00000000000004b8       0x50 ./system/src/newlib/_syscalls.o
 .debug_frame   0x0000000000000508       0x38 ./system/src/cortexm/_initialize_hardware.o
 .debug_frame   0x0000000000000540       0x20 ./system/src/cortexm/_reset_hardware.o
 .debug_frame   0x0000000000000560       0xe0 ./system/src/cortexm/exception_handlers.o
 .debug_frame   0x0000000000000640       0x3c ./system/src/cmsis/system_stm32f10x.o
 .debug_frame   0x000000000000067c       0x20 ./system/src/cmsis/vectors_stm32f10x.o
 .debug_frame   0x000000000000069c       0x68 ./src_lib/delay.o
 .debug_frame   0x0000000000000704       0xd0 ./src/disp.o
 .debug_frame   0x00000000000007d4       0x64 ./src/hw_init.o
 .debug_frame   0x0000000000000838       0x38 ./src/main.o
 .debug_frame   0x0000000000000870      0x1e8 ./src/usb.o
 .debug_frame   0x0000000000000a58      0x22c ./src/usbcore.o

.debug_str      0x0000000000000000     0x197b
 *(.debug_str)
 .debug_str     0x0000000000000000      0x3cf ./system/src/stm32f1-stdperiph/misc.o
                                        0x41c (size before relaxing)
 .debug_str     0x00000000000003cf      0x39c ./system/src/stm32f1-stdperiph/stm32f10x_gpio.o
                                        0x583 (size before relaxing)
 .debug_str     0x000000000000076b      0x42a ./system/src/stm32f1-stdperiph/stm32f10x_rcc.o
                                        0x66d (size before relaxing)
 .debug_str     0x0000000000000b95       0x56 ./system/src/newlib/_exit.o
                                        0x1ea (size before relaxing)
 .debug_str     0x0000000000000beb      0x16d ./system/src/newlib/_startup.o
                                        0x32f (size before relaxing)
 .debug_str     0x0000000000000d58       0x5c ./system/src/newlib/_syscalls.o
                                        0x21f (size before relaxing)
 .debug_str     0x0000000000000db4       0x5e ./system/src/cortexm/_initialize_hardware.o
                                        0x2a3 (size before relaxing)
 .debug_str     0x0000000000000e12       0x45 ./system/src/cortexm/_reset_hardware.o
                                        0x269 (size before relaxing)
 .debug_str     0x0000000000000e57      0x11f ./system/src/cortexm/exception_handlers.o
                                        0x2dd (size before relaxing)
 .debug_str     0x0000000000000f76       0x77 ./system/src/cmsis/system_stm32f10x.o
                                        0x337 (size before relaxing)
 .debug_str     0x0000000000000fed       0x57 ./system/src/cmsis/vectors_stm32f10x.o
                                        0x1e6 (size before relaxing)
 .debug_str     0x0000000000001044      0x37f ./src_lib/delay.o
                                        0x63f (size before relaxing)
 .debug_str     0x00000000000013c3       0x6b ./src/descriptor.o
                                        0x217 (size before relaxing)
 .debug_str     0x000000000000142e      0x169 ./src/disp.o
                                        0x6c1 (size before relaxing)
 .debug_str     0x0000000000001597       0x67 ./src/hw_init.o
                                        0x7d1 (size before relaxing)
 .debug_str     0x00000000000015fe       0x6e ./src/main.o
                                        0x2b4 (size before relaxing)
 .debug_str     0x000000000000166c      0x1da ./src/usb.o
                                        0x71c (size before relaxing)
 .debug_str     0x0000000000001846      0x135 ./src/usbcore.o
                                        0x457 (size before relaxing)

.debug_loc      0x0000000000000000     0x1c6e
 *(.debug_loc)
 .debug_loc     0x0000000000000000      0x161 ./system/src/stm32f1-stdperiph/misc.o
 .debug_loc     0x0000000000000161      0x4ed ./system/src/stm32f1-stdperiph/stm32f10x_gpio.o
 .debug_loc     0x000000000000064e      0x672 ./system/src/stm32f1-stdperiph/stm32f10x_rcc.o
 .debug_loc     0x0000000000000cc0       0x21 ./system/src/newlib/_exit.o
 .debug_loc     0x0000000000000ce1      0x234 ./system/src/newlib/_startup.o
 .debug_loc     0x0000000000000f15       0x63 ./system/src/newlib/_syscalls.o
 .debug_loc     0x0000000000000f78       0x99 ./system/src/cmsis/system_stm32f10x.o
 .debug_loc     0x0000000000001011       0x88 ./src_lib/delay.o
 .debug_loc     0x0000000000001099      0x18a ./src/disp.o
 .debug_loc     0x0000000000001223       0xf0 ./src/hw_init.o
 .debug_loc     0x0000000000001313       0x60 ./src/main.o
 .debug_loc     0x0000000000001373      0x666 ./src/usb.o
 .debug_loc     0x00000000000019d9      0x295 ./src/usbcore.o

.debug_macinfo
 *(.debug_macinfo)

.debug_weaknames
 *(.debug_weaknames)

.debug_funcnames
 *(.debug_funcnames)

.debug_typenames
 *(.debug_typenames)

.debug_varnames
 *(.debug_varnames)
OUTPUT(tstusb.elf elf32-littlearm)

.debug_ranges   0x0000000000000000      0x620
 .debug_ranges  0x0000000000000000       0x30 ./system/src/stm32f1-stdperiph/misc.o
 .debug_ranges  0x0000000000000030       0x98 ./system/src/stm32f1-stdperiph/stm32f10x_gpio.o
 .debug_ranges  0x00000000000000c8      0x108 ./system/src/stm32f1-stdperiph/stm32f10x_rcc.o
 .debug_ranges  0x00000000000001d0       0x18 ./system/src/newlib/_exit.o
 .debug_ranges  0x00000000000001e8       0x48 ./system/src/newlib/_startup.o
 .debug_ranges  0x0000000000000230       0x20 ./system/src/newlib/_syscalls.o
 .debug_ranges  0x0000000000000250       0x18 ./system/src/cortexm/_initialize_hardware.o
 .debug_ranges  0x0000000000000268       0x10 ./system/src/cortexm/_reset_hardware.o
 .debug_ranges  0x0000000000000278       0x70 ./system/src/cortexm/exception_handlers.o
 .debug_ranges  0x00000000000002e8       0x30 ./system/src/cmsis/system_stm32f10x.o
 .debug_ranges  0x0000000000000318       0x10 ./system/src/cmsis/vectors_stm32f10x.o
 .debug_ranges  0x0000000000000328       0x60 ./src_lib/delay.o
 .debug_ranges  0x0000000000000388       0x80 ./src/disp.o
 .debug_ranges  0x0000000000000408       0x88 ./src/hw_init.o
 .debug_ranges  0x0000000000000490       0x18 ./src/main.o
 .debug_ranges  0x00000000000004a8       0xe0 ./src/usb.o
 .debug_ranges  0x0000000000000588       0x98 ./src/usbcore.o
